Archive member included because of file (symbol)

C:\Users\aluno\Desktop\ec_020\source-code-for-LPC17xx-examples\CMSISv1p30_LPC17xx\Debug\libCMSISv1p30_LPC17xx.a(system_LPC17xx.o)
                              ./cr_startup_lpc17.o (SystemInit)
C:\Users\aluno\Desktop\ec_020\source-code-for-LPC17xx-examples\FreeRTOS_Source\Debug\libFreeRTOS_Library.a(port.o)
                              ./cr_startup_lpc17.o (vPortSVCHandler)
C:\Users\aluno\Desktop\ec_020\source-code-for-LPC17xx-examples\FreeRTOS_Source\Debug\libFreeRTOS_Library.a(basic_io.o)
                              ./main.o (vPrintString)
C:\Users\aluno\Desktop\ec_020\source-code-for-LPC17xx-examples\FreeRTOS_Source\Debug\libFreeRTOS_Library.a(consoleprint.o)
                              C:\Users\aluno\Desktop\ec_020\source-code-for-LPC17xx-examples\FreeRTOS_Source\Debug\libFreeRTOS_Library.a(basic_io.o) (consoleprint)
C:\Users\aluno\Desktop\ec_020\source-code-for-LPC17xx-examples\FreeRTOS_Source\Debug\libFreeRTOS_Library.a(queue.o)
                              ./main.o (xQueueCreate)
C:\Users\aluno\Desktop\ec_020\source-code-for-LPC17xx-examples\FreeRTOS_Source\Debug\libFreeRTOS_Library.a(tasks.o)
                              ./main.o (xTaskGenericCreate)
C:\Users\aluno\Desktop\ec_020\source-code-for-LPC17xx-examples\FreeRTOS_Source\Debug\libFreeRTOS_Library.a(heap_2.o)
                              C:\Users\aluno\Desktop\ec_020\source-code-for-LPC17xx-examples\FreeRTOS_Source\Debug\libFreeRTOS_Library.a(queue.o) (pvPortMalloc)
C:\Users\aluno\Desktop\ec_020\source-code-for-LPC17xx-examples\FreeRTOS_Source\Debug\libFreeRTOS_Library.a(list.o)
                              C:\Users\aluno\Desktop\ec_020\source-code-for-LPC17xx-examples\FreeRTOS_Source\Debug\libFreeRTOS_Library.a(queue.o) (vListInitialise)
C:\Users\aluno\Desktop\ec_020\Lib_EaBaseBoard\Debug\libLib_EaBaseBoard.a(light.o)
                              ./Sensor.o (light_enable)
C:\Users\aluno\Desktop\ec_020\Lib_EaBaseBoard\Debug\libLib_EaBaseBoard.a(oled.o)
                              ./main.o (oled_init)
C:\Users\aluno\Desktop\ec_020\Lib_EaBaseBoard\Debug\libLib_EaBaseBoard.a(font5x7.o)
                              C:\Users\aluno\Desktop\ec_020\Lib_EaBaseBoard\Debug\libLib_EaBaseBoard.a(oled.o) (font5x7)
C:\Users\aluno\Desktop\ec_020\Lib_MCU\Debug\libLib_MCU.a(lpc17xx_gpio.o)
                              C:\Users\aluno\Desktop\ec_020\Lib_EaBaseBoard\Debug\libLib_EaBaseBoard.a(oled.o) (GPIO_SetDir)
C:\Users\aluno\Desktop\ec_020\Lib_MCU\Debug\libLib_MCU.a(lpc17xx_i2c.o)
                              ./main.o (I2C_Init)
C:\Users\aluno\Desktop\ec_020\Lib_MCU\Debug\libLib_MCU.a(lpc17xx_libcfg_default.o)
                              C:\Users\aluno\Desktop\ec_020\Lib_MCU\Debug\libLib_MCU.a(lpc17xx_i2c.o) (check_failed)
C:\Users\aluno\Desktop\ec_020\Lib_MCU\Debug\libLib_MCU.a(lpc17xx_pinsel.o)
                              ./main.o (PINSEL_ConfigPin)
C:\Users\aluno\Desktop\ec_020\Lib_MCU\Debug\libLib_MCU.a(lpc17xx_ssp.o)
                              ./main.o (SSP_Init)
C:\Users\aluno\Desktop\ec_020\Lib_MCU\Debug\libLib_MCU.a(lpc17xx_clkpwr.o)
                              C:\Users\aluno\Desktop\ec_020\Lib_MCU\Debug\libLib_MCU.a(lpc17xx_i2c.o) (CLKPWR_SetPCLKDiv)
c:/nxp/lpcxpresso_5.2.6_2137/lpcxpresso/tools/bin/../lib/gcc/arm-none-eabi/4.6.2/../../../../arm-none-eabi/lib/armv7-m\libcr_semihost.a(__sys_write.o)
                              C:\Users\aluno\Desktop\ec_020\source-code-for-LPC17xx-examples\FreeRTOS_Source\Debug\libFreeRTOS_Library.a(consoleprint.o) (__write)
c:/nxp/lpcxpresso_5.2.6_2137/lpcxpresso/tools/bin/../lib/gcc/arm-none-eabi/4.6.2/../../../../arm-none-eabi/lib/armv7-m\libcr_semihost.a(_cr__main.o)
                              ./cr_startup_lpc17.o (__main)
c:/nxp/lpcxpresso_5.2.6_2137/lpcxpresso/tools/bin/../lib/gcc/arm-none-eabi/4.6.2/../../../../arm-none-eabi/lib/armv7-m\libcr_c.a(memcpy.o)
                              C:\Users\aluno\Desktop\ec_020\source-code-for-LPC17xx-examples\FreeRTOS_Source\Debug\libFreeRTOS_Library.a(queue.o) (memcpy)
c:/nxp/lpcxpresso_5.2.6_2137/lpcxpresso/tools/bin/../lib/gcc/arm-none-eabi/4.6.2/../../../../arm-none-eabi/lib/armv7-m\libcr_c.a(memset.o)
                              C:\Users\aluno\Desktop\ec_020\source-code-for-LPC17xx-examples\FreeRTOS_Source\Debug\libFreeRTOS_Library.a(tasks.o) (memset)
c:/nxp/lpcxpresso_5.2.6_2137/lpcxpresso/tools/bin/../lib/gcc/arm-none-eabi/4.6.2/../../../../arm-none-eabi/lib/armv7-m\libcr_c.a(fpprintf.o)
                              C:\Users\aluno\Desktop\ec_020\source-code-for-LPC17xx-examples\FreeRTOS_Source\Debug\libFreeRTOS_Library.a(basic_io.o) (sprintf)
c:/nxp/lpcxpresso_5.2.6_2137/lpcxpresso/tools/bin/../lib/gcc/arm-none-eabi/4.6.2/../../../../arm-none-eabi/lib/armv7-m\libcr_c.a(initio.o)
                              c:/nxp/lpcxpresso_5.2.6_2137/lpcxpresso/tools/bin/../lib/gcc/arm-none-eabi/4.6.2/../../../../arm-none-eabi/lib/armv7-m\libcr_semihost.a(_cr__main.o) (_initio)
[...]
Memory Configuration

Name             Origin             Length             Attributes
MFlash512        0x00000000         0x00080000         xr
RamLoc32         0x10000000         0x00008000         xrw
RamAHB32         0x2007c000         0x00008000         xrw
*default*        0x00000000         0xffffffff

Linker script and memory map

LOAD ./Sensor.o
LOAD ./cr_startup_lpc17.o
LOAD ./main.o
LOAD C:\Users\aluno\Desktop\ec_020\source-code-for-LPC17xx-examples\CMSISv1p30_LPC17xx\Debug\libCMSISv1p30_LPC17xx.a
LOAD C:\Users\aluno\Desktop\ec_020\source-code-for-LPC17xx-examples\FreeRTOS_Source\Debug\libFreeRTOS_Library.a
LOAD C:\Users\aluno\Desktop\ec_020\Lib_CMSISv1p30_LPC17xx\Debug\libLib_CMSISv1p30_LPC17xx.a
LOAD C:\Users\aluno\Desktop\ec_020\Lib_EaBaseBoard\Debug\libLib_EaBaseBoard.a
LOAD C:\Users\aluno\Desktop\ec_020\Lib_MCU\Debug\libLib_MCU.a
START GROUP
LOAD c:/nxp/lpcxpresso_5.2.6_2137/lpcxpresso/tools/bin/../lib/gcc/arm-none-eabi/4.6.2/../../../../arm-none-eabi/lib/armv7-m\libcr_semihost.a
LOAD c:/nxp/lpcxpresso_5.2.6_2137/lpcxpresso/tools/bin/../lib/gcc/arm-none-eabi/4.6.2/../../../../arm-none-eabi/lib/armv7-m\libcr_c.a
LOAD c:/nxp/lpcxpresso_5.2.6_2137/lpcxpresso/tools/bin/../lib/gcc/arm-none-eabi/4.6.2/armv7-m\libcr_eabihelpers.a
END GROUP
                0x00080000                __top_MFlash512 = 0x80000
                0x10008000                __top_RamLoc32 = 0x10008000
                0x20084000                __top_RamAHB32 = 0x20084000

.text           0x00000000     0x7068
 FILL mask 0xff
                0x00000000                __vectors_start__ = ABSOLUTE (.)
 *(.isr_vector)
 .isr_vector    0x00000000       0xcc ./cr_startup_lpc17.o
                0x00000000                g_pfnVectors
                0x000000cc                . = ALIGN (0x4)
                0x000000cc                __section_table_start = .
                0x000000cc                __data_section_table = .
                0x000000cc        0x4 LONG 0x7068 LOADADDR (.data)
                0x000000d0        0x4 LONG 0x10000000 ADDR (.data)
                0x000000d4        0x4 LONG 0x18 SIZEOF (.data)
                0x000000d8        0x4 LONG 0x7068 LOADADDR (.data_RAM2)
                0x000000dc        0x4 LONG 0x2007c000 ADDR (.data_RAM2)
                0x000000e0        0x4 LONG 0x0 SIZEOF (.data_RAM2)
                0x000000e4                __data_section_table_end = .
                0x000000e4                __bss_section_table = .
                0x000000e4        0x4 LONG 0x10000018 ADDR (.bss)
                0x000000e8        0x4 LONG 0x2dec SIZEOF (.bss)
                0x000000ec        0x4 LONG 0x2007c000 ADDR (.bss_RAM2)
                0x000000f0        0x4 LONG 0x0 SIZEOF (.bss_RAM2)
                0x000000f4                __bss_section_table_end = .
                0x000000f4                __section_table_end = .
 *(.after_vectors*)
 *(.text*)
 .text.Sensor_new
                0x000000f4        0xc ./Sensor.o
                0x000000f4                Sensor_new
 .text.Sensor_read
                0x00000100       0x24 ./Sensor.o
                0x00000100                Sensor_read
 .text.ResetISR
                0x00000124       0x68 ./cr_startup_lpc17.o
                0x00000124                ResetISR
 .text.NMI_Handler
                0x0000018c        0x8 ./cr_startup_lpc17.o
                0x0000018c                NMI_Handler
 .text.HardFault_Handler
                0x00000194        0x8 ./cr_startup_lpc17.o
                0x00000194                HardFault_Handler
 .text.MemManage_Handler
                0x0000019c        0x8 ./cr_startup_lpc17.o
                0x0000019c                MemManage_Handler
 .text.BusFault_Handler
                0x000001a4        0x8 ./cr_startup_lpc17.o
                0x000001a4                BusFault_Handler
 .text.UsageFault_Handler
                0x000001ac        0x8 ./cr_startup_lpc17.o
                0x000001ac                UsageFault_Handler
 .text.DebugMon_Handler
                0x000001b4        0x8 ./cr_startup_lpc17.o
                0x000001b4                DebugMon_Handler
 .text.IntDefaultHandler
                0x000001bc        0x8 ./cr_startup_lpc17.o
                0x000001bc                TIMER2_IRQHandler
                0x000001bc                RIT_IRQHandler
                0x000001bc                I2C0_IRQHandler
                0x000001bc                USBActivity_IRQHandler
                0x000001bc                PWM1_IRQHandler
                0x000001bc                I2C1_IRQHandler
                0x000001bc                EINT2_IRQHandler
                0x000001bc                UART1_IRQHandler
                0x000001bc                EINT3_IRQHandler
                0x000001bc                CANActivity_IRQHandler
                0x000001bc                TIMER3_IRQHandler
                0x000001bc                UART0_IRQHandler
                0x000001bc                IntDefaultHandler
                0x000001bc                PLL0_IRQHandler
                0x000001bc                CAN_IRQHandler
                0x000001bc                PLL1_IRQHandler
                0x000001bc                SSP0_IRQHandler
                0x000001bc                I2S_IRQHandler
                0x000001bc                I2C2_IRQHandler
                0x000001bc                RTC_IRQHandler
                0x000001bc                TIMER0_IRQHandler
                0x000001bc                SPI_IRQHandler
                0x000001bc                EINT1_IRQHandler
                0x000001bc                TIMER1_IRQHandler
                0x000001bc                UART2_IRQHandler
                0x000001bc                ADC_IRQHandler
                0x000001bc                SSP1_IRQHandler
                0x000001bc                USB_IRQHandler
                0x000001bc                BOD_IRQHandler
                0x000001bc                WDT_IRQHandler
                0x000001bc                QEI_IRQHandler
                0x000001bc                EINT0_IRQHandler
                0x000001bc                DMA_IRQHandler
                0x000001bc                UART3_IRQHandler
                0x000001bc                MCPWM_IRQHandler
                0x000001bc                ENET_IRQHandler
 .text.intToString
                0x000001c4       0xdc ./main.o
 .text.init_ssp
                0x000002a0       0x98 ./main.o
 .text.init_i2c
                0x00000338       0x5c ./main.o
 .text.main     0x00000394       0xd0 ./main.o
                0x00000394                main
 .text.vSenderTask
                0x00000464       0x4c ./main.o
 .text.vReceiverTask
                0x000004b0       0xc8 ./main.o
 .text.vApplicationMallocFailedHook
                0x00000578        0x8 ./main.o
                0x00000578                vApplicationMallocFailedHook
 .text.vApplicationStackOverflowHook
                0x00000580        0xc ./main.o
                0x00000580                vApplicationStackOverflowHook
 .text.vApplicationIdleHook
                0x0000058c        0xc ./main.o
                0x0000058c                vApplicationIdleHook
 .text.vApplicationTickHook
                0x00000598        0xc ./main.o
                0x00000598                vApplicationTickHook
 .text.SystemInit
                0x000005a4      0x22c C:\Users\aluno\Desktop\ec_020\source-code-for-LPC17xx-examples\CMSISv1p30_LPC17xx\Debug\libCMSISv1p30_LPC17xx.a(system_LPC17xx.o)
                0x000005a4                SystemInit
 .text          0x000007d0      0x154 C:\Users\aluno\Desktop\ec_020\source-code-for-LPC17xx-examples\FreeRTOS_Source\Debug\libFreeRTOS_Library.a(port.o)
                0x000007d0                pxPortInitialiseStack
                0x000007f0                vPortSVCHandler
                0x00000810                vPortStartFirstTask
                0x00000820                xPortStartScheduler
                0x00000870                vPortEndScheduler
                0x00000874                vPortYieldFromISR
                0x00000884                vPortEnterCritical
                0x000008a0                vPortExitCritical
                0x000008bc                xPortPendSVHandler
                0x000008f8                xPortSysTickHandler
 .text          0x00000924       0x54 C:\Users\aluno\Desktop\ec_020\source-code-for-LPC17xx-examples\FreeRTOS_Source\Debug\libFreeRTOS_Library.a(basic_io.o)
                0x00000924                vPrintString
                0x00000948                vPrintStringAndNumber
 .text          0x00000978       0x18 C:\Users\aluno\Desktop\ec_020\source-code-for-LPC17xx-examples\FreeRTOS_Source\Debug\libFreeRTOS_Library.a(consoleprint.o)
                0x00000978                consoleprint
 .text          0x00000990      0x4e4 C:\Users\aluno\Desktop\ec_020\source-code-for-LPC17xx-examples\FreeRTOS_Source\Debug\libFreeRTOS_Library.a(queue.o)
                0x00000a98                xQueueCreate
                0x00000b04                xQueueCreateCountingSemaphore
                0x00000b18                xQueueGenericSend
                0x00000bfc                xQueueCreateMutex
                0x00000c48                xQueueGenericSendFromISR
                0x00000cac                xQueueGenericReceive
                0x00000dc4                xQueueReceiveFromISR
                0x00000e2c                uxQueueMessagesWaiting
                0x00000e40                uxQueueMessagesWaitingFromISR
                0x00000e44                vQueueDelete
                0x00000e58                xQueueIsQueueEmptyFromISR
                0x00000e64                xQueueIsQueueFullFromISR
 .text          0x00000e74      0xca4 C:\Users\aluno\Desktop\ec_020\source-code-for-LPC17xx-examples\FreeRTOS_Source\Debug\libFreeRTOS_Library.a(tasks.o)
                0x00000e74                xTaskGenericCreate
                0x00001074                vTaskDelete
                0x000010f4                uxTaskPriorityGet
                0x00001114                vTaskPrioritySet
                0x000011c8                xTaskIsTaskSuspended
                0x000011f4                vTaskResume
                0x00001270                xTaskResumeFromISR
                0x000012ec                vTaskStartScheduler
                0x00001340                vTaskEndScheduler
                0x00001360                vTaskSuspendAll
                0x00001378                xTaskGetTickCount
                0x00001394                xTaskGetTickCountFromISR
                0x000013a4                uxTaskGetNumberOfTasks
                0x000013b0                vTaskIncrementTick
                0x00001490                xTaskResumeAll
                0x0000160c                vTaskDelay
                0x00001664                vTaskDelayUntil
                0x00001700                vTaskSwitchContext
                0x000017fc                vTaskSuspend
                0x00001888                vTaskPlaceOnEventList
                0x000018f4                xTaskRemoveFromEventList
                0x00001980                vTaskSetTimeOutState
                0x00001998                xTaskCheckForTimeOut
                0x00001a18                vTaskMissedYield
                0x00001a2c                xTaskGetCurrentTaskHandle
                0x00001a38                vTaskPriorityInherit
                0x00001ac4                vTaskPriorityDisinherit
 .text          0x00001b18      0x140 C:\Users\aluno\Desktop\ec_020\source-code-for-LPC17xx-examples\FreeRTOS_Source\Debug\libFreeRTOS_Library.a(heap_2.o)
                0x00001b18                pvPortMalloc
                0x00001c04                vPortFree
                0x00001c48                xPortGetFreeHeapSize
                0x00001c54                vPortInitialiseBlocks
 .text          0x00001c58       0xa4 C:\Users\aluno\Desktop\ec_020\source-code-for-LPC17xx-examples\FreeRTOS_Source\Debug\libFreeRTOS_Library.a(list.o)
                0x00001c58                vListInitialise
                0x00001c70                vListInitialiseItem
                0x00001c78                vListInsertEnd
                0x00001c98                vListInsert
                0x00001cd4                vListRemove
 .text.I2CRead  0x00001cfc       0x5c C:\Users\aluno\Desktop\ec_020\Lib_EaBaseBoard\Debug\libLib_EaBaseBoard.a(light.o)
 .text.I2CWrite
                0x00001d58       0x5c C:\Users\aluno\Desktop\ec_020\Lib_EaBaseBoard\Debug\libLib_EaBaseBoard.a(light.o)
 .text.light_enable
                0x00001db4       0x48 C:\Users\aluno\Desktop\ec_020\Lib_EaBaseBoard\Debug\libLib_EaBaseBoard.a(light.o)
                0x00001db4                light_enable
 .text.light_read
                0x00001dfc       0x90 C:\Users\aluno\Desktop\ec_020\Lib_EaBaseBoard\Debug\libLib_EaBaseBoard.a(light.o)
                0x00001dfc                light_read
 .text.writeCommand
                0x00001e8c       0x60 C:\Users\aluno\Desktop\ec_020\Lib_EaBaseBoard\Debug\libLib_EaBaseBoard.a(oled.o)
 .text.writeData
                0x00001eec       0x60 C:\Users\aluno\Desktop\ec_020\Lib_EaBaseBoard\Debug\libLib_EaBaseBoard.a(oled.o)
 .text.writeDataLen
                0x00001f4c       0x8c C:\Users\aluno\Desktop\ec_020\Lib_EaBaseBoard\Debug\libLib_EaBaseBoard.a(oled.o)
 .text.runInitSequence
                0x00001fd8      0x118 C:\Users\aluno\Desktop\ec_020\Lib_EaBaseBoard\Debug\libLib_EaBaseBoard.a(oled.o)
 .text.hLine    0x000020f0       0x4c C:\Users\aluno\Desktop\ec_020\Lib_EaBaseBoard\Debug\libLib_EaBaseBoard.a(oled.o)
 .text.vLine    0x0000213c       0x4c C:\Users\aluno\Desktop\ec_020\Lib_EaBaseBoard\Debug\libLib_EaBaseBoard.a(oled.o)
 .text.oled_init
                0x00002188       0x9c C:\Users\aluno\Desktop\ec_020\Lib_EaBaseBoard\Debug\libLib_EaBaseBoard.a(oled.o)
                0x00002188                oled_init
 .text.oled_putPixel
                0x00002224      0x188 C:\Users\aluno\Desktop\ec_020\Lib_EaBaseBoard\Debug\libLib_EaBaseBoard.a(oled.o)
                0x00002224                oled_putPixel
 .text.oled_fillRect
                0x000023ac       0x90 C:\Users\aluno\Desktop\ec_020\Lib_EaBaseBoard\Debug\libLib_EaBaseBoard.a(oled.o)
                0x000023ac                oled_fillRect
 .text.oled_clearScreen
                0x0000243c       0x74 C:\Users\aluno\Desktop\ec_020\Lib_EaBaseBoard\Debug\libLib_EaBaseBoard.a(oled.o)
                0x0000243c                oled_clearScreen
 .text.oled_putChar
                0x000024b0       0xf0 C:\Users\aluno\Desktop\ec_020\Lib_EaBaseBoard\Debug\libLib_EaBaseBoard.a(oled.o)
                0x000024b0                oled_putChar
 .text.oled_putString
                0x000025a0       0x54 C:\Users\aluno\Desktop\ec_020\Lib_EaBaseBoard\Debug\libLib_EaBaseBoard.a(oled.o)
                0x000025a0                oled_putString
 .text.GPIO_GetPointer
                0x000025f4       0x7c C:\Users\aluno\Desktop\ec_020\Lib_MCU\Debug\libLib_MCU.a(lpc17xx_gpio.o)
 .text.GPIO_SetDir
                0x00002670       0x54 C:\Users\aluno\Desktop\ec_020\Lib_MCU\Debug\libLib_MCU.a(lpc17xx_gpio.o)
                0x00002670                GPIO_SetDir
 .text.GPIO_SetValue
                0x000026c4       0x2c C:\Users\aluno\Desktop\ec_020\Lib_MCU\Debug\libLib_MCU.a(lpc17xx_gpio.o)
                0x000026c4                GPIO_SetValue
 .text.GPIO_ClearValue
                0x000026f0       0x2c C:\Users\aluno\Desktop\ec_020\Lib_MCU\Debug\libLib_MCU.a(lpc17xx_gpio.o)
                0x000026f0                GPIO_ClearValue
 .text.NVIC_EnableIRQ
                0x0000271c       0x38 C:\Users\aluno\Desktop\ec_020\Lib_MCU\Debug\libLib_MCU.a(lpc17xx_i2c.o)
 .text.NVIC_DisableIRQ
                0x00002754       0x3c C:\Users\aluno\Desktop\ec_020\Lib_MCU\Debug\libLib_MCU.a(lpc17xx_i2c.o)
 .text.I2C_getNum
                0x00002790       0x54 C:\Users\aluno\Desktop\ec_020\Lib_MCU\Debug\libLib_MCU.a(lpc17xx_i2c.o)
 .text.I2C_Start
                0x000027e4       0x44 C:\Users\aluno\Desktop\ec_020\Lib_MCU\Debug\libLib_MCU.a(lpc17xx_i2c.o)
 .text.I2C_Stop
                0x00002828       0x38 C:\Users\aluno\Desktop\ec_020\Lib_MCU\Debug\libLib_MCU.a(lpc17xx_i2c.o)
 .text.I2C_SendByte
                0x00002860       0x50 C:\Users\aluno\Desktop\ec_020\Lib_MCU\Debug\libLib_MCU.a(lpc17xx_i2c.o)
 .text.I2C_GetByte
                0x000028b0       0x5c C:\Users\aluno\Desktop\ec_020\Lib_MCU\Debug\libLib_MCU.a(lpc17xx_i2c.o)
 .text.I2C_IntCmd
                0x0000290c       0xa8 C:\Users\aluno\Desktop\ec_020\Lib_MCU\Debug\libLib_MCU.a(lpc17xx_i2c.o)
                0x0000290c                I2C_IntCmd
 .text.I2C_MasterHandler
                0x000029b4      0x408 C:\Users\aluno\Desktop\ec_020\Lib_MCU\Debug\libLib_MCU.a(lpc17xx_i2c.o)
                0x000029b4                I2C_MasterHandler
 .text.I2C_SetClock
                0x00002dbc       0xc8 C:\Users\aluno\Desktop\ec_020\Lib_MCU\Debug\libLib_MCU.a(lpc17xx_i2c.o)
                0x00002dbc                I2C_SetClock
 .text.I2C_Init
                0x00002e84       0xd8 C:\Users\aluno\Desktop\ec_020\Lib_MCU\Debug\libLib_MCU.a(lpc17xx_i2c.o)
                0x00002e84                I2C_Init
 .text.I2C_Cmd  0x00002f5c       0x84 C:\Users\aluno\Desktop\ec_020\Lib_MCU\Debug\libLib_MCU.a(lpc17xx_i2c.o)
                0x00002f5c                I2C_Cmd
 .text.I2C_MasterTransferData
                0x00002fe0      0x390 C:\Users\aluno\Desktop\ec_020\Lib_MCU\Debug\libLib_MCU.a(lpc17xx_i2c.o)
                0x00002fe0                I2C_MasterTransferData
 .text.check_failed
                0x00003370        0xc C:\Users\aluno\Desktop\ec_020\Lib_MCU\Debug\libLib_MCU.a(lpc17xx_libcfg_default.o)
                0x00003370                check_failed
 .text.PINSEL_SetPinFunc
                0x0000337c       0x9c C:\Users\aluno\Desktop\ec_020\Lib_MCU\Debug\libLib_MCU.a(lpc17xx_pinsel.o)
                0x0000337c                PINSEL_SetPinFunc
 .text.PINSEL_SetResistorMode
                0x00003418       0x9c C:\Users\aluno\Desktop\ec_020\Lib_MCU\Debug\libLib_MCU.a(lpc17xx_pinsel.o)
                0x00003418                PINSEL_SetResistorMode
 .text.PINSEL_SetOpenDrainMode
                0x000034b4       0x7c C:\Users\aluno\Desktop\ec_020\Lib_MCU\Debug\libLib_MCU.a(lpc17xx_pinsel.o)
                0x000034b4                PINSEL_SetOpenDrainMode
 .text.PINSEL_ConfigPin
                0x00003530       0x54 C:\Users\aluno\Desktop\ec_020\Lib_MCU\Debug\libLib_MCU.a(lpc17xx_pinsel.o)
                0x00003530                PINSEL_ConfigPin
 .text.SSP_getNum
                0x00003584       0x40 C:\Users\aluno\Desktop\ec_020\Lib_MCU\Debug\libLib_MCU.a(lpc17xx_ssp.o)
 .text.SSP_IntHandler
                0x000035c4      0x338 C:\Users\aluno\Desktop\ec_020\Lib_MCU\Debug\libLib_MCU.a(lpc17xx_ssp.o)
                0x000035c4                SSP_IntHandler
 .text.SSP_SetClock
                0x000038fc       0xf8 C:\Users\aluno\Desktop\ec_020\Lib_MCU\Debug\libLib_MCU.a(lpc17xx_ssp.o)
                0x000038fc                SSP_SetClock
 .text.SSP_Init
                0x000039f4      0x10c C:\Users\aluno\Desktop\ec_020\Lib_MCU\Debug\libLib_MCU.a(lpc17xx_ssp.o)
                0x000039f4                SSP_Init
 .text.SSP_ConfigStructInit
                0x00003b00       0x48 C:\Users\aluno\Desktop\ec_020\Lib_MCU\Debug\libLib_MCU.a(lpc17xx_ssp.o)
                0x00003b00                SSP_ConfigStructInit
 .text.SSP_Cmd  0x00003b48       0x7c C:\Users\aluno\Desktop\ec_020\Lib_MCU\Debug\libLib_MCU.a(lpc17xx_ssp.o)
                0x00003b48                SSP_Cmd
 .text.SSP_SendData
                0x00003bc4       0x48 C:\Users\aluno\Desktop\ec_020\Lib_MCU\Debug\libLib_MCU.a(lpc17xx_ssp.o)
                0x00003bc4                SSP_SendData
 .text.SSP_ReceiveData
                0x00003c0c       0x44 C:\Users\aluno\Desktop\ec_020\Lib_MCU\Debug\libLib_MCU.a(lpc17xx_ssp.o)
                0x00003c0c                SSP_ReceiveData
 .text.SSP_ReadWrite
                0x00003c50      0x440 C:\Users\aluno\Desktop\ec_020\Lib_MCU\Debug\libLib_MCU.a(lpc17xx_ssp.o)
                0x00003c50                SSP_ReadWrite
 .text.CLKPWR_SetPCLKDiv
                0x00004090       0xcc C:\Users\aluno\Desktop\ec_020\Lib_MCU\Debug\libLib_MCU.a(lpc17xx_clkpwr.o)
                0x00004090                CLKPWR_SetPCLKDiv
 .text.CLKPWR_GetPCLKSEL
                0x0000415c       0x54 C:\Users\aluno\Desktop\ec_020\Lib_MCU\Debug\libLib_MCU.a(lpc17xx_clkpwr.o)
                0x0000415c                CLKPWR_GetPCLKSEL
 .text.CLKPWR_GetPCLK
                0x000041b0       0x74 C:\Users\aluno\Desktop\ec_020\Lib_MCU\Debug\libLib_MCU.a(lpc17xx_clkpwr.o)
                0x000041b0                CLKPWR_GetPCLK
 .text.CLKPWR_ConfigPPWR
                0x00004224       0x78 C:\Users\aluno\Desktop\ec_020\Lib_MCU\Debug\libLib_MCU.a(lpc17xx_clkpwr.o)
                0x00004224                CLKPWR_ConfigPPWR
 .text.__sys_write
                0x0000429c        0xc c:/nxp/lpcxpresso_5.2.6_2137/lpcxpresso/tools/bin/../lib/gcc/arm-none-eabi/4.6.2/../../../../arm-none-eabi/lib/armv7-m\libcr_semihost.a(__sys_write.o)
                0x0000429c                __sys_write
                0x0000429c                __write
 .text.__main   0x000042a8       0x14 c:/nxp/lpcxpresso_5.2.6_2137/lpcxpresso/tools/bin/../lib/gcc/arm-none-eabi/4.6.2/../../../../arm-none-eabi/lib/armv7-m\libcr_semihost.a(_cr__main.o)
                0x000042a8                __CR_SEMIHOST
                0x000042a8                __main
 .text.memcpy   0x000042bc        0x4 c:/nxp/lpcxpresso_5.2.6_2137/lpcxpresso/tools/bin/../lib/gcc/arm-none-eabi/4.6.2/../../../../arm-none-eabi/lib/armv7-m\libcr_c.a(memcpy.o)
                0x000042bc                memcpy
 .text.memset   0x000042c0        0x4 c:/nxp/lpcxpresso_5.2.6_2137/lpcxpresso/tools/bin/../lib/gcc/arm-none-eabi/4.6.2/../../../../arm-none-eabi/lib/armv7-m\libcr_c.a(memset.o)
                0x000042c0                memset
 .text.lose_trailing_zeros
                0x000042c4       0x1e c:/nxp/lpcxpresso_5.2.6_2137/lpcxpresso/tools/bin/../lib/gcc/arm-none-eabi/4.6.2/../../../../arm-none-eabi/lib/armv7-m\libcr_c.a(fpprintf.o)
 .text.fp_round
                0x000042e2       0x54 c:/nxp/lpcxpresso_5.2.6_2137/lpcxpresso/tools/bin/../lib/gcc/arm-none-eabi/4.6.2/../../../../arm-none-eabi/lib/armv7-m\libcr_c.a(fpprintf.o)
 .text.pr_dec.constprop.1
                0x00004336       0x22 c:/nxp/lpcxpresso_5.2.6_2137/lpcxpresso/tools/bin/../lib/gcc/arm-none-eabi/4.6.2/../../../../arm-none-eabi/lib/armv7-m\libcr_c.a(fpprintf.o)
 .text.sprintf  0x00004358       0x70 c:/nxp/lpcxpresso_5.2.6_2137/lpcxpresso/tools/bin/../lib/gcc/arm-none-eabi/4.6.2/../../../../arm-none-eabi/lib/armv7-m\libcr_c.a(fpprintf.o)
                0x00004358                sprintf
 .text.fp_display
                0x000043c8      0x908 c:/nxp/lpcxpresso_5.2.6_2137/lpcxpresso/tools/bin/../lib/gcc/arm-none-eabi/4.6.2/../../../../arm-none-eabi/lib/armv7-m\libcr_c.a(fpprintf.o)
 .text._initio  0x00004cd0       0x9c c:/nxp/lpcxpresso_5.2.6_2137/lpcxpresso/tools/bin/../lib/gcc/arm-none-eabi/4.6.2/../../../../arm-none-eabi/lib/armv7-m\libcr_c.a(initio.o)
                0x00004cd0                _initio
 .text.memcmp   0x00004d6c       0x38 c:/nxp/lpcxpresso_5.2.6_2137/lpcxpresso/tools/bin/../lib/gcc/arm-none-eabi/4.6.2/../../../../arm-none-eabi/lib/armv7-m\libcr_c.a(memcmp.o)
                0x00004d6c                memcmp
 .text.__vfprintf
                0x00004da4      0xd54 c:/nxp/lpcxpresso_5.2.6_2137/lpcxpresso/tools/bin/../lib/gcc/arm-none-eabi/4.6.2/../../../../arm-none-eabi/lib/armv7-m\libcr_c.a(printf.o)
                0x00004da4                __vfprintf
 .text.setvbuf  0x00005af8       0x48 c:/nxp/lpcxpresso_5.2.6_2137/lpcxpresso/tools/bin/../lib/gcc/arm-none-eabi/4.6.2/../../../../arm-none-eabi/lib/armv7-m\libcr_c.a(setvbuf.o)
                0x00005af8                setvbuf
 .text.strcpy   0x00005b40       0x44 c:/nxp/lpcxpresso_5.2.6_2137/lpcxpresso/tools/bin/../lib/gcc/arm-none-eabi/4.6.2/../../../../arm-none-eabi/lib/armv7-m\libcr_c.a(strcpy.o)
                0x00005b40                strcpy
 .text.strlen   0x00005b84       0x4c c:/nxp/lpcxpresso_5.2.6_2137/lpcxpresso/tools/bin/../lib/gcc/arm-none-eabi/4.6.2/../../../../arm-none-eabi/lib/armv7-m\libcr_c.a(strlen.o)
                0x00005b84                strlen
 .text.strncpy  0x00005bd0       0x54 c:/nxp/lpcxpresso_5.2.6_2137/lpcxpresso/tools/bin/../lib/gcc/arm-none-eabi/4.6.2/../../../../arm-none-eabi/lib/armv7-m\libcr_c.a(strncpy.o)
                0x00005bd0                strncpy
 .text._deferredlazyseek
                0x00005c24       0x44 c:/nxp/lpcxpresso_5.2.6_2137/lpcxpresso/tools/bin/../lib/gcc/arm-none-eabi/4.6.2/../../../../arm-none-eabi/lib/armv7-m\libcr_c.a(_deferredlazyseek.o)
                0x00005c24                _deferredlazyseek
 .text.__flsbuf
                0x00005c68      0x14e c:/nxp/lpcxpresso_5.2.6_2137/lpcxpresso/tools/bin/../lib/gcc/arm-none-eabi/4.6.2/../../../../arm-none-eabi/lib/armv7-m\libcr_c.a(_deferredlazyseek.o)
                0x00005c68                __flsbuf
 .text._fdopen  0x00005db6       0x6c c:/nxp/lpcxpresso_5.2.6_2137/lpcxpresso/tools/bin/../lib/gcc/arm-none-eabi/4.6.2/../../../../arm-none-eabi/lib/armv7-m\libcr_c.a(_fdopen.o)
                0x00005db6                _fdopen
 .text._fflush  0x00005e22       0x58 c:/nxp/lpcxpresso_5.2.6_2137/lpcxpresso/tools/bin/../lib/gcc/arm-none-eabi/4.6.2/../../../../arm-none-eabi/lib/armv7-m\libcr_c.a(_fflush.o)
                0x00005e22                _fflush
 .text._frexpl  0x00005e7a       0x60 c:/nxp/lpcxpresso_5.2.6_2137/lpcxpresso/tools/bin/../lib/gcc/arm-none-eabi/4.6.2/../../../../arm-none-eabi/lib/armv7-m\libcr_c.a(_frexpl.o)
                0x00005e7a                _frexpl
 *fill*         0x00005eda        0x2 00
 .text._ldexpl  0x00005edc       0x50 c:/nxp/lpcxpresso_5.2.6_2137/lpcxpresso/tools/bin/../lib/gcc/arm-none-eabi/4.6.2/../../../../arm-none-eabi/lib/armv7-m\libcr_c.a(_ldexpl.o)
                0x00005edc                _ldexpl
 .text._Cwritebuf
                0x00005f2c       0x84 c:/nxp/lpcxpresso_5.2.6_2137/lpcxpresso/tools/bin/../lib/gcc/arm-none-eabi/4.6.2/../../../../arm-none-eabi/lib/armv7-m\libcr_c.a(_writebuf.o)
                0x00005f2c                _Cwritebuf
 .text.malloc   0x00005fb0       0xbc c:/nxp/lpcxpresso_5.2.6_2137/lpcxpresso/tools/bin/../lib/gcc/arm-none-eabi/4.6.2/../../../../arm-none-eabi/lib/armv7-m\libcr_c.a(alloc.o)
                0x00005fb0                malloc
 .text.free     0x0000606c        0xa c:/nxp/lpcxpresso_5.2.6_2137/lpcxpresso/tools/bin/../lib/gcc/arm-none-eabi/4.6.2/../../../../arm-none-eabi/lib/armv7-m\libcr_c.a(alloc.o)
                0x0000606c                free
 *fill*         0x00006076        0x2 00
 .text._Csys_alloc
                0x00006078       0x20 c:/nxp/lpcxpresso_5.2.6_2137/lpcxpresso/tools/bin/../lib/gcc/arm-none-eabi/4.6.2/../../../../arm-none-eabi/lib/armv7-m\libcr_c.a(alloc.o)
                0x00006078                _Csys_alloc
 .text.fclose   0x00006098       0x6c c:/nxp/lpcxpresso_5.2.6_2137/lpcxpresso/tools/bin/../lib/gcc/arm-none-eabi/4.6.2/../../../../arm-none-eabi/lib/armv7-m\libcr_c.a(fclose.o)
                0x00006098                fclose
 .text.fflush   0x00006104       0x34 c:/nxp/lpcxpresso_5.2.6_2137/lpcxpresso/tools/bin/../lib/gcc/arm-none-eabi/4.6.2/../../../../arm-none-eabi/lib/armv7-m\libcr_c.a(fflush.o)
                0x00006104                fflush
 .text.fseek    0x00006138      0x104 c:/nxp/lpcxpresso_5.2.6_2137/lpcxpresso/tools/bin/../lib/gcc/arm-none-eabi/4.6.2/../../../../arm-none-eabi/lib/armv7-m\libcr_c.a(fseek.o)
                0x00006138                fseek
 .text.ftell    0x0000623c       0x4c c:/nxp/lpcxpresso_5.2.6_2137/lpcxpresso/tools/bin/../lib/gcc/arm-none-eabi/4.6.2/../../../../arm-none-eabi/lib/armv7-m\libcr_c.a(ftell.o)
                0x0000623c                ftell
 .text.remove   0x00006288       0x14 c:/nxp/lpcxpresso_5.2.6_2137/lpcxpresso/tools/bin/../lib/gcc/arm-none-eabi/4.6.2/../../../../arm-none-eabi/lib/armv7-m\libcr_c.a(remove.o)
                0x00006288                remove
 .text._do_fflush
                0x0000629c       0x42 c:/nxp/lpcxpresso_5.2.6_2137/lpcxpresso/tools/bin/../lib/gcc/arm-none-eabi/4.6.2/../../../../arm-none-eabi/lib/armv7-m\libcr_c.a(_do_fflush.o)
                0x0000629c                _do_fflush
 *fill*         0x000062de        0x2 00
 .text.__aeabi_dmul
                0x000062e0      0x138 c:/nxp/lpcxpresso_5.2.6_2137/lpcxpresso/tools/bin/../lib/gcc/arm-none-eabi/4.6.2/armv7-m\libcr_eabihelpers.a(double.o)
                0x000062e0                __aeabi_dmul
 .text.__aeabi_ddiv
                0x00006418      0x168 c:/nxp/lpcxpresso_5.2.6_2137/lpcxpresso/tools/bin/../lib/gcc/arm-none-eabi/4.6.2/armv7-m\libcr_eabihelpers.a(double.o)
                0x00006418                __aeabi_ddiv
 .text.__aeabi_dsub
                0x00006580      0x1f4 c:/nxp/lpcxpresso_5.2.6_2137/lpcxpresso/tools/bin/../lib/gcc/arm-none-eabi/4.6.2/armv7-m\libcr_eabihelpers.a(double.o)
                0x00006580                __aeabi_dsub
 .text.__aeabi_dadd
                0x00006774      0x154 c:/nxp/lpcxpresso_5.2.6_2137/lpcxpresso/tools/bin/../lib/gcc/arm-none-eabi/4.6.2/armv7-m\libcr_eabihelpers.a(double.o)
                0x00006774                __aeabi_dadd
 .text.__aeabi_d2iz
                0x000068c8       0x40 c:/nxp/lpcxpresso_5.2.6_2137/lpcxpresso/tools/bin/../lib/gcc/arm-none-eabi/4.6.2/armv7-m\libcr_eabihelpers.a(double.o)
                0x000068c8                __aeabi_d2iz
 .text.__bhs_ui2d
                0x00006908       0x5c c:/nxp/lpcxpresso_5.2.6_2137/lpcxpresso/tools/bin/../lib/gcc/arm-none-eabi/4.6.2/armv7-m\libcr_eabihelpers.a(double.o)
                0x00006908                __bhs_ui2d
 .text.__aeabi_i2d
                0x00006964       0x10 c:/nxp/lpcxpresso_5.2.6_2137/lpcxpresso/tools/bin/../lib/gcc/arm-none-eabi/4.6.2/armv7-m\libcr_eabihelpers.a(double.o)
                0x00006964                __aeabi_i2d
 .text.__aeabi_dcmpeq
                0x00006974       0x3c c:/nxp/lpcxpresso_5.2.6_2137/lpcxpresso/tools/bin/../lib/gcc/arm-none-eabi/4.6.2/armv7-m\libcr_eabihelpers.a(double.o)
                0x00006974                __aeabi_dcmpeq
 .text.__aeabi_dcmplt
                0x000069b0       0x5c c:/nxp/lpcxpresso_5.2.6_2137/lpcxpresso/tools/bin/../lib/gcc/arm-none-eabi/4.6.2/armv7-m\libcr_eabihelpers.a(double.o)
                0x000069b0                __aeabi_dcmplt
 .text.__aeabi_dcmple
                0x00006a0c       0x58 c:/nxp/lpcxpresso_5.2.6_2137/lpcxpresso/tools/bin/../lib/gcc/arm-none-eabi/4.6.2/armv7-m\libcr_eabihelpers.a(double.o)
                0x00006a0c                __aeabi_dcmple
 .text.__aeabi_dcmpge
                0x00006a64       0x5c c:/nxp/lpcxpresso_5.2.6_2137/lpcxpresso/tools/bin/../lib/gcc/arm-none-eabi/4.6.2/armv7-m\libcr_eabihelpers.a(double.o)
                0x00006a64                __aeabi_dcmpge
 .text.__aeabi_memcpy
                0x00006ac0       0x26 c:/nxp/lpcxpresso_5.2.6_2137/lpcxpresso/tools/bin/../lib/gcc/arm-none-eabi/4.6.2/armv7-m\libcr_eabihelpers.a(memcpy.o)
                0x00006ac0                __aeabi_memcpy4
                0x00006ac0                __aeabi_memcpy8
                0x00006ac0                __aeabi_memcpy
 .text.__aeabi_memset_lowlevel
                0x00006ae6       0x24 c:/nxp/lpcxpresso_5.2.6_2137/lpcxpresso/tools/bin/../lib/gcc/arm-none-eabi/4.6.2/armv7-m\libcr_eabihelpers.a(memcpy.o)
                0x00006ae6                __aeabi_lowlevel_memset
 *fill*         0x00006b0a        0x2 00
 .text.__sys_appexit
                0x00006b0c        0xc c:/nxp/lpcxpresso_5.2.6_2137/lpcxpresso/tools/bin/../lib/gcc/arm-none-eabi/4.6.2/../../../../arm-none-eabi/lib/armv7-m\libcr_semihost.a(__sys_appexit.o)
                0x00006b0c                __sys_appexit
                0x00006b0c                __exit
 .text.__sys_close
                0x00006b18        0xc c:/nxp/lpcxpresso_5.2.6_2137/lpcxpresso/tools/bin/../lib/gcc/arm-none-eabi/4.6.2/../../../../arm-none-eabi/lib/armv7-m\libcr_semihost.a(__sys_close.o)
                0x00006b18                __sys_close
 .text.__sys_flen
                0x00006b24        0xc c:/nxp/lpcxpresso_5.2.6_2137/lpcxpresso/tools/bin/../lib/gcc/arm-none-eabi/4.6.2/../../../../arm-none-eabi/lib/armv7-m\libcr_semihost.a(__sys_flen.o)
                0x00006b24                __sys_flen
 .text.__sys_istty
                0x00006b30        0xc c:/nxp/lpcxpresso_5.2.6_2137/lpcxpresso/tools/bin/../lib/gcc/arm-none-eabi/4.6.2/../../../../arm-none-eabi/lib/armv7-m\libcr_semihost.a(__sys_istty.o)
                0x00006b30                __sys_istty
 .text.__sys_remove
                0x00006b3c        0xc c:/nxp/lpcxpresso_5.2.6_2137/lpcxpresso/tools/bin/../lib/gcc/arm-none-eabi/4.6.2/../../../../arm-none-eabi/lib/armv7-m\libcr_semihost.a(__sys_remove.o)
                0x00006b3c                __sys_remove
 .text.__sys_seek
                0x00006b48        0xc c:/nxp/lpcxpresso_5.2.6_2137/lpcxpresso/tools/bin/../lib/gcc/arm-none-eabi/4.6.2/../../../../arm-none-eabi/lib/armv7-m\libcr_semihost.a(__sys_seek.o)
                0x00006b48                __sys_seek
 .text.__sys_tmpnam
                0x00006b54        0xc c:/nxp/lpcxpresso_5.2.6_2137/lpcxpresso/tools/bin/../lib/gcc/arm-none-eabi/4.6.2/../../../../arm-none-eabi/lib/armv7-m\libcr_semihost.a(__sys_tmpnam.o)
                0x00006b54                __sys_tmpnam
 .text._sbrk    0x00006b60       0x40 c:/nxp/lpcxpresso_5.2.6_2137/lpcxpresso/tools/bin/../lib/gcc/arm-none-eabi/4.6.2/../../../../arm-none-eabi/lib/armv7-m\libcr_semihost.a(_cr_sbrk.o)
                0x00006b60                _sbrk
 .text.__check_heap_overflow
                0x00006ba0       0x2c c:/nxp/lpcxpresso_5.2.6_2137/lpcxpresso/tools/bin/../lib/gcc/arm-none-eabi/4.6.2/../../../../arm-none-eabi/lib/armv7-m\libcr_semihost.a(_cr_check_heap.o)
                0x00006ba0                __check_heap_overflow
 *(.rodata .rodata.*)
 .rodata        0x00006bcc       0xb4 ./main.o
 .rodata.str1.4
                0x00006c80        0x8 C:\Users\aluno\Desktop\ec_020\source-code-for-LPC17xx-examples\FreeRTOS_Source\Debug\libFreeRTOS_Library.a(basic_io.o)
 .rodata        0x00006c88       0x14 C:\Users\aluno\Desktop\ec_020\source-code-for-LPC17xx-examples\FreeRTOS_Source\Debug\libFreeRTOS_Library.a(tasks.o)
 .rodata.str1.4
                0x00006c9c        0x8 C:\Users\aluno\Desktop\ec_020\source-code-for-LPC17xx-examples\FreeRTOS_Source\Debug\libFreeRTOS_Library.a(tasks.o)
 .rodata        0x00006ca4        0x8 C:\Users\aluno\Desktop\ec_020\Lib_EaBaseBoard\Debug\libLib_EaBaseBoard.a(oled.o)
 .rodata        0x00006cac      0x300 C:\Users\aluno\Desktop\ec_020\Lib_EaBaseBoard\Debug\libLib_EaBaseBoard.a(font5x7.o)
                0x00006cac                font5x7
 .rodata        0x00006fac       0x18 C:\Users\aluno\Desktop\ec_020\Lib_MCU\Debug\libLib_MCU.a(lpc17xx_i2c.o)
 .rodata        0x00006fc4       0x18 C:\Users\aluno\Desktop\ec_020\Lib_MCU\Debug\libLib_MCU.a(lpc17xx_ssp.o)
 .rodata.str1.1
                0x00006fdc       0x34 c:/nxp/lpcxpresso_5.2.6_2137/lpcxpresso/tools/bin/../lib/gcc/arm-none-eabi/4.6.2/../../../../arm-none-eabi/lib/armv7-m\libcr_c.a(fpprintf.o)
                                 0x35 (size before relaxing)
 .rodata.str1.1
                0x00007010        0x4 c:/nxp/lpcxpresso_5.2.6_2137/lpcxpresso/tools/bin/../lib/gcc/arm-none-eabi/4.6.2/../../../../arm-none-eabi/lib/armv7-m\libcr_c.a(initio.o)
 .rodata.str1.1
                0x00007014       0x31 c:/nxp/lpcxpresso_5.2.6_2137/lpcxpresso/tools/bin/../lib/gcc/arm-none-eabi/4.6.2/../../../../arm-none-eabi/lib/armv7-m\libcr_c.a(printf.o)
                                 0x38 (size before relaxing)
 .rodata.str1.1
                0x00007045       0x18 c:/nxp/lpcxpresso_5.2.6_2137/lpcxpresso/tools/bin/../lib/gcc/arm-none-eabi/4.6.2/../../../../arm-none-eabi/lib/armv7-m\libcr_c.a(alloc.o)
 *fill*         0x0000705d        0x3 00
 .rodata.__huge_vall
                0x00007060        0x8 c:/nxp/lpcxpresso_5.2.6_2137/lpcxpresso/tools/bin/../lib/gcc/arm-none-eabi/4.6.2/../../../../arm-none-eabi/lib/armv7-m\libcr_c.a(_hugeval.o)
                0x00007060                __huge_vall
                0x00007068                . = ALIGN (0x4)

.glue_7         0x00007068        0x0
 .glue_7        0x00000000        0x0 linker stubs

.glue_7t        0x00007068        0x0
 .glue_7t       0x00000000        0x0 linker stubs

.vfp11_veneer   0x00007068        0x0
 .vfp11_veneer  0x00000000        0x0 linker stubs

.v4_bx          0x00007068        0x0
 .v4_bx         0x00000000        0x0 linker stubs

.ARM.extab
 *(.ARM.extab* .gnu.linkonce.armextab.*)
                0x00007068                __exidx_start = .

.ARM.exidx
 *(.ARM.exidx* .gnu.linkonce.armexidx.*)
                0x00007068                __exidx_end = .
                0x00007068                _etext = .

.data_RAM2      0x2007c000        0x0 load address 0x00007068
 FILL mask 0xff
 *(.data.$RAM2*)
 *(.data.$RamAHB32*)
                0x2007c000                . = ALIGN (0x4)

.uninit_RESERVED
                0x10000000        0x0
 *(.bss.$RESERVED*)
                0x10000000                . = ALIGN (0x4)
                0x10000000                _end_uninit_RESERVED = .

.data           0x10000000       0x18 load address 0x00007068
 FILL mask 0xff
                0x10000000                _data = .
 *(vtable)
 *(.data*)
 .data          0x10000000        0x4 ./main.o
 .data          0x10000004        0x4 C:\Users\aluno\Desktop\ec_020\source-code-for-LPC17xx-examples\CMSISv1p30_LPC17xx\Debug\libCMSISv1p30_LPC17xx.a(system_LPC17xx.o)
                0x10000004                SystemCoreClock
 .data          0x10000008        0x4 C:\Users\aluno\Desktop\ec_020\source-code-for-LPC17xx-examples\FreeRTOS_Source\Debug\libFreeRTOS_Library.a(port.o)
 .data          0x1000000c        0x4 C:\Users\aluno\Desktop\ec_020\source-code-for-LPC17xx-examples\FreeRTOS_Source\Debug\libFreeRTOS_Library.a(heap_2.o)
 .data          0x10000010        0x8 C:\Users\aluno\Desktop\ec_020\Lib_EaBaseBoard\Debug\libLib_EaBaseBoard.a(light.o)
                0x10000018                . = ALIGN (0x4)
                0x10000018                _edata = .

.bss_RAM2       0x2007c000        0x0
 *(.bss.$RAM2*)
 *(.bss.$RamAHB32*)
                0x2007c000                . = ALIGN (0x4)

.bss            0x10000018     0x2dec
                0x10000018                _bss = .
 *(.bss*)
 .bss           0x10000018        0xc ./main.o
 .bss           0x10000024       0x34 C:\Users\aluno\Desktop\ec_020\source-code-for-LPC17xx-examples\FreeRTOS_Source\Debug\libFreeRTOS_Library.a(basic_io.o)
 .bss           0x10000058      0x100 C:\Users\aluno\Desktop\ec_020\source-code-for-LPC17xx-examples\FreeRTOS_Source\Debug\libFreeRTOS_Library.a(tasks.o)
                0x1000005c                pxCurrentTCB
 .bss           0x10000158     0x2818 C:\Users\aluno\Desktop\ec_020\source-code-for-LPC17xx-examples\FreeRTOS_Source\Debug\libFreeRTOS_Library.a(heap_2.o)
 .bss           0x10002970      0x300 C:\Users\aluno\Desktop\ec_020\Lib_EaBaseBoard\Debug\libLib_EaBaseBoard.a(oled.o)
 .bss           0x10002c70       0x24 C:\Users\aluno\Desktop\ec_020\Lib_MCU\Debug\libLib_MCU.a(lpc17xx_i2c.o)
 .bss           0x10002c94       0x18 C:\Users\aluno\Desktop\ec_020\Lib_MCU\Debug\libLib_MCU.a(lpc17xx_ssp.o)
 .bss.errno     0x10002cac        0x4 c:/nxp/lpcxpresso_5.2.6_2137/lpcxpresso/tools/bin/../lib/gcc/arm-none-eabi/4.6.2/../../../../arm-none-eabi/lib/armv7-m\libcr_c.a(errno.o)
                0x10002cac                errno
 *(COMMON)
 COMMON         0x10002cb0        0x4 ./Sensor.o
                0x10002cb0                ClassHandle
 COMMON         0x10002cb4        0x4 ./main.o
                0x10002cb4                xQueue
 COMMON         0x10002cb8        0x4 c:/nxp/lpcxpresso_5.2.6_2137/lpcxpresso/tools/bin/../lib/gcc/arm-none-eabi/4.6.2/../../../../arm-none-eabi/lib/armv7-m\libcr_c.a(initio.o)
                0x10002cb8                _extra
 COMMON         0x10002cbc      0x140 c:/nxp/lpcxpresso_5.2.6_2137/lpcxpresso/tools/bin/../lib/gcc/arm-none-eabi/4.6.2/../../../../arm-none-eabi/lib/armv7-m\libcr_c.a(stdio.o)
                0x10002cbc                __Ciob
 COMMON         0x10002dfc        0x8 c:/nxp/lpcxpresso_5.2.6_2137/lpcxpresso/tools/bin/../lib/gcc/arm-none-eabi/4.6.2/../../../../arm-none-eabi/lib/armv7-m\libcr_c.a(__init_alloc.o)
                0x10002dfc                __heaps
                0x10002e00                __end_of_heap
                0x10002e04                . = ALIGN (0x4)
                0x10002e04                _ebss = .
                0x10002e04                PROVIDE (end, .)

.noinit_RAM2    0x2007c000        0x0
 *(.noinit.$RAM2*)
 *(.noinit.$RamAHB32*)
                0x2007c000                . = ALIGN (0x4)

.noinit         0x10002e04        0x0
                0x10002e04                _noinit = .
 *(.noinit*)
                0x10002e04                . = ALIGN (0x4)
                0x10002e04                _end_noinit = .
                0x10002e04                PROVIDE (_pvHeapStart, .)
                0x10008000                PROVIDE (_vStackTop, (__top_RamLoc32 - 0x0))
OUTPUT(Example10.axf elf32-littlearm)

.debug_info     0x00000000     0x6acd
 .debug_info    0x00000000      0x137 ./Sensor.o
 .debug_info    0x00000137      0x210 ./cr_startup_lpc17.o
 .debug_info    0x00000347      0x604 ./main.o
 .debug_info    0x0000094b      0x385 C:\Users\aluno\Desktop\ec_020\source-code-for-LPC17xx-examples\CMSISv1p30_LPC17xx\Debug\libCMSISv1p30_LPC17xx.a(system_LPC17xx.o)
 .debug_info    0x00000cd0      0x220 C:\Users\aluno\Desktop\ec_020\source-code-for-LPC17xx-examples\FreeRTOS_Source\Debug\libFreeRTOS_Library.a(port.o)
 .debug_info    0x00000ef0      0x12c C:\Users\aluno\Desktop\ec_020\source-code-for-LPC17xx-examples\FreeRTOS_Source\Debug\libFreeRTOS_Library.a(basic_io.o)
 .debug_info    0x0000101c       0xaa C:\Users\aluno\Desktop\ec_020\source-code-for-LPC17xx-examples\FreeRTOS_Source\Debug\libFreeRTOS_Library.a(consoleprint.o)
 .debug_info    0x000010c6      0x814 C:\Users\aluno\Desktop\ec_020\source-code-for-LPC17xx-examples\FreeRTOS_Source\Debug\libFreeRTOS_Library.a(queue.o)
 .debug_info    0x000018da      0xe7c C:\Users\aluno\Desktop\ec_020\source-code-for-LPC17xx-examples\FreeRTOS_Source\Debug\libFreeRTOS_Library.a(tasks.o)
 .debug_info    0x00002756      0x2ef C:\Users\aluno\Desktop\ec_020\source-code-for-LPC17xx-examples\FreeRTOS_Source\Debug\libFreeRTOS_Library.a(heap_2.o)
 .debug_info    0x00002a45      0x2c5 C:\Users\aluno\Desktop\ec_020\source-code-for-LPC17xx-examples\FreeRTOS_Source\Debug\libFreeRTOS_Library.a(list.o)
 .debug_info    0x00002d0a      0x763 C:\Users\aluno\Desktop\ec_020\Lib_EaBaseBoard\Debug\libLib_EaBaseBoard.a(light.o)
 .debug_info    0x0000346d      0x97d C:\Users\aluno\Desktop\ec_020\Lib_EaBaseBoard\Debug\libLib_EaBaseBoard.a(oled.o)
 .debug_info    0x00003dea       0x65 C:\Users\aluno\Desktop\ec_020\Lib_EaBaseBoard\Debug\libLib_EaBaseBoard.a(font5x7.o)
 .debug_info    0x00003e4f      0xb95 C:\Users\aluno\Desktop\ec_020\Lib_MCU\Debug\libLib_MCU.a(lpc17xx_gpio.o)
 .debug_info    0x000049e4      0xcc3 C:\Users\aluno\Desktop\ec_020\Lib_MCU\Debug\libLib_MCU.a(lpc17xx_i2c.o)
 .debug_info    0x000056a7       0xcd C:\Users\aluno\Desktop\ec_020\Lib_MCU\Debug\libLib_MCU.a(lpc17xx_libcfg_default.o)
 .debug_info    0x00005774      0x4b1 C:\Users\aluno\Desktop\ec_020\Lib_MCU\Debug\libLib_MCU.a(lpc17xx_pinsel.o)
 .debug_info    0x00005c25      0x867 C:\Users\aluno\Desktop\ec_020\Lib_MCU\Debug\libLib_MCU.a(lpc17xx_ssp.o)
 .debug_info    0x0000648c      0x641 C:\Users\aluno\Desktop\ec_020\Lib_MCU\Debug\libLib_MCU.a(lpc17xx_clkpwr.o)

.debug_abbrev   0x00000000     0x19e9
 .debug_abbrev  0x00000000       0xd9 ./Sensor.o
 .debug_abbrev  0x000000d9       0xb4 ./cr_startup_lpc17.o
 .debug_abbrev  0x0000018d      0x1d8 ./main.o
 .debug_abbrev  0x00000365       0xce C:\Users\aluno\Desktop\ec_020\source-code-for-LPC17xx-examples\CMSISv1p30_LPC17xx\Debug\libCMSISv1p30_LPC17xx.a(system_LPC17xx.o)
 .debug_abbrev  0x00000433      0x141 C:\Users\aluno\Desktop\ec_020\source-code-for-LPC17xx-examples\FreeRTOS_Source\Debug\libFreeRTOS_Library.a(port.o)
 .debug_abbrev  0x00000574       0x9b C:\Users\aluno\Desktop\ec_020\source-code-for-LPC17xx-examples\FreeRTOS_Source\Debug\libFreeRTOS_Library.a(basic_io.o)
 .debug_abbrev  0x0000060f       0x7b C:\Users\aluno\Desktop\ec_020\source-code-for-LPC17xx-examples\FreeRTOS_Source\Debug\libFreeRTOS_Library.a(consoleprint.o)
 .debug_abbrev  0x0000068a      0x1b3 C:\Users\aluno\Desktop\ec_020\source-code-for-LPC17xx-examples\FreeRTOS_Source\Debug\libFreeRTOS_Library.a(queue.o)
 .debug_abbrev  0x0000083d      0x2b1 C:\Users\aluno\Desktop\ec_020\source-code-for-LPC17xx-examples\FreeRTOS_Source\Debug\libFreeRTOS_Library.a(tasks.o)
 .debug_abbrev  0x00000aee      0x19e C:\Users\aluno\Desktop\ec_020\source-code-for-LPC17xx-examples\FreeRTOS_Source\Debug\libFreeRTOS_Library.a(heap_2.o)
 .debug_abbrev  0x00000c8c       0xda C:\Users\aluno\Desktop\ec_020\source-code-for-LPC17xx-examples\FreeRTOS_Source\Debug\libFreeRTOS_Library.a(list.o)
 .debug_abbrev  0x00000d66      0x1bd C:\Users\aluno\Desktop\ec_020\Lib_EaBaseBoard\Debug\libLib_EaBaseBoard.a(light.o)
 .debug_abbrev  0x00000f23      0x1f1 C:\Users\aluno\Desktop\ec_020\Lib_EaBaseBoard\Debug\libLib_EaBaseBoard.a(oled.o)
 .debug_abbrev  0x00001114       0x4b C:\Users\aluno\Desktop\ec_020\Lib_EaBaseBoard\Debug\libLib_EaBaseBoard.a(font5x7.o)
 .debug_abbrev  0x0000115f      0x185 C:\Users\aluno\Desktop\ec_020\Lib_MCU\Debug\libLib_MCU.a(lpc17xx_gpio.o)
 .debug_abbrev  0x000012e4      0x24a C:\Users\aluno\Desktop\ec_020\Lib_MCU\Debug\libLib_MCU.a(lpc17xx_i2c.o)
 .debug_abbrev  0x0000152e       0x6a C:\Users\aluno\Desktop\ec_020\Lib_MCU\Debug\libLib_MCU.a(lpc17xx_libcfg_default.o)
 .debug_abbrev  0x00001598      0x10a C:\Users\aluno\Desktop\ec_020\Lib_MCU\Debug\libLib_MCU.a(lpc17xx_pinsel.o)
 .debug_abbrev  0x000016a2      0x1d3 C:\Users\aluno\Desktop\ec_020\Lib_MCU\Debug\libLib_MCU.a(lpc17xx_ssp.o)
 .debug_abbrev  0x00001875      0x174 C:\Users\aluno\Desktop\ec_020\Lib_MCU\Debug\libLib_MCU.a(lpc17xx_clkpwr.o)

.debug_loc      0x00000000     0x3193
 .debug_loc     0x00000000       0x58 ./Sensor.o
 .debug_loc     0x00000058      0x1f0 ./cr_startup_lpc17.o
 .debug_loc     0x00000248      0x20c ./main.o
 .debug_loc     0x00000454       0x58 C:\Users\aluno\Desktop\ec_020\source-code-for-LPC17xx-examples\CMSISv1p30_LPC17xx\Debug\libCMSISv1p30_LPC17xx.a(system_LPC17xx.o)
 .debug_loc     0x000004ac       0x94 C:\Users\aluno\Desktop\ec_020\source-code-for-LPC17xx-examples\FreeRTOS_Source\Debug\libFreeRTOS_Library.a(port.o)
 .debug_loc     0x00000540       0x9a C:\Users\aluno\Desktop\ec_020\source-code-for-LPC17xx-examples\FreeRTOS_Source\Debug\libFreeRTOS_Library.a(basic_io.o)
 .debug_loc     0x000005da       0x5c C:\Users\aluno\Desktop\ec_020\source-code-for-LPC17xx-examples\FreeRTOS_Source\Debug\libFreeRTOS_Library.a(consoleprint.o)
 .debug_loc     0x00000636      0x68c C:\Users\aluno\Desktop\ec_020\source-code-for-LPC17xx-examples\FreeRTOS_Source\Debug\libFreeRTOS_Library.a(queue.o)
 .debug_loc     0x00000cc2      0xa90 C:\Users\aluno\Desktop\ec_020\source-code-for-LPC17xx-examples\FreeRTOS_Source\Debug\libFreeRTOS_Library.a(tasks.o)
 .debug_loc     0x00001752      0x201 C:\Users\aluno\Desktop\ec_020\source-code-for-LPC17xx-examples\FreeRTOS_Source\Debug\libFreeRTOS_Library.a(heap_2.o)
 .debug_loc     0x00001953       0x4a C:\Users\aluno\Desktop\ec_020\source-code-for-LPC17xx-examples\FreeRTOS_Source\Debug\libFreeRTOS_Library.a(list.o)
 .debug_loc     0x0000199d      0x378 C:\Users\aluno\Desktop\ec_020\Lib_EaBaseBoard\Debug\libLib_EaBaseBoard.a(light.o)
 .debug_loc     0x00001d15      0x33e C:\Users\aluno\Desktop\ec_020\Lib_EaBaseBoard\Debug\libLib_EaBaseBoard.a(oled.o)
 .debug_loc     0x00002053      0x4d0 C:\Users\aluno\Desktop\ec_020\Lib_MCU\Debug\libLib_MCU.a(lpc17xx_gpio.o)
 .debug_loc     0x00002523      0x4e4 C:\Users\aluno\Desktop\ec_020\Lib_MCU\Debug\libLib_MCU.a(lpc17xx_i2c.o)
 .debug_loc     0x00002a07       0x38 C:\Users\aluno\Desktop\ec_020\Lib_MCU\Debug\libLib_MCU.a(lpc17xx_libcfg_default.o)
 .debug_loc     0x00002a3f      0x150 C:\Users\aluno\Desktop\ec_020\Lib_MCU\Debug\libLib_MCU.a(lpc17xx_pinsel.o)
 .debug_loc     0x00002b8f      0x448 C:\Users\aluno\Desktop\ec_020\Lib_MCU\Debug\libLib_MCU.a(lpc17xx_ssp.o)
 .debug_loc     0x00002fd7      0x1bc C:\Users\aluno\Desktop\ec_020\Lib_MCU\Debug\libLib_MCU.a(lpc17xx_clkpwr.o)

.debug_aranges  0x00000000      0x648
 .debug_aranges
                0x00000000       0x28 ./Sensor.o
 .debug_aranges
                0x00000028       0x70 ./cr_startup_lpc17.o
 .debug_aranges
                0x00000098       0x68 ./main.o
 .debug_aranges
                0x00000100       0x28 C:\Users\aluno\Desktop\ec_020\source-code-for-LPC17xx-examples\CMSISv1p30_LPC17xx\Debug\libCMSISv1p30_LPC17xx.a(system_LPC17xx.o)
 .debug_aranges
                0x00000128       0x20 C:\Users\aluno\Desktop\ec_020\source-code-for-LPC17xx-examples\FreeRTOS_Source\Debug\libFreeRTOS_Library.a(port.o)
 .debug_aranges
                0x00000148       0x20 C:\Users\aluno\Desktop\ec_020\source-code-for-LPC17xx-examples\FreeRTOS_Source\Debug\libFreeRTOS_Library.a(basic_io.o)
 .debug_aranges
                0x00000168       0x20 C:\Users\aluno\Desktop\ec_020\source-code-for-LPC17xx-examples\FreeRTOS_Source\Debug\libFreeRTOS_Library.a(consoleprint.o)
 .debug_aranges
                0x00000188       0x20 C:\Users\aluno\Desktop\ec_020\source-code-for-LPC17xx-examples\FreeRTOS_Source\Debug\libFreeRTOS_Library.a(queue.o)
 .debug_aranges
                0x000001a8       0x20 C:\Users\aluno\Desktop\ec_020\source-code-for-LPC17xx-examples\FreeRTOS_Source\Debug\libFreeRTOS_Library.a(tasks.o)
 .debug_aranges
                0x000001c8       0x20 C:\Users\aluno\Desktop\ec_020\source-code-for-LPC17xx-examples\FreeRTOS_Source\Debug\libFreeRTOS_Library.a(heap_2.o)
 .debug_aranges
                0x000001e8       0x20 C:\Users\aluno\Desktop\ec_020\source-code-for-LPC17xx-examples\FreeRTOS_Source\Debug\libFreeRTOS_Library.a(list.o)
 .debug_aranges
                0x00000208       0x98 C:\Users\aluno\Desktop\ec_020\Lib_EaBaseBoard\Debug\libLib_EaBaseBoard.a(light.o)
 .debug_aranges
                0x000002a0       0x90 C:\Users\aluno\Desktop\ec_020\Lib_EaBaseBoard\Debug\libLib_EaBaseBoard.a(oled.o)
 .debug_aranges
                0x00000330       0xc8 C:\Users\aluno\Desktop\ec_020\Lib_MCU\Debug\libLib_MCU.a(lpc17xx_gpio.o)
 .debug_aranges
                0x000003f8       0xd0 C:\Users\aluno\Desktop\ec_020\Lib_MCU\Debug\libLib_MCU.a(lpc17xx_i2c.o)
 .debug_aranges
                0x000004c8       0x20 C:\Users\aluno\Desktop\ec_020\Lib_MCU\Debug\libLib_MCU.a(lpc17xx_libcfg_default.o)
 .debug_aranges
                0x000004e8       0x48 C:\Users\aluno\Desktop\ec_020\Lib_MCU\Debug\libLib_MCU.a(lpc17xx_pinsel.o)
 .debug_aranges
                0x00000530       0xb8 C:\Users\aluno\Desktop\ec_020\Lib_MCU\Debug\libLib_MCU.a(lpc17xx_ssp.o)
 .debug_aranges
                0x000005e8       0x60 C:\Users\aluno\Desktop\ec_020\Lib_MCU\Debug\libLib_MCU.a(lpc17xx_clkpwr.o)

.debug_ranges   0x00000000      0x520
 .debug_ranges  0x00000000       0x18 ./Sensor.o
 .debug_ranges  0x00000018       0x60 ./cr_startup_lpc17.o
 .debug_ranges  0x00000078       0x58 ./main.o
 .debug_ranges  0x000000d0       0x18 C:\Users\aluno\Desktop\ec_020\source-code-for-LPC17xx-examples\CMSISv1p30_LPC17xx\Debug\libCMSISv1p30_LPC17xx.a(system_LPC17xx.o)
 .debug_ranges  0x000000e8       0x78 C:\Users\aluno\Desktop\ec_020\source-code-for-LPC17xx-examples\FreeRTOS_Source\Debug\libFreeRTOS_Library.a(tasks.o)
 .debug_ranges  0x00000160       0x88 C:\Users\aluno\Desktop\ec_020\Lib_EaBaseBoard\Debug\libLib_EaBaseBoard.a(light.o)
 .debug_ranges  0x000001e8       0x80 C:\Users\aluno\Desktop\ec_020\Lib_EaBaseBoard\Debug\libLib_EaBaseBoard.a(oled.o)
 .debug_ranges  0x00000268       0xb8 C:\Users\aluno\Desktop\ec_020\Lib_MCU\Debug\libLib_MCU.a(lpc17xx_gpio.o)
 .debug_ranges  0x00000320       0xc0 C:\Users\aluno\Desktop\ec_020\Lib_MCU\Debug\libLib_MCU.a(lpc17xx_i2c.o)
 .debug_ranges  0x000003e0       0x10 C:\Users\aluno\Desktop\ec_020\Lib_MCU\Debug\libLib_MCU.a(lpc17xx_libcfg_default.o)
 .debug_ranges  0x000003f0       0x38 C:\Users\aluno\Desktop\ec_020\Lib_MCU\Debug\libLib_MCU.a(lpc17xx_pinsel.o)
 .debug_ranges  0x00000428       0xa8 C:\Users\aluno\Desktop\ec_020\Lib_MCU\Debug\libLib_MCU.a(lpc17xx_ssp.o)
 .debug_ranges  0x000004d0       0x50 C:\Users\aluno\Desktop\ec_020\Lib_MCU\Debug\libLib_MCU.a(lpc17xx_clkpwr.o)

.debug_line     0x00000000     0x6a1c
 .debug_line    0x00000000      0x420 ./Sensor.o
 .debug_line    0x00000420      0x465 ./cr_startup_lpc17.o
 .debug_line    0x00000885      0x749 ./main.o
 .debug_line    0x00000fce      0x413 C:\Users\aluno\Desktop\ec_020\source-code-for-LPC17xx-examples\CMSISv1p30_LPC17xx\Debug\libCMSISv1p30_LPC17xx.a(system_LPC17xx.o)
 .debug_line    0x000013e1      0x4fb C:\Users\aluno\Desktop\ec_020\source-code-for-LPC17xx-examples\FreeRTOS_Source\Debug\libFreeRTOS_Library.a(port.o)
 .debug_line    0x000018dc      0x4fb C:\Users\aluno\Desktop\ec_020\source-code-for-LPC17xx-examples\FreeRTOS_Source\Debug\libFreeRTOS_Library.a(basic_io.o)
 .debug_line    0x00001dd7      0x2dc C:\Users\aluno\Desktop\ec_020\source-code-for-LPC17xx-examples\FreeRTOS_Source\Debug\libFreeRTOS_Library.a(consoleprint.o)
 .debug_line    0x000020b3      0x60f C:\Users\aluno\Desktop\ec_020\source-code-for-LPC17xx-examples\FreeRTOS_Source\Debug\libFreeRTOS_Library.a(queue.o)
 .debug_line    0x000026c2      0x817 C:\Users\aluno\Desktop\ec_020\source-code-for-LPC17xx-examples\FreeRTOS_Source\Debug\libFreeRTOS_Library.a(tasks.o)
 .debug_line    0x00002ed9      0x535 C:\Users\aluno\Desktop\ec_020\source-code-for-LPC17xx-examples\FreeRTOS_Source\Debug\libFreeRTOS_Library.a(heap_2.o)
 .debug_line    0x0000340e      0x4fb C:\Users\aluno\Desktop\ec_020\source-code-for-LPC17xx-examples\FreeRTOS_Source\Debug\libFreeRTOS_Library.a(list.o)
 .debug_line    0x00003909      0x58e C:\Users\aluno\Desktop\ec_020\Lib_EaBaseBoard\Debug\libLib_EaBaseBoard.a(light.o)
 .debug_line    0x00003e97      0x767 C:\Users\aluno\Desktop\ec_020\Lib_EaBaseBoard\Debug\libLib_EaBaseBoard.a(oled.o)
 .debug_line    0x000045fe       0x82 C:\Users\aluno\Desktop\ec_020\Lib_EaBaseBoard\Debug\libLib_EaBaseBoard.a(font5x7.o)
 .debug_line    0x00004680      0x5de C:\Users\aluno\Desktop\ec_020\Lib_MCU\Debug\libLib_MCU.a(lpc17xx_gpio.o)
 .debug_line    0x00004c5e      0x8f9 C:\Users\aluno\Desktop\ec_020\Lib_MCU\Debug\libLib_MCU.a(lpc17xx_i2c.o)
 .debug_line    0x00005557      0x37e C:\Users\aluno\Desktop\ec_020\Lib_MCU\Debug\libLib_MCU.a(lpc17xx_libcfg_default.o)
 .debug_line    0x000058d5      0x45d C:\Users\aluno\Desktop\ec_020\Lib_MCU\Debug\libLib_MCU.a(lpc17xx_pinsel.o)
 .debug_line    0x00005d32      0x82c C:\Users\aluno\Desktop\ec_020\Lib_MCU\Debug\libLib_MCU.a(lpc17xx_ssp.o)
 .debug_line    0x0000655e      0x4be C:\Users\aluno\Desktop\ec_020\Lib_MCU\Debug\libLib_MCU.a(lpc17xx_clkpwr.o)

.debug_macinfo  0x00000000    0xab56a
 .debug_macinfo
                0x00000000     0xa478 ./Sensor.o
 .debug_macinfo
                0x0000a478     0x3d1a ./cr_startup_lpc17.o
 .debug_macinfo
                0x0000e192     0xce18 ./main.o
 .debug_macinfo
                0x0001afaa     0x83f8 C:\Users\aluno\Desktop\ec_020\source-code-for-LPC17xx-examples\CMSISv1p30_LPC17xx\Debug\libCMSISv1p30_LPC17xx.a(system_LPC17xx.o)
 .debug_macinfo
                0x000233a2     0x9de1 C:\Users\aluno\Desktop\ec_020\source-code-for-LPC17xx-examples\FreeRTOS_Source\Debug\libFreeRTOS_Library.a(port.o)
 .debug_macinfo
                0x0002d183     0x9e2d C:\Users\aluno\Desktop\ec_020\source-code-for-LPC17xx-examples\FreeRTOS_Source\Debug\libFreeRTOS_Library.a(basic_io.o)
 .debug_macinfo
                0x00036fb0     0x2b75 C:\Users\aluno\Desktop\ec_020\source-code-for-LPC17xx-examples\FreeRTOS_Source\Debug\libFreeRTOS_Library.a(consoleprint.o)
 .debug_macinfo
                0x00039b25     0xa4c3 C:\Users\aluno\Desktop\ec_020\source-code-for-LPC17xx-examples\FreeRTOS_Source\Debug\libFreeRTOS_Library.a(queue.o)
 .debug_macinfo
                0x00043fe8     0xa761 C:\Users\aluno\Desktop\ec_020\source-code-for-LPC17xx-examples\FreeRTOS_Source\Debug\libFreeRTOS_Library.a(tasks.o)
 .debug_macinfo
                0x0004e749     0x9f77 C:\Users\aluno\Desktop\ec_020\source-code-for-LPC17xx-examples\FreeRTOS_Source\Debug\libFreeRTOS_Library.a(heap_2.o)
 .debug_macinfo
                0x000586c0     0x98ca C:\Users\aluno\Desktop\ec_020\source-code-for-LPC17xx-examples\FreeRTOS_Source\Debug\libFreeRTOS_Library.a(list.o)
 .debug_macinfo
                0x00061f8a     0x8e3a C:\Users\aluno\Desktop\ec_020\Lib_EaBaseBoard\Debug\libLib_EaBaseBoard.a(light.o)
 .debug_macinfo
                0x0006adc4     0xa143 C:\Users\aluno\Desktop\ec_020\Lib_EaBaseBoard\Debug\libLib_EaBaseBoard.a(oled.o)
 .debug_macinfo
                0x00074f07     0x332a C:\Users\aluno\Desktop\ec_020\Lib_EaBaseBoard\Debug\libLib_EaBaseBoard.a(font5x7.o)
 .debug_macinfo
                0x00078231     0x86b8 C:\Users\aluno\Desktop\ec_020\Lib_MCU\Debug\libLib_MCU.a(lpc17xx_gpio.o)
 .debug_macinfo
                0x000808e9     0xa5d8 C:\Users\aluno\Desktop\ec_020\Lib_MCU\Debug\libLib_MCU.a(lpc17xx_i2c.o)
 .debug_macinfo
                0x0008aec1     0x400d C:\Users\aluno\Desktop\ec_020\Lib_MCU\Debug\libLib_MCU.a(lpc17xx_libcfg_default.o)
 .debug_macinfo
                0x0008eece     0x87d3 C:\Users\aluno\Desktop\ec_020\Lib_MCU\Debug\libLib_MCU.a(lpc17xx_pinsel.o)
 .debug_macinfo
                0x000976a1     0xa8d0 C:\Users\aluno\Desktop\ec_020\Lib_MCU\Debug\libLib_MCU.a(lpc17xx_ssp.o)
 .debug_macinfo
                0x000a1f71     0x95f9 C:\Users\aluno\Desktop\ec_020\Lib_MCU\Debug\libLib_MCU.a(lpc17xx_clkpwr.o)

.debug_str      0x00000000     0x284a
 .debug_str     0x00000000      0x165 ./Sensor.o
                                0x197 (size before relaxing)
 .debug_str     0x00000165       0xee ./cr_startup_lpc17.o
                                0x221 (size before relaxing)
 .debug_str     0x00000253      0x2ab ./main.o
                                0x408 (size before relaxing)
 .debug_str     0x000004fe      0x1e4 C:\Users\aluno\Desktop\ec_020\source-code-for-LPC17xx-examples\CMSISv1p30_LPC17xx\Debug\libCMSISv1p30_LPC17xx.a(system_LPC17xx.o)
                                0x2bc (size before relaxing)
 .debug_str     0x000006e2      0x181 C:\Users\aluno\Desktop\ec_020\source-code-for-LPC17xx-examples\FreeRTOS_Source\Debug\libFreeRTOS_Library.a(port.o)
                                0x27c (size before relaxing)
 .debug_str     0x00000863       0x54 C:\Users\aluno\Desktop\ec_020\source-code-for-LPC17xx-examples\FreeRTOS_Source\Debug\libFreeRTOS_Library.a(basic_io.o)
                                0x188 (size before relaxing)
 .debug_str     0x000008b7       0x37 C:\Users\aluno\Desktop\ec_020\source-code-for-LPC17xx-examples\FreeRTOS_Source\Debug\libFreeRTOS_Library.a(consoleprint.o)
                                0x110 (size before relaxing)
 .debug_str     0x000008ee      0x3ca C:\Users\aluno\Desktop\ec_020\source-code-for-LPC17xx-examples\FreeRTOS_Source\Debug\libFreeRTOS_Library.a(queue.o)
                                0x537 (size before relaxing)
 .debug_str     0x00000cb8      0x616 C:\Users\aluno\Desktop\ec_020\source-code-for-LPC17xx-examples\FreeRTOS_Source\Debug\libFreeRTOS_Library.a(tasks.o)
                                0x8d0 (size before relaxing)
 .debug_str     0x000012ce      0x150 C:\Users\aluno\Desktop\ec_020\source-code-for-LPC17xx-examples\FreeRTOS_Source\Debug\libFreeRTOS_Library.a(heap_2.o)
                                0x2a3 (size before relaxing)
 .debug_str     0x0000141e       0x92 C:\Users\aluno\Desktop\ec_020\source-code-for-LPC17xx-examples\FreeRTOS_Source\Debug\libFreeRTOS_Library.a(list.o)
                                0x26a (size before relaxing)
 .debug_str     0x000014b0      0x368 C:\Users\aluno\Desktop\ec_020\Lib_EaBaseBoard\Debug\libLib_EaBaseBoard.a(light.o)
                                0x4fd (size before relaxing)
 .debug_str     0x00001818      0x20b C:\Users\aluno\Desktop\ec_020\Lib_EaBaseBoard\Debug\libLib_EaBaseBoard.a(oled.o)
                                0x3b5 (size before relaxing)
 .debug_str     0x00001a23       0x11 C:\Users\aluno\Desktop\ec_020\Lib_EaBaseBoard\Debug\libLib_EaBaseBoard.a(font5x7.o)
                                 0xc0 (size before relaxing)
 .debug_str     0x00001a34      0x379 C:\Users\aluno\Desktop\ec_020\Lib_MCU\Debug\libLib_MCU.a(lpc17xx_gpio.o)
                                0x471 (size before relaxing)
 .debug_str     0x00001dad      0x52d C:\Users\aluno\Desktop\ec_020\Lib_MCU\Debug\libLib_MCU.a(lpc17xx_i2c.o)
                                0x807 (size before relaxing)
 .debug_str     0x000022da       0x32 C:\Users\aluno\Desktop\ec_020\Lib_MCU\Debug\libLib_MCU.a(lpc17xx_libcfg_default.o)
                                0x14a (size before relaxing)
 .debug_str     0x0000230c      0x214 C:\Users\aluno\Desktop\ec_020\Lib_MCU\Debug\libLib_MCU.a(lpc17xx_pinsel.o)
                                0x3a6 (size before relaxing)
 .debug_str     0x00002520      0x211 C:\Users\aluno\Desktop\ec_020\Lib_MCU\Debug\libLib_MCU.a(lpc17xx_ssp.o)
                                0x484 (size before relaxing)
 .debug_str     0x00002731      0x119 C:\Users\aluno\Desktop\ec_020\Lib_MCU\Debug\libLib_MCU.a(lpc17xx_clkpwr.o)
                                0x3a2 (size before relaxing)

.comment        0x00000000       0xe0
 .comment       0x00000000       0x70 ./Sensor.o
                                 0x71 (size before relaxing)
 .comment       0x00000000       0x71 ./cr_startup_lpc17.o
 .comment       0x00000000       0x71 ./main.o
 .comment       0x00000000       0x71 C:\Users\aluno\Desktop\ec_020\source-code-for-LPC17xx-examples\CMSISv1p30_LPC17xx\Debug\libCMSISv1p30_LPC17xx.a(system_LPC17xx.o)
 .comment       0x00000000       0x71 C:\Users\aluno\Desktop\ec_020\source-code-for-LPC17xx-examples\FreeRTOS_Source\Debug\libFreeRTOS_Library.a(port.o)
 .comment       0x00000000       0x71 C:\Users\aluno\Desktop\ec_020\source-code-for-LPC17xx-examples\FreeRTOS_Source\Debug\libFreeRTOS_Library.a(basic_io.o)
 .comment       0x00000000       0x71 C:\Users\aluno\Desktop\ec_020\source-code-for-LPC17xx-examples\FreeRTOS_Source\Debug\libFreeRTOS_Library.a(consoleprint.o)
 .comment       0x00000000       0x71 C:\Users\aluno\Desktop\ec_020\source-code-for-LPC17xx-examples\FreeRTOS_Source\Debug\libFreeRTOS_Library.a(queue.o)
 .comment       0x00000000       0x71 C:\Users\aluno\Desktop\ec_020\source-code-for-LPC17xx-examples\FreeRTOS_Source\Debug\libFreeRTOS_Library.a(tasks.o)
 .comment       0x00000000       0x71 C:\Users\aluno\Desktop\ec_020\source-code-for-LPC17xx-examples\FreeRTOS_Source\Debug\libFreeRTOS_Library.a(heap_2.o)
 .comment       0x00000000       0x71 C:\Users\aluno\Desktop\ec_020\source-code-for-LPC17xx-examples\FreeRTOS_Source\Debug\libFreeRTOS_Library.a(list.o)
 .comment       0x00000000       0x71 C:\Users\aluno\Desktop\ec_020\Lib_EaBaseBoard\Debug\libLib_EaBaseBoard.a(light.o)
 .comment       0x00000000       0x71 C:\Users\aluno\Desktop\ec_020\Lib_EaBaseBoard\Debug\libLib_EaBaseBoard.a(oled.o)
 .comment       0x00000000       0x71 C:\Users\aluno\Desktop\ec_020\Lib_EaBaseBoard\Debug\libLib_EaBaseBoard.a(font5x7.o)
 .comment       0x00000000       0x71 C:\Users\aluno\Desktop\ec_020\Lib_MCU\Debug\libLib_MCU.a(lpc17xx_gpio.o)
 .comment       0x00000000       0x71 C:\Users\aluno\Desktop\ec_020\Lib_MCU\Debug\libLib_MCU.a(lpc17xx_i2c.o)
 .comment       0x00000000       0x71 C:\Users\aluno\Desktop\ec_020\Lib_MCU\Debug\libLib_MCU.a(lpc17xx_libcfg_default.o)
 .comment       0x00000000       0x71 C:\Users\aluno\Desktop\ec_020\Lib_MCU\Debug\libLib_MCU.a(lpc17xx_pinsel.o)
 .comment       0x00000000       0x71 C:\Users\aluno\Desktop\ec_020\Lib_MCU\Debug\libLib_MCU.a(lpc17xx_ssp.o)
 .comment       0x00000000       0x71 C:\Users\aluno\Desktop\ec_020\Lib_MCU\Debug\libLib_MCU.a(lpc17xx_clkpwr.o)
 .comment       0x00000070       0x70 c:/nxp/lpcxpresso_5.2.6_2137/lpcxpresso/tools/bin/../lib/gcc/arm-none-eabi/4.6.2/../../../../arm-none-eabi/lib/armv7-m\libcr_semihost.a(_cr__main.o)
                                 0x71 (size before relaxing)
 .comment       0x00000000       0x71 c:/nxp/lpcxpresso_5.2.6_2137/lpcxpresso/tools/bin/../lib/gcc/arm-none-eabi/4.6.2/../../../../arm-none-eabi/lib/armv7-m\libcr_c.a(memcpy.o)
 .comment       0x00000000       0x71 c:/nxp/lpcxpresso_5.2.6_2137/lpcxpresso/tools/bin/../lib/gcc/arm-none-eabi/4.6.2/../../../../arm-none-eabi/lib/armv7-m\libcr_c.a(memset.o)
 .comment       0x00000000       0x71 c:/nxp/lpcxpresso_5.2.6_2137/lpcxpresso/tools/bin/../lib/gcc/arm-none-eabi/4.6.2/../../../../arm-none-eabi/lib/armv7-m\libcr_c.a(fpprintf.o)
 .comment       0x00000000       0x71 c:/nxp/lpcxpresso_5.2.6_2137/lpcxpresso/tools/bin/../lib/gcc/arm-none-eabi/4.6.2/../../../../arm-none-eabi/lib/armv7-m\libcr_c.a(initio.o)
 .comment       0x00000000       0x71 c:/nxp/lpcxpresso_5.2.6_2137/lpcxpresso/tools/bin/../lib/gcc/arm-none-eabi/4.6.2/../../../../arm-none-eabi/lib/armv7-m\libcr_c.a(memcmp.o)
 .comment       0x00000000       0x71 c:/nxp/lpcxpresso_5.2.6_2137/lpcxpresso/tools/bin/../lib/gcc/arm-none-eabi/4.6.2/../../../../arm-none-eabi/lib/armv7-m\libcr_c.a(printf.o)
 .comment       0x00000000       0x71 c:/nxp/lpcxpresso_5.2.6_2137/lpcxpresso/tools/bin/../lib/gcc/arm-none-eabi/4.6.2/../../../../arm-none-eabi/lib/armv7-m\libcr_c.a(setvbuf.o)
 .comment       0x00000000       0x71 c:/nxp/lpcxpresso_5.2.6_2137/lpcxpresso/tools/bin/../lib/gcc/arm-none-eabi/4.6.2/../../../../arm-none-eabi/lib/armv7-m\libcr_c.a(stdio.o)
 .comment       0x00000000       0x71 c:/nxp/lpcxpresso_5.2.6_2137/lpcxpresso/tools/bin/../lib/gcc/arm-none-eabi/4.6.2/../../../../arm-none-eabi/lib/armv7-m\libcr_c.a(strcpy.o)
 .comment       0x00000000       0x71 c:/nxp/lpcxpresso_5.2.6_2137/lpcxpresso/tools/bin/../lib/gcc/arm-none-eabi/4.6.2/../../../../arm-none-eabi/lib/armv7-m\libcr_c.a(strlen.o)
 .comment       0x00000000       0x71 c:/nxp/lpcxpresso_5.2.6_2137/lpcxpresso/tools/bin/../lib/gcc/arm-none-eabi/4.6.2/../../../../arm-none-eabi/lib/armv7-m\libcr_c.a(strncpy.o)
 .comment       0x00000000       0x71 c:/nxp/lpcxpresso_5.2.6_2137/lpcxpresso/tools/bin/../lib/gcc/arm-none-eabi/4.6.2/../../../../arm-none-eabi/lib/armv7-m\libcr_c.a(__fillbuf.o)
 .comment       0x00000000       0x71 c:/nxp/lpcxpresso_5.2.6_2137/lpcxpresso/tools/bin/../lib/gcc/arm-none-eabi/4.6.2/../../../../arm-none-eabi/lib/armv7-m\libcr_c.a(_deferredlazyseek.o)
 .comment       0x00000000       0x71 c:/nxp/lpcxpresso_5.2.6_2137/lpcxpresso/tools/bin/../lib/gcc/arm-none-eabi/4.6.2/../../../../arm-none-eabi/lib/armv7-m\libcr_c.a(_fdopen.o)
 .comment       0x00000000       0x71 c:/nxp/lpcxpresso_5.2.6_2137/lpcxpresso/tools/bin/../lib/gcc/arm-none-eabi/4.6.2/../../../../arm-none-eabi/lib/armv7-m\libcr_c.a(_fflush.o)
 .comment       0x00000000       0x71 c:/nxp/lpcxpresso_5.2.6_2137/lpcxpresso/tools/bin/../lib/gcc/arm-none-eabi/4.6.2/../../../../arm-none-eabi/lib/armv7-m\libcr_c.a(_frexpl.o)
 .comment       0x00000000       0x71 c:/nxp/lpcxpresso_5.2.6_2137/lpcxpresso/tools/bin/../lib/gcc/arm-none-eabi/4.6.2/../../../../arm-none-eabi/lib/armv7-m\libcr_c.a(_ldexpl.o)
 .comment       0x00000000       0x71 c:/nxp/lpcxpresso_5.2.6_2137/lpcxpresso/tools/bin/../lib/gcc/arm-none-eabi/4.6.2/../../../../arm-none-eabi/lib/armv7-m\libcr_c.a(_writebuf.o)
 .comment       0x00000000       0x71 c:/nxp/lpcxpresso_5.2.6_2137/lpcxpresso/tools/bin/../lib/gcc/arm-none-eabi/4.6.2/../../../../arm-none-eabi/lib/armv7-m\libcr_c.a(alloc.o)
 .comment       0x00000000       0x71 c:/nxp/lpcxpresso_5.2.6_2137/lpcxpresso/tools/bin/../lib/gcc/arm-none-eabi/4.6.2/../../../../arm-none-eabi/lib/armv7-m\libcr_c.a(errno.o)
 .comment       0x00000000       0x71 c:/nxp/lpcxpresso_5.2.6_2137/lpcxpresso/tools/bin/../lib/gcc/arm-none-eabi/4.6.2/../../../../arm-none-eabi/lib/armv7-m\libcr_c.a(fclose.o)
 .comment       0x00000000       0x71 c:/nxp/lpcxpresso_5.2.6_2137/lpcxpresso/tools/bin/../lib/gcc/arm-none-eabi/4.6.2/../../../../arm-none-eabi/lib/armv7-m\libcr_c.a(fflush.o)
 .comment       0x00000000       0x71 c:/nxp/lpcxpresso_5.2.6_2137/lpcxpresso/tools/bin/../lib/gcc/arm-none-eabi/4.6.2/../../../../arm-none-eabi/lib/armv7-m\libcr_c.a(fseek.o)
 .comment       0x00000000       0x71 c:/nxp/lpcxpresso_5.2.6_2137/lpcxpresso/tools/bin/../lib/gcc/arm-none-eabi/4.6.2/../../../../arm-none-eabi/lib/armv7-m\libcr_c.a(ftell.o)
 .comment       0x00000000       0x71 c:/nxp/lpcxpresso_5.2.6_2137/lpcxpresso/tools/bin/../lib/gcc/arm-none-eabi/4.6.2/../../../../arm-none-eabi/lib/armv7-m\libcr_c.a(remove.o)
 .comment       0x00000000       0x71 c:/nxp/lpcxpresso_5.2.6_2137/lpcxpresso/tools/bin/../lib/gcc/arm-none-eabi/4.6.2/../../../../arm-none-eabi/lib/armv7-m\libcr_c.a(__init_alloc.o)
 .comment       0x00000000       0x71 c:/nxp/lpcxpresso_5.2.6_2137/lpcxpresso/tools/bin/../lib/gcc/arm-none-eabi/4.6.2/../../../../arm-none-eabi/lib/armv7-m\libcr_c.a(_do_fflush.o)
 .comment       0x00000000       0x71 c:/nxp/lpcxpresso_5.2.6_2137/lpcxpresso/tools/bin/../lib/gcc/arm-none-eabi/4.6.2/../../../../arm-none-eabi/lib/armv7-m\libcr_c.a(_hugeval.o)
 .comment       0x00000000       0x71 c:/nxp/lpcxpresso_5.2.6_2137/lpcxpresso/tools/bin/../lib/gcc/arm-none-eabi/4.6.2/armv7-m\libcr_eabihelpers.a(double.o)
 .comment       0x00000000       0x71 c:/nxp/lpcxpresso_5.2.6_2137/lpcxpresso/tools/bin/../lib/gcc/arm-none-eabi/4.6.2/../../../../arm-none-eabi/lib/armv7-m\libcr_semihost.a(_cr_sbrk.o)
 .comment       0x00000000       0x71 c:/nxp/lpcxpresso_5.2.6_2137/lpcxpresso/tools/bin/../lib/gcc/arm-none-eabi/4.6.2/../../../../arm-none-eabi/lib/armv7-m\libcr_semihost.a(_cr_check_heap.o)

.ARM.attributes
                0x00000000       0x31
 .ARM.attributes
                0x00000000       0x33 ./Sensor.o
 .ARM.attributes
                0x00000033       0x33 ./cr_startup_lpc17.o
 .ARM.attributes
                0x00000066       0x33 ./main.o
 .ARM.attributes
                0x00000099       0x33 C:\Users\aluno\Desktop\ec_020\source-code-for-LPC17xx-examples\CMSISv1p30_LPC17xx\Debug\libCMSISv1p30_LPC17xx.a(system_LPC17xx.o)
 .ARM.attributes
                0x000000cc       0x33 C:\Users\aluno\Desktop\ec_020\source-code-for-LPC17xx-examples\FreeRTOS_Source\Debug\libFreeRTOS_Library.a(port.o)
 .ARM.attributes
                0x000000ff       0x33 C:\Users\aluno\Desktop\ec_020\source-code-for-LPC17xx-examples\FreeRTOS_Source\Debug\libFreeRTOS_Library.a(basic_io.o)
 .ARM.attributes
                0x00000132       0x33 C:\Users\aluno\Desktop\ec_020\source-code-for-LPC17xx-examples\FreeRTOS_Source\Debug\libFreeRTOS_Library.a(consoleprint.o)
 .ARM.attributes
                0x00000165       0x33 C:\Users\aluno\Desktop\ec_020\source-code-for-LPC17xx-examples\FreeRTOS_Source\Debug\libFreeRTOS_Library.a(queue.o)
 .ARM.attributes
                0x00000198       0x33 C:\Users\aluno\Desktop\ec_020\source-code-for-LPC17xx-examples\FreeRTOS_Source\Debug\libFreeRTOS_Library.a(tasks.o)
 .ARM.attributes
                0x000001cb       0x33 C:\Users\aluno\Desktop\ec_020\source-code-for-LPC17xx-examples\FreeRTOS_Source\Debug\libFreeRTOS_Library.a(heap_2.o)
 .ARM.attributes
                0x000001fe       0x33 C:\Users\aluno\Desktop\ec_020\source-code-for-LPC17xx-examples\FreeRTOS_Source\Debug\libFreeRTOS_Library.a(list.o)
 .ARM.attributes
                0x00000231       0x33 C:\Users\aluno\Desktop\ec_020\Lib_EaBaseBoard\Debug\libLib_EaBaseBoard.a(light.o)
 .ARM.attributes
                0x00000264       0x33 C:\Users\aluno\Desktop\ec_020\Lib_EaBaseBoard\Debug\libLib_EaBaseBoard.a(oled.o)
 .ARM.attributes
                0x00000297       0x33 C:\Users\aluno\Desktop\ec_020\Lib_EaBaseBoard\Debug\libLib_EaBaseBoard.a(font5x7.o)
 .ARM.attributes
                0x000002ca       0x33 C:\Users\aluno\Desktop\ec_020\Lib_MCU\Debug\libLib_MCU.a(lpc17xx_gpio.o)
 .ARM.attributes
                0x000002fd       0x33 C:\Users\aluno\Desktop\ec_020\Lib_MCU\Debug\libLib_MCU.a(lpc17xx_i2c.o)
 .ARM.attributes
                0x00000330       0x33 C:\Users\aluno\Desktop\ec_020\Lib_MCU\Debug\libLib_MCU.a(lpc17xx_libcfg_default.o)
 .ARM.attributes
                0x00000363       0x33 C:\Users\aluno\Desktop\ec_020\Lib_MCU\Debug\libLib_MCU.a(lpc17xx_pinsel.o)
 .ARM.attributes
                0x00000396       0x33 C:\Users\aluno\Desktop\ec_020\Lib_MCU\Debug\libLib_MCU.a(lpc17xx_ssp.o)
 .ARM.attributes
                0x000003c9       0x33 C:\Users\aluno\Desktop\ec_020\Lib_MCU\Debug\libLib_MCU.a(lpc17xx_clkpwr.o)
 .ARM.attributes
                0x000003fc       0x21 c:/nxp/lpcxpresso_5.2.6_2137/lpcxpresso/tools/bin/../lib/gcc/arm-none-eabi/4.6.2/../../../../arm-none-eabi/lib/armv7-m\libcr_semihost.a(__sys_write.o)
 .ARM.attributes
                0x0000041d       0x33 c:/nxp/lpcxpresso_5.2.6_2137/lpcxpresso/tools/bin/../lib/gcc/arm-none-eabi/4.6.2/../../../../arm-none-eabi/lib/armv7-m\libcr_semihost.a(_cr__main.o)
 .ARM.attributes
                0x00000450       0x33 c:/nxp/lpcxpresso_5.2.6_2137/lpcxpresso/tools/bin/../lib/gcc/arm-none-eabi/4.6.2/../../../../arm-none-eabi/lib/armv7-m\libcr_c.a(memcpy.o)
 .ARM.attributes
                0x00000483       0x33 c:/nxp/lpcxpresso_5.2.6_2137/lpcxpresso/tools/bin/../lib/gcc/arm-none-eabi/4.6.2/../../../../arm-none-eabi/lib/armv7-m\libcr_c.a(memset.o)
 .ARM.attributes
                0x000004b6       0x33 c:/nxp/lpcxpresso_5.2.6_2137/lpcxpresso/tools/bin/../lib/gcc/arm-none-eabi/4.6.2/../../../../arm-none-eabi/lib/armv7-m\libcr_c.a(fpprintf.o)
 .ARM.attributes
                0x000004e9       0x33 c:/nxp/lpcxpresso_5.2.6_2137/lpcxpresso/tools/bin/../lib/gcc/arm-none-eabi/4.6.2/../../../../arm-none-eabi/lib/armv7-m\libcr_c.a(initio.o)
 .ARM.attributes
                0x0000051c       0x33 c:/nxp/lpcxpresso_5.2.6_2137/lpcxpresso/tools/bin/../lib/gcc/arm-none-eabi/4.6.2/../../../../arm-none-eabi/lib/armv7-m\libcr_c.a(memcmp.o)
 .ARM.attributes
                0x0000054f       0x33 c:/nxp/lpcxpresso_5.2.6_2137/lpcxpresso/tools/bin/../lib/gcc/arm-none-eabi/4.6.2/../../../../arm-none-eabi/lib/armv7-m\libcr_c.a(printf.o)
 .ARM.attributes
                0x00000582       0x33 c:/nxp/lpcxpresso_5.2.6_2137/lpcxpresso/tools/bin/../lib/gcc/arm-none-eabi/4.6.2/../../../../arm-none-eabi/lib/armv7-m\libcr_c.a(setvbuf.o)
 .ARM.attributes
                0x000005b5       0x33 c:/nxp/lpcxpresso_5.2.6_2137/lpcxpresso/tools/bin/../lib/gcc/arm-none-eabi/4.6.2/../../../../arm-none-eabi/lib/armv7-m\libcr_c.a(stdio.o)
 .ARM.attributes
                0x000005e8       0x33 c:/nxp/lpcxpresso_5.2.6_2137/lpcxpresso/tools/bin/../lib/gcc/arm-none-eabi/4.6.2/../../../../arm-none-eabi/lib/armv7-m\libcr_c.a(strcpy.o)
 .ARM.attributes
                0x0000061b       0x33 c:/nxp/lpcxpresso_5.2.6_2137/lpcxpresso/tools/bin/../lib/gcc/arm-none-eabi/4.6.2/../../../../arm-none-eabi/lib/armv7-m\libcr_c.a(strlen.o)
 .ARM.attributes
                0x0000064e       0x33 c:/nxp/lpcxpresso_5.2.6_2137/lpcxpresso/tools/bin/../lib/gcc/arm-none-eabi/4.6.2/../../../../arm-none-eabi/lib/armv7-m\libcr_c.a(strncpy.o)
 .ARM.attributes
                0x00000681       0x33 c:/nxp/lpcxpresso_5.2.6_2137/lpcxpresso/tools/bin/../lib/gcc/arm-none-eabi/4.6.2/../../../../arm-none-eabi/lib/armv7-m\libcr_c.a(__fillbuf.o)
 .ARM.attributes
                0x000006b4       0x33 c:/nxp/lpcxpresso_5.2.6_2137/lpcxpresso/tools/bin/../lib/gcc/arm-none-eabi/4.6.2/../../../../arm-none-eabi/lib/armv7-m\libcr_c.a(_deferredlazyseek.o)
 .ARM.attributes
                0x000006e7       0x33 c:/nxp/lpcxpresso_5.2.6_2137/lpcxpresso/tools/bin/../lib/gcc/arm-none-eabi/4.6.2/../../../../arm-none-eabi/lib/armv7-m\libcr_c.a(_fdopen.o)
 .ARM.attributes
                0x0000071a       0x33 c:/nxp/lpcxpresso_5.2.6_2137/lpcxpresso/tools/bin/../lib/gcc/arm-none-eabi/4.6.2/../../../../arm-none-eabi/lib/armv7-m\libcr_c.a(_fflush.o)
 .ARM.attributes
                0x0000074d       0x33 c:/nxp/lpcxpresso_5.2.6_2137/lpcxpresso/tools/bin/../lib/gcc/arm-none-eabi/4.6.2/../../../../arm-none-eabi/lib/armv7-m\libcr_c.a(_frexpl.o)
 .ARM.attributes
                0x00000780       0x33 c:/nxp/lpcxpresso_5.2.6_2137/lpcxpresso/tools/bin/../lib/gcc/arm-none-eabi/4.6.2/../../../../arm-none-eabi/lib/armv7-m\libcr_c.a(_ldexpl.o)
 .ARM.attributes
                0x000007b3       0x33 c:/nxp/lpcxpresso_5.2.6_2137/lpcxpresso/tools/bin/../lib/gcc/arm-none-eabi/4.6.2/../../../../arm-none-eabi/lib/armv7-m\libcr_c.a(_writebuf.o)
 .ARM.attributes
                0x000007e6       0x33 c:/nxp/lpcxpresso_5.2.6_2137/lpcxpresso/tools/bin/../lib/gcc/arm-none-eabi/4.6.2/../../../../arm-none-eabi/lib/armv7-m\libcr_c.a(alloc.o)
 .ARM.attributes
                0x00000819       0x33 c:/nxp/lpcxpresso_5.2.6_2137/lpcxpresso/tools/bin/../lib/gcc/arm-none-eabi/4.6.2/../../../../arm-none-eabi/lib/armv7-m\libcr_c.a(errno.o)
 .ARM.attributes
                0x0000084c       0x33 c:/nxp/lpcxpresso_5.2.6_2137/lpcxpresso/tools/bin/../lib/gcc/arm-none-eabi/4.6.2/../../../../arm-none-eabi/lib/armv7-m\libcr_c.a(fclose.o)
 .ARM.attributes
                0x0000087f       0x33 c:/nxp/lpcxpresso_5.2.6_2137/lpcxpresso/tools/bin/../lib/gcc/arm-none-eabi/4.6.2/../../../../arm-none-eabi/lib/armv7-m\libcr_c.a(fflush.o)
 .ARM.attributes
                0x000008b2       0x33 c:/nxp/lpcxpresso_5.2.6_2137/lpcxpresso/tools/bin/../lib/gcc/arm-none-eabi/4.6.2/../../../../arm-none-eabi/lib/armv7-m\libcr_c.a(fseek.o)
 .ARM.attributes
                0x000008e5       0x33 c:/nxp/lpcxpresso_5.2.6_2137/lpcxpresso/tools/bin/../lib/gcc/arm-none-eabi/4.6.2/../../../../arm-none-eabi/lib/armv7-m\libcr_c.a(ftell.o)
 .ARM.attributes
                0x00000918       0x33 c:/nxp/lpcxpresso_5.2.6_2137/lpcxpresso/tools/bin/../lib/gcc/arm-none-eabi/4.6.2/../../../../arm-none-eabi/lib/armv7-m\libcr_c.a(remove.o)
 .ARM.attributes
                0x0000094b       0x33 c:/nxp/lpcxpresso_5.2.6_2137/lpcxpresso/tools/bin/../lib/gcc/arm-none-eabi/4.6.2/../../../../arm-none-eabi/lib/armv7-m\libcr_c.a(__init_alloc.o)
 .ARM.attributes
                0x0000097e       0x33 c:/nxp/lpcxpresso_5.2.6_2137/lpcxpresso/tools/bin/../lib/gcc/arm-none-eabi/4.6.2/../../../../arm-none-eabi/lib/armv7-m\libcr_c.a(_do_fflush.o)
 .ARM.attributes
                0x000009b1       0x33 c:/nxp/lpcxpresso_5.2.6_2137/lpcxpresso/tools/bin/../lib/gcc/arm-none-eabi/4.6.2/../../../../arm-none-eabi/lib/armv7-m\libcr_c.a(_hugeval.o)
 .ARM.attributes
                0x000009e4       0x21 c:/nxp/lpcxpresso_5.2.6_2137/lpcxpresso/tools/bin/../lib/gcc/arm-none-eabi/4.6.2/armv7-m\libcr_eabihelpers.a(division.o)
 .ARM.attributes
                0x00000a05       0x33 c:/nxp/lpcxpresso_5.2.6_2137/lpcxpresso/tools/bin/../lib/gcc/arm-none-eabi/4.6.2/armv7-m\libcr_eabihelpers.a(double.o)
 .ARM.attributes
                0x00000a38       0x21 c:/nxp/lpcxpresso_5.2.6_2137/lpcxpresso/tools/bin/../lib/gcc/arm-none-eabi/4.6.2/armv7-m\libcr_eabihelpers.a(memcpy.o)
 .ARM.attributes
                0x00000a59       0x21 c:/nxp/lpcxpresso_5.2.6_2137/lpcxpresso/tools/bin/../lib/gcc/arm-none-eabi/4.6.2/../../../../arm-none-eabi/lib/armv7-m\libcr_semihost.a(__sys_appexit.o)
 .ARM.attributes
                0x00000a7a       0x21 c:/nxp/lpcxpresso_5.2.6_2137/lpcxpresso/tools/bin/../lib/gcc/arm-none-eabi/4.6.2/../../../../arm-none-eabi/lib/armv7-m\libcr_semihost.a(__sys_close.o)
 .ARM.attributes
                0x00000a9b       0x21 c:/nxp/lpcxpresso_5.2.6_2137/lpcxpresso/tools/bin/../lib/gcc/arm-none-eabi/4.6.2/../../../../arm-none-eabi/lib/armv7-m\libcr_semihost.a(__sys_flen.o)
 .ARM.attributes
                0x00000abc       0x21 c:/nxp/lpcxpresso_5.2.6_2137/lpcxpresso/tools/bin/../lib/gcc/arm-none-eabi/4.6.2/../../../../arm-none-eabi/lib/armv7-m\libcr_semihost.a(__sys_istty.o)
 .ARM.attributes
                0x00000add       0x21 c:/nxp/lpcxpresso_5.2.6_2137/lpcxpresso/tools/bin/../lib/gcc/arm-none-eabi/4.6.2/../../../../arm-none-eabi/lib/armv7-m\libcr_semihost.a(__sys_read.o)
 .ARM.attributes
                0x00000afe       0x21 c:/nxp/lpcxpresso_5.2.6_2137/lpcxpresso/tools/bin/../lib/gcc/arm-none-eabi/4.6.2/../../../../arm-none-eabi/lib/armv7-m\libcr_semihost.a(__sys_readc.o)
 .ARM.attributes
                0x00000b1f       0x21 c:/nxp/lpcxpresso_5.2.6_2137/lpcxpresso/tools/bin/../lib/gcc/arm-none-eabi/4.6.2/../../../../arm-none-eabi/lib/armv7-m\libcr_semihost.a(__sys_remove.o)
 .ARM.attributes
                0x00000b40       0x21 c:/nxp/lpcxpresso_5.2.6_2137/lpcxpresso/tools/bin/../lib/gcc/arm-none-eabi/4.6.2/../../../../arm-none-eabi/lib/armv7-m\libcr_semihost.a(__sys_rename.o)
 .ARM.attributes
                0x00000b61       0x21 c:/nxp/lpcxpresso_5.2.6_2137/lpcxpresso/tools/bin/../lib/gcc/arm-none-eabi/4.6.2/../../../../arm-none-eabi/lib/armv7-m\libcr_semihost.a(__sys_seek.o)
 .ARM.attributes
                0x00000b82       0x21 c:/nxp/lpcxpresso_5.2.6_2137/lpcxpresso/tools/bin/../lib/gcc/arm-none-eabi/4.6.2/../../../../arm-none-eabi/lib/armv7-m\libcr_semihost.a(__sys_tmpnam.o)
 .ARM.attributes
                0x00000ba3       0x33 c:/nxp/lpcxpresso_5.2.6_2137/lpcxpresso/tools/bin/../lib/gcc/arm-none-eabi/4.6.2/../../../../arm-none-eabi/lib/armv7-m\libcr_semihost.a(_cr_sbrk.o)
 .ARM.attributes
                0x00000bd6       0x33 c:/nxp/lpcxpresso_5.2.6_2137/lpcxpresso/tools/bin/../lib/gcc/arm-none-eabi/4.6.2/../../../../arm-none-eabi/lib/armv7-m\libcr_semihost.a(_cr_check_heap.o)

.debug_frame    0x00000000     0x1740
 .debug_frame   0x00000000       0x48 ./Sensor.o
 .debug_frame   0x00000048      0x120 ./cr_startup_lpc17.o
 .debug_frame   0x00000168      0x134 ./main.o
 .debug_frame   0x0000029c       0x48 C:\Users\aluno\Desktop\ec_020\source-code-for-LPC17xx-examples\CMSISv1p30_LPC17xx\Debug\libCMSISv1p30_LPC17xx.a(system_LPC17xx.o)
 .debug_frame   0x000002e4       0xc0 C:\Users\aluno\Desktop\ec_020\source-code-for-LPC17xx-examples\FreeRTOS_Source\Debug\libFreeRTOS_Library.a(port.o)
 .debug_frame   0x000003a4       0x48 C:\Users\aluno\Desktop\ec_020\source-code-for-LPC17xx-examples\FreeRTOS_Source\Debug\libFreeRTOS_Library.a(basic_io.o)
 .debug_frame   0x000003ec       0x28 C:\Users\aluno\Desktop\ec_020\source-code-for-LPC17xx-examples\FreeRTOS_Source\Debug\libFreeRTOS_Library.a(consoleprint.o)
 .debug_frame   0x00000414      0x19c C:\Users\aluno\Desktop\ec_020\source-code-for-LPC17xx-examples\FreeRTOS_Source\Debug\libFreeRTOS_Library.a(queue.o)
 .debug_frame   0x000005b0      0x2cc C:\Users\aluno\Desktop\ec_020\source-code-for-LPC17xx-examples\FreeRTOS_Source\Debug\libFreeRTOS_Library.a(tasks.o)
 .debug_frame   0x0000087c       0x68 C:\Users\aluno\Desktop\ec_020\source-code-for-LPC17xx-examples\FreeRTOS_Source\Debug\libFreeRTOS_Library.a(heap_2.o)
 .debug_frame   0x000008e4       0x68 C:\Users\aluno\Desktop\ec_020\source-code-for-LPC17xx-examples\FreeRTOS_Source\Debug\libFreeRTOS_Library.a(list.o)
 .debug_frame   0x0000094c      0x208 C:\Users\aluno\Desktop\ec_020\Lib_EaBaseBoard\Debug\libLib_EaBaseBoard.a(light.o)
 .debug_frame   0x00000b54      0x1ec C:\Users\aluno\Desktop\ec_020\Lib_EaBaseBoard\Debug\libLib_EaBaseBoard.a(oled.o)
 .debug_frame   0x00000d40      0x2c4 C:\Users\aluno\Desktop\ec_020\Lib_MCU\Debug\libLib_MCU.a(lpc17xx_gpio.o)
 .debug_frame   0x00001004      0x2c8 C:\Users\aluno\Desktop\ec_020\Lib_MCU\Debug\libLib_MCU.a(lpc17xx_i2c.o)
 .debug_frame   0x000012cc       0x2c C:\Users\aluno\Desktop\ec_020\Lib_MCU\Debug\libLib_MCU.a(lpc17xx_libcfg_default.o)
 .debug_frame   0x000012f8       0xbc C:\Users\aluno\Desktop\ec_020\Lib_MCU\Debug\libLib_MCU.a(lpc17xx_pinsel.o)
 .debug_frame   0x000013b4      0x280 C:\Users\aluno\Desktop\ec_020\Lib_MCU\Debug\libLib_MCU.a(lpc17xx_ssp.o)
 .debug_frame   0x00001634      0x10c C:\Users\aluno\Desktop\ec_020\Lib_MCU\Debug\libLib_MCU.a(lpc17xx_clkpwr.o)
