Archive member included because of file (symbol)

C:\Users\aluno\Desktop\ec020-free_rtos\source-code-for-LPC17xx-examples\CMSISv1p30_LPC17xx\Debug\libCMSISv1p30_LPC17xx.a(system_LPC17xx.o)
                              ./cr_startup_lpc17.o (SystemInit)
C:\Users\aluno\Desktop\ec020-free_rtos\source-code-for-LPC17xx-examples\FreeRTOS_Source\Debug\libFreeRTOS_Library.a(port.o)
                              ./cr_startup_lpc17.o (vPortSVCHandler)
C:\Users\aluno\Desktop\ec020-free_rtos\source-code-for-LPC17xx-examples\FreeRTOS_Source\Debug\libFreeRTOS_Library.a(basic_io.o)
                              ./main.o (vPrintString)
C:\Users\aluno\Desktop\ec020-free_rtos\source-code-for-LPC17xx-examples\FreeRTOS_Source\Debug\libFreeRTOS_Library.a(consoleprint.o)
                              C:\Users\aluno\Desktop\ec020-free_rtos\source-code-for-LPC17xx-examples\FreeRTOS_Source\Debug\libFreeRTOS_Library.a(basic_io.o) (consoleprint)
C:\Users\aluno\Desktop\ec020-free_rtos\source-code-for-LPC17xx-examples\FreeRTOS_Source\Debug\libFreeRTOS_Library.a(queue.o)
                              ./main.o (xQueueCreate)
C:\Users\aluno\Desktop\ec020-free_rtos\source-code-for-LPC17xx-examples\FreeRTOS_Source\Debug\libFreeRTOS_Library.a(tasks.o)
                              ./main.o (xTaskGenericCreate)
C:\Users\aluno\Desktop\ec020-free_rtos\source-code-for-LPC17xx-examples\FreeRTOS_Source\Debug\libFreeRTOS_Library.a(heap_2.o)
                              C:\Users\aluno\Desktop\ec020-free_rtos\source-code-for-LPC17xx-examples\FreeRTOS_Source\Debug\libFreeRTOS_Library.a(queue.o) (pvPortMalloc)
C:\Users\aluno\Desktop\ec020-free_rtos\source-code-for-LPC17xx-examples\FreeRTOS_Source\Debug\libFreeRTOS_Library.a(list.o)
                              C:\Users\aluno\Desktop\ec020-free_rtos\source-code-for-LPC17xx-examples\FreeRTOS_Source\Debug\libFreeRTOS_Library.a(queue.o) (vListInitialise)
C:\Users\aluno\Desktop\ec020-free_rtos\Lib_EaBaseBoard\Debug\libLib_EaBaseBoard.a(light.o)
                              ./Sensor.o (light_enable)
C:\Users\aluno\Desktop\ec020-free_rtos\Lib_EaBaseBoard\Debug\libLib_EaBaseBoard.a(oled.o)
                              ./Oled_screen.o (oled_init)
C:\Users\aluno\Desktop\ec020-free_rtos\Lib_EaBaseBoard\Debug\libLib_EaBaseBoard.a(font5x7.o)
                              C:\Users\aluno\Desktop\ec020-free_rtos\Lib_EaBaseBoard\Debug\libLib_EaBaseBoard.a(oled.o) (font5x7)
C:\Users\aluno\Desktop\ec020-free_rtos\Lib_MCU\Debug\libLib_MCU.a(lpc17xx_gpio.o)
                              C:\Users\aluno\Desktop\ec020-free_rtos\Lib_EaBaseBoard\Debug\libLib_EaBaseBoard.a(oled.o) (GPIO_SetDir)
C:\Users\aluno\Desktop\ec020-free_rtos\Lib_MCU\Debug\libLib_MCU.a(lpc17xx_i2c.o)
                              ./Sensor.o (I2C_Init)
C:\Users\aluno\Desktop\ec020-free_rtos\Lib_MCU\Debug\libLib_MCU.a(lpc17xx_libcfg_default.o)
                              C:\Users\aluno\Desktop\ec020-free_rtos\Lib_MCU\Debug\libLib_MCU.a(lpc17xx_i2c.o) (check_failed)
C:\Users\aluno\Desktop\ec020-free_rtos\Lib_MCU\Debug\libLib_MCU.a(lpc17xx_pinsel.o)
                              ./Oled_screen.o (PINSEL_ConfigPin)
C:\Users\aluno\Desktop\ec020-free_rtos\Lib_MCU\Debug\libLib_MCU.a(lpc17xx_ssp.o)
                              ./Oled_screen.o (SSP_Init)
C:\Users\aluno\Desktop\ec020-free_rtos\Lib_MCU\Debug\libLib_MCU.a(lpc17xx_clkpwr.o)
                              C:\Users\aluno\Desktop\ec020-free_rtos\Lib_MCU\Debug\libLib_MCU.a(lpc17xx_i2c.o) (CLKPWR_SetPCLKDiv)
c:/nxp/lpcxpresso_5.2.6_2137/lpcxpresso/tools/bin/../lib/gcc/arm-none-eabi/4.6.2/../../../../arm-none-eabi/lib/armv7-m\libcr_semihost.a(__sys_write.o)
                              C:\Users\aluno\Desktop\ec020-free_rtos\source-code-for-LPC17xx-examples\FreeRTOS_Source\Debug\libFreeRTOS_Library.a(consoleprint.o) (__write)
c:/nxp/lpcxpresso_5.2.6_2137/lpcxpresso/tools/bin/../lib/gcc/arm-none-eabi/4.6.2/../../../../arm-none-eabi/lib/armv7-m\libcr_semihost.a(_cr__main.o)
                              ./cr_startup_lpc17.o (__main)
c:/nxp/lpcxpresso_5.2.6_2137/lpcxpresso/tools/bin/../lib/gcc/arm-none-eabi/4.6.2/../../../../arm-none-eabi/lib/armv7-m\libcr_c.a(memcpy.o)
                              C:\Users\aluno\Desktop\ec020-free_rtos\source-code-for-LPC17xx-examples\FreeRTOS_Source\Debug\libFreeRTOS_Library.a(queue.o) (memcpy)
c:/nxp/lpcxpresso_5.2.6_2137/lpcxpresso/tools/bin/../lib/gcc/arm-none-eabi/4.6.2/../../../../arm-none-eabi/lib/armv7-m\libcr_c.a(memset.o)
                              C:\Users\aluno\Desktop\ec020-free_rtos\source-code-for-LPC17xx-examples\FreeRTOS_Source\Debug\libFreeRTOS_Library.a(tasks.o) (memset)
c:/nxp/lpcxpresso_5.2.6_2137/lpcxpresso/tools/bin/../lib/gcc/arm-none-eabi/4.6.2/../../../../arm-none-eabi/lib/armv7-m\libcr_c.a(fpprintf.o)
                              C:\Users\aluno\Desktop\ec020-free_rtos\source-code-for-LPC17xx-examples\FreeRTOS_Source\Debug\libFreeRTOS_Library.a(basic_io.o) (sprintf)
[...]
Memory Configuration

Name             Origin             Length             Attributes
MFlash512        0x00000000         0x00080000         xr
RamLoc32         0x10000000         0x00008000         xrw
RamAHB32         0x2007c000         0x00008000         xrw
*default*        0x00000000         0xffffffff

Linker script and memory map

LOAD ./Oled_screen.o
LOAD ./Sensor.o
LOAD ./cr_startup_lpc17.o
LOAD ./main.o
LOAD C:\Users\aluno\Desktop\ec020-free_rtos\source-code-for-LPC17xx-examples\CMSISv1p30_LPC17xx\Debug\libCMSISv1p30_LPC17xx.a
LOAD C:\Users\aluno\Desktop\ec020-free_rtos\source-code-for-LPC17xx-examples\FreeRTOS_Source\Debug\libFreeRTOS_Library.a
LOAD C:\Users\aluno\Desktop\ec020-free_rtos\Lib_CMSISv1p30_LPC17xx\Debug\libLib_CMSISv1p30_LPC17xx.a
LOAD C:\Users\aluno\Desktop\ec020-free_rtos\Lib_EaBaseBoard\Debug\libLib_EaBaseBoard.a
LOAD C:\Users\aluno\Desktop\ec020-free_rtos\Lib_MCU\Debug\libLib_MCU.a
START GROUP
LOAD c:/nxp/lpcxpresso_5.2.6_2137/lpcxpresso/tools/bin/../lib/gcc/arm-none-eabi/4.6.2/../../../../arm-none-eabi/lib/armv7-m\libcr_semihost.a
LOAD c:/nxp/lpcxpresso_5.2.6_2137/lpcxpresso/tools/bin/../lib/gcc/arm-none-eabi/4.6.2/../../../../arm-none-eabi/lib/armv7-m\libcr_c.a
LOAD c:/nxp/lpcxpresso_5.2.6_2137/lpcxpresso/tools/bin/../lib/gcc/arm-none-eabi/4.6.2/armv7-m\libcr_eabihelpers.a
END GROUP
                0x00080000                __top_MFlash512 = 0x80000
                0x10008000                __top_RamLoc32 = 0x10008000
                0x20084000                __top_RamAHB32 = 0x20084000

.text           0x00000000     0x7090
 FILL mask 0xff
                0x00000000                __vectors_start__ = ABSOLUTE (.)
 *(.isr_vector)
 .isr_vector    0x00000000       0xcc ./cr_startup_lpc17.o
                0x00000000                g_pfnVectors
                0x000000cc                . = ALIGN (0x4)
                0x000000cc                __section_table_start = .
                0x000000cc                __data_section_table = .
                0x000000cc        0x4 LONG 0x7090 LOADADDR (.data)
                0x000000d0        0x4 LONG 0x10000000 ADDR (.data)
                0x000000d4        0x4 LONG 0x18 SIZEOF (.data)
                0x000000d8        0x4 LONG 0x7090 LOADADDR (.data_RAM2)
                0x000000dc        0x4 LONG 0x2007c000 ADDR (.data_RAM2)
                0x000000e0        0x4 LONG 0x0 SIZEOF (.data_RAM2)
                0x000000e4                __data_section_table_end = .
                0x000000e4                __bss_section_table = .
                0x000000e4        0x4 LONG 0x10000018 ADDR (.bss)
                0x000000e8        0x4 LONG 0x2dec SIZEOF (.bss)
                0x000000ec        0x4 LONG 0x2007c000 ADDR (.bss_RAM2)
                0x000000f0        0x4 LONG 0x0 SIZEOF (.bss_RAM2)
                0x000000f4                __bss_section_table_end = .
                0x000000f4                __section_table_end = .
 *(.after_vectors*)
 *(.text*)
 .text.init_ssp
                0x000000f4       0x98 ./Oled_screen.o
 .text.intToString
                0x0000018c       0xdc ./Oled_screen.o
 .text.Oled_new
                0x00000268       0x38 ./Oled_screen.o
                0x00000268                Oled_new
 .text.Oled_write
                0x000002a0       0x60 ./Oled_screen.o
                0x000002a0                Oled_write
 .text.init_i2c
                0x00000300       0x5c ./Sensor.o
 .text.Sensor_new
                0x0000035c       0x10 ./Sensor.o
                0x0000035c                Sensor_new
 .text.Sensor_read
                0x0000036c       0x24 ./Sensor.o
                0x0000036c                Sensor_read
 .text.ResetISR
                0x00000390       0x68 ./cr_startup_lpc17.o
                0x00000390                ResetISR
 .text.NMI_Handler
                0x000003f8        0x8 ./cr_startup_lpc17.o
                0x000003f8                NMI_Handler
 .text.HardFault_Handler
                0x00000400        0x8 ./cr_startup_lpc17.o
                0x00000400                HardFault_Handler
 .text.MemManage_Handler
                0x00000408        0x8 ./cr_startup_lpc17.o
                0x00000408                MemManage_Handler
 .text.BusFault_Handler
                0x00000410        0x8 ./cr_startup_lpc17.o
                0x00000410                BusFault_Handler
 .text.UsageFault_Handler
                0x00000418        0x8 ./cr_startup_lpc17.o
                0x00000418                UsageFault_Handler
 .text.DebugMon_Handler
                0x00000420        0x8 ./cr_startup_lpc17.o
                0x00000420                DebugMon_Handler
 .text.IntDefaultHandler
                0x00000428        0x8 ./cr_startup_lpc17.o
                0x00000428                TIMER2_IRQHandler
                0x00000428                RIT_IRQHandler
                0x00000428                I2C0_IRQHandler
                0x00000428                USBActivity_IRQHandler
                0x00000428                PWM1_IRQHandler
                0x00000428                I2C1_IRQHandler
                0x00000428                EINT2_IRQHandler
                0x00000428                UART1_IRQHandler
                0x00000428                EINT3_IRQHandler
                0x00000428                CANActivity_IRQHandler
                0x00000428                TIMER3_IRQHandler
                0x00000428                UART0_IRQHandler
                0x00000428                IntDefaultHandler
                0x00000428                PLL0_IRQHandler
                0x00000428                CAN_IRQHandler
                0x00000428                PLL1_IRQHandler
                0x00000428                SSP0_IRQHandler
                0x00000428                I2S_IRQHandler
                0x00000428                I2C2_IRQHandler
                0x00000428                RTC_IRQHandler
                0x00000428                TIMER0_IRQHandler
                0x00000428                SPI_IRQHandler
                0x00000428                EINT1_IRQHandler
                0x00000428                TIMER1_IRQHandler
                0x00000428                UART2_IRQHandler
                0x00000428                ADC_IRQHandler
                0x00000428                SSP1_IRQHandler
                0x00000428                USB_IRQHandler
                0x00000428                BOD_IRQHandler
                0x00000428                WDT_IRQHandler
                0x00000428                QEI_IRQHandler
                0x00000428                EINT0_IRQHandler
                0x00000428                DMA_IRQHandler
                0x00000428                UART3_IRQHandler
                0x00000428                MCPWM_IRQHandler
                0x00000428                ENET_IRQHandler
 .text.main     0x00000430       0xa4 ./main.o
                0x00000430                main
 .text.vSenderTask
                0x000004d4       0x4c ./main.o
 .text.vReceiverTask
                0x00000520       0x80 ./main.o
 .text.vApplicationMallocFailedHook
                0x000005a0        0x8 ./main.o
                0x000005a0                vApplicationMallocFailedHook
 .text.vApplicationStackOverflowHook
                0x000005a8        0xc ./main.o
                0x000005a8                vApplicationStackOverflowHook
 .text.vApplicationIdleHook
                0x000005b4        0xc ./main.o
                0x000005b4                vApplicationIdleHook
 .text.vApplicationTickHook
                0x000005c0        0xc ./main.o
                0x000005c0                vApplicationTickHook
 .text.SystemInit
                0x000005cc      0x22c C:\Users\aluno\Desktop\ec020-free_rtos\source-code-for-LPC17xx-examples\CMSISv1p30_LPC17xx\Debug\libCMSISv1p30_LPC17xx.a(system_LPC17xx.o)
                0x000005cc                SystemInit
 .text          0x000007f8      0x154 C:\Users\aluno\Desktop\ec020-free_rtos\source-code-for-LPC17xx-examples\FreeRTOS_Source\Debug\libFreeRTOS_Library.a(port.o)
                0x000007f8                pxPortInitialiseStack
                0x00000818                vPortSVCHandler
                0x00000838                vPortStartFirstTask
                0x00000848                xPortStartScheduler
                0x00000898                vPortEndScheduler
                0x0000089c                vPortYieldFromISR
                0x000008ac                vPortEnterCritical
                0x000008c8                vPortExitCritical
                0x000008e4                xPortPendSVHandler
                0x00000920                xPortSysTickHandler
 .text          0x0000094c       0x54 C:\Users\aluno\Desktop\ec020-free_rtos\source-code-for-LPC17xx-examples\FreeRTOS_Source\Debug\libFreeRTOS_Library.a(basic_io.o)
                0x0000094c                vPrintString
                0x00000970                vPrintStringAndNumber
 .text          0x000009a0       0x18 C:\Users\aluno\Desktop\ec020-free_rtos\source-code-for-LPC17xx-examples\FreeRTOS_Source\Debug\libFreeRTOS_Library.a(consoleprint.o)
                0x000009a0                consoleprint
 .text          0x000009b8      0x4e4 C:\Users\aluno\Desktop\ec020-free_rtos\source-code-for-LPC17xx-examples\FreeRTOS_Source\Debug\libFreeRTOS_Library.a(queue.o)
                0x00000ac0                xQueueCreate
                0x00000b2c                xQueueCreateCountingSemaphore
                0x00000b40                xQueueGenericSend
                0x00000c24                xQueueCreateMutex
                0x00000c70                xQueueGenericSendFromISR
                0x00000cd4                xQueueGenericReceive
                0x00000dec                xQueueReceiveFromISR
                0x00000e54                uxQueueMessagesWaiting
                0x00000e68                uxQueueMessagesWaitingFromISR
                0x00000e6c                vQueueDelete
                0x00000e80                xQueueIsQueueEmptyFromISR
                0x00000e8c                xQueueIsQueueFullFromISR
 .text          0x00000e9c      0xca4 C:\Users\aluno\Desktop\ec020-free_rtos\source-code-for-LPC17xx-examples\FreeRTOS_Source\Debug\libFreeRTOS_Library.a(tasks.o)
                0x00000e9c                xTaskGenericCreate
                0x0000109c                vTaskDelete
                0x0000111c                uxTaskPriorityGet
                0x0000113c                vTaskPrioritySet
                0x000011f0                xTaskIsTaskSuspended
                0x0000121c                vTaskResume
                0x00001298                xTaskResumeFromISR
                0x00001314                vTaskStartScheduler
                0x00001368                vTaskEndScheduler
                0x00001388                vTaskSuspendAll
                0x000013a0                xTaskGetTickCount
                0x000013bc                xTaskGetTickCountFromISR
                0x000013cc                uxTaskGetNumberOfTasks
                0x000013d8                vTaskIncrementTick
                0x000014b8                xTaskResumeAll
                0x00001634                vTaskDelay
                0x0000168c                vTaskDelayUntil
                0x00001728                vTaskSwitchContext
                0x00001824                vTaskSuspend
                0x000018b0                vTaskPlaceOnEventList
                0x0000191c                xTaskRemoveFromEventList
                0x000019a8                vTaskSetTimeOutState
                0x000019c0                xTaskCheckForTimeOut
                0x00001a40                vTaskMissedYield
                0x00001a54                xTaskGetCurrentTaskHandle
                0x00001a60                vTaskPriorityInherit
                0x00001aec                vTaskPriorityDisinherit
 .text          0x00001b40      0x140 C:\Users\aluno\Desktop\ec020-free_rtos\source-code-for-LPC17xx-examples\FreeRTOS_Source\Debug\libFreeRTOS_Library.a(heap_2.o)
                0x00001b40                pvPortMalloc
                0x00001c2c                vPortFree
                0x00001c70                xPortGetFreeHeapSize
                0x00001c7c                vPortInitialiseBlocks
 .text          0x00001c80       0xa4 C:\Users\aluno\Desktop\ec020-free_rtos\source-code-for-LPC17xx-examples\FreeRTOS_Source\Debug\libFreeRTOS_Library.a(list.o)
                0x00001c80                vListInitialise
                0x00001c98                vListInitialiseItem
                0x00001ca0                vListInsertEnd
                0x00001cc0                vListInsert
                0x00001cfc                vListRemove
 .text.I2CRead  0x00001d24       0x5c C:\Users\aluno\Desktop\ec020-free_rtos\Lib_EaBaseBoard\Debug\libLib_EaBaseBoard.a(light.o)
 .text.I2CWrite
                0x00001d80       0x5c C:\Users\aluno\Desktop\ec020-free_rtos\Lib_EaBaseBoard\Debug\libLib_EaBaseBoard.a(light.o)
 .text.light_enable
                0x00001ddc       0x48 C:\Users\aluno\Desktop\ec020-free_rtos\Lib_EaBaseBoard\Debug\libLib_EaBaseBoard.a(light.o)
                0x00001ddc                light_enable
 .text.light_read
                0x00001e24       0x90 C:\Users\aluno\Desktop\ec020-free_rtos\Lib_EaBaseBoard\Debug\libLib_EaBaseBoard.a(light.o)
                0x00001e24                light_read
 .text.writeCommand
                0x00001eb4       0x60 C:\Users\aluno\Desktop\ec020-free_rtos\Lib_EaBaseBoard\Debug\libLib_EaBaseBoard.a(oled.o)
 .text.writeData
                0x00001f14       0x60 C:\Users\aluno\Desktop\ec020-free_rtos\Lib_EaBaseBoard\Debug\libLib_EaBaseBoard.a(oled.o)
 .text.writeDataLen
                0x00001f74       0x8c C:\Users\aluno\Desktop\ec020-free_rtos\Lib_EaBaseBoard\Debug\libLib_EaBaseBoard.a(oled.o)
 .text.runInitSequence
                0x00002000      0x118 C:\Users\aluno\Desktop\ec020-free_rtos\Lib_EaBaseBoard\Debug\libLib_EaBaseBoard.a(oled.o)
 .text.hLine    0x00002118       0x4c C:\Users\aluno\Desktop\ec020-free_rtos\Lib_EaBaseBoard\Debug\libLib_EaBaseBoard.a(oled.o)
 .text.vLine    0x00002164       0x4c C:\Users\aluno\Desktop\ec020-free_rtos\Lib_EaBaseBoard\Debug\libLib_EaBaseBoard.a(oled.o)
 .text.oled_init
                0x000021b0       0x9c C:\Users\aluno\Desktop\ec020-free_rtos\Lib_EaBaseBoard\Debug\libLib_EaBaseBoard.a(oled.o)
                0x000021b0                oled_init
 .text.oled_putPixel
                0x0000224c      0x188 C:\Users\aluno\Desktop\ec020-free_rtos\Lib_EaBaseBoard\Debug\libLib_EaBaseBoard.a(oled.o)
                0x0000224c                oled_putPixel
 .text.oled_fillRect
                0x000023d4       0x90 C:\Users\aluno\Desktop\ec020-free_rtos\Lib_EaBaseBoard\Debug\libLib_EaBaseBoard.a(oled.o)
                0x000023d4                oled_fillRect
 .text.oled_clearScreen
                0x00002464       0x74 C:\Users\aluno\Desktop\ec020-free_rtos\Lib_EaBaseBoard\Debug\libLib_EaBaseBoard.a(oled.o)
                0x00002464                oled_clearScreen
 .text.oled_putChar
                0x000024d8       0xf0 C:\Users\aluno\Desktop\ec020-free_rtos\Lib_EaBaseBoard\Debug\libLib_EaBaseBoard.a(oled.o)
                0x000024d8                oled_putChar
 .text.oled_putString
                0x000025c8       0x54 C:\Users\aluno\Desktop\ec020-free_rtos\Lib_EaBaseBoard\Debug\libLib_EaBaseBoard.a(oled.o)
                0x000025c8                oled_putString
 .text.GPIO_GetPointer
                0x0000261c       0x7c C:\Users\aluno\Desktop\ec020-free_rtos\Lib_MCU\Debug\libLib_MCU.a(lpc17xx_gpio.o)
 .text.GPIO_SetDir
                0x00002698       0x54 C:\Users\aluno\Desktop\ec020-free_rtos\Lib_MCU\Debug\libLib_MCU.a(lpc17xx_gpio.o)
                0x00002698                GPIO_SetDir
 .text.GPIO_SetValue
                0x000026ec       0x2c C:\Users\aluno\Desktop\ec020-free_rtos\Lib_MCU\Debug\libLib_MCU.a(lpc17xx_gpio.o)
                0x000026ec                GPIO_SetValue
 .text.GPIO_ClearValue
                0x00002718       0x2c C:\Users\aluno\Desktop\ec020-free_rtos\Lib_MCU\Debug\libLib_MCU.a(lpc17xx_gpio.o)
                0x00002718                GPIO_ClearValue
 .text.NVIC_EnableIRQ
                0x00002744       0x38 C:\Users\aluno\Desktop\ec020-free_rtos\Lib_MCU\Debug\libLib_MCU.a(lpc17xx_i2c.o)
 .text.NVIC_DisableIRQ
                0x0000277c       0x3c C:\Users\aluno\Desktop\ec020-free_rtos\Lib_MCU\Debug\libLib_MCU.a(lpc17xx_i2c.o)
 .text.I2C_getNum
                0x000027b8       0x54 C:\Users\aluno\Desktop\ec020-free_rtos\Lib_MCU\Debug\libLib_MCU.a(lpc17xx_i2c.o)
 .text.I2C_Start
                0x0000280c       0x44 C:\Users\aluno\Desktop\ec020-free_rtos\Lib_MCU\Debug\libLib_MCU.a(lpc17xx_i2c.o)
 .text.I2C_Stop
                0x00002850       0x38 C:\Users\aluno\Desktop\ec020-free_rtos\Lib_MCU\Debug\libLib_MCU.a(lpc17xx_i2c.o)
 .text.I2C_SendByte
                0x00002888       0x50 C:\Users\aluno\Desktop\ec020-free_rtos\Lib_MCU\Debug\libLib_MCU.a(lpc17xx_i2c.o)
 .text.I2C_GetByte
                0x000028d8       0x5c C:\Users\aluno\Desktop\ec020-free_rtos\Lib_MCU\Debug\libLib_MCU.a(lpc17xx_i2c.o)
 .text.I2C_IntCmd
                0x00002934       0xa8 C:\Users\aluno\Desktop\ec020-free_rtos\Lib_MCU\Debug\libLib_MCU.a(lpc17xx_i2c.o)
                0x00002934                I2C_IntCmd
 .text.I2C_MasterHandler
                0x000029dc      0x408 C:\Users\aluno\Desktop\ec020-free_rtos\Lib_MCU\Debug\libLib_MCU.a(lpc17xx_i2c.o)
                0x000029dc                I2C_MasterHandler
 .text.I2C_SetClock
                0x00002de4       0xc8 C:\Users\aluno\Desktop\ec020-free_rtos\Lib_MCU\Debug\libLib_MCU.a(lpc17xx_i2c.o)
                0x00002de4                I2C_SetClock
 .text.I2C_Init
                0x00002eac       0xd8 C:\Users\aluno\Desktop\ec020-free_rtos\Lib_MCU\Debug\libLib_MCU.a(lpc17xx_i2c.o)
                0x00002eac                I2C_Init
 .text.I2C_Cmd  0x00002f84       0x84 C:\Users\aluno\Desktop\ec020-free_rtos\Lib_MCU\Debug\libLib_MCU.a(lpc17xx_i2c.o)
                0x00002f84                I2C_Cmd
 .text.I2C_MasterTransferData
                0x00003008      0x390 C:\Users\aluno\Desktop\ec020-free_rtos\Lib_MCU\Debug\libLib_MCU.a(lpc17xx_i2c.o)
                0x00003008                I2C_MasterTransferData
 .text.check_failed
                0x00003398        0xc C:\Users\aluno\Desktop\ec020-free_rtos\Lib_MCU\Debug\libLib_MCU.a(lpc17xx_libcfg_default.o)
                0x00003398                check_failed
 .text.PINSEL_SetPinFunc
                0x000033a4       0x9c C:\Users\aluno\Desktop\ec020-free_rtos\Lib_MCU\Debug\libLib_MCU.a(lpc17xx_pinsel.o)
                0x000033a4                PINSEL_SetPinFunc
 .text.PINSEL_SetResistorMode
                0x00003440       0x9c C:\Users\aluno\Desktop\ec020-free_rtos\Lib_MCU\Debug\libLib_MCU.a(lpc17xx_pinsel.o)
                0x00003440                PINSEL_SetResistorMode
 .text.PINSEL_SetOpenDrainMode
                0x000034dc       0x7c C:\Users\aluno\Desktop\ec020-free_rtos\Lib_MCU\Debug\libLib_MCU.a(lpc17xx_pinsel.o)
                0x000034dc                PINSEL_SetOpenDrainMode
 .text.PINSEL_ConfigPin
                0x00003558       0x54 C:\Users\aluno\Desktop\ec020-free_rtos\Lib_MCU\Debug\libLib_MCU.a(lpc17xx_pinsel.o)
                0x00003558                PINSEL_ConfigPin
 .text.SSP_getNum
                0x000035ac       0x40 C:\Users\aluno\Desktop\ec020-free_rtos\Lib_MCU\Debug\libLib_MCU.a(lpc17xx_ssp.o)
 .text.SSP_IntHandler
                0x000035ec      0x338 C:\Users\aluno\Desktop\ec020-free_rtos\Lib_MCU\Debug\libLib_MCU.a(lpc17xx_ssp.o)
                0x000035ec                SSP_IntHandler
 .text.SSP_SetClock
                0x00003924       0xf8 C:\Users\aluno\Desktop\ec020-free_rtos\Lib_MCU\Debug\libLib_MCU.a(lpc17xx_ssp.o)
                0x00003924                SSP_SetClock
 .text.SSP_Init
                0x00003a1c      0x10c C:\Users\aluno\Desktop\ec020-free_rtos\Lib_MCU\Debug\libLib_MCU.a(lpc17xx_ssp.o)
                0x00003a1c                SSP_Init
 .text.SSP_ConfigStructInit
                0x00003b28       0x48 C:\Users\aluno\Desktop\ec020-free_rtos\Lib_MCU\Debug\libLib_MCU.a(lpc17xx_ssp.o)
                0x00003b28                SSP_ConfigStructInit
 .text.SSP_Cmd  0x00003b70       0x7c C:\Users\aluno\Desktop\ec020-free_rtos\Lib_MCU\Debug\libLib_MCU.a(lpc17xx_ssp.o)
                0x00003b70                SSP_Cmd
 .text.SSP_SendData
                0x00003bec       0x48 C:\Users\aluno\Desktop\ec020-free_rtos\Lib_MCU\Debug\libLib_MCU.a(lpc17xx_ssp.o)
                0x00003bec                SSP_SendData
 .text.SSP_ReceiveData
                0x00003c34       0x44 C:\Users\aluno\Desktop\ec020-free_rtos\Lib_MCU\Debug\libLib_MCU.a(lpc17xx_ssp.o)
                0x00003c34                SSP_ReceiveData
 .text.SSP_ReadWrite
                0x00003c78      0x440 C:\Users\aluno\Desktop\ec020-free_rtos\Lib_MCU\Debug\libLib_MCU.a(lpc17xx_ssp.o)
                0x00003c78                SSP_ReadWrite
 .text.CLKPWR_SetPCLKDiv
                0x000040b8       0xcc C:\Users\aluno\Desktop\ec020-free_rtos\Lib_MCU\Debug\libLib_MCU.a(lpc17xx_clkpwr.o)
                0x000040b8                CLKPWR_SetPCLKDiv
 .text.CLKPWR_GetPCLKSEL
                0x00004184       0x54 C:\Users\aluno\Desktop\ec020-free_rtos\Lib_MCU\Debug\libLib_MCU.a(lpc17xx_clkpwr.o)
                0x00004184                CLKPWR_GetPCLKSEL
 .text.CLKPWR_GetPCLK
                0x000041d8       0x74 C:\Users\aluno\Desktop\ec020-free_rtos\Lib_MCU\Debug\libLib_MCU.a(lpc17xx_clkpwr.o)
                0x000041d8                CLKPWR_GetPCLK
 .text.CLKPWR_ConfigPPWR
                0x0000424c       0x78 C:\Users\aluno\Desktop\ec020-free_rtos\Lib_MCU\Debug\libLib_MCU.a(lpc17xx_clkpwr.o)
                0x0000424c                CLKPWR_ConfigPPWR
 .text.__sys_write
                0x000042c4        0xc c:/nxp/lpcxpresso_5.2.6_2137/lpcxpresso/tools/bin/../lib/gcc/arm-none-eabi/4.6.2/../../../../arm-none-eabi/lib/armv7-m\libcr_semihost.a(__sys_write.o)
                0x000042c4                __sys_write
                0x000042c4                __write
 .text.__main   0x000042d0       0x14 c:/nxp/lpcxpresso_5.2.6_2137/lpcxpresso/tools/bin/../lib/gcc/arm-none-eabi/4.6.2/../../../../arm-none-eabi/lib/armv7-m\libcr_semihost.a(_cr__main.o)
                0x000042d0                __CR_SEMIHOST
                0x000042d0                __main
 .text.memcpy   0x000042e4        0x4 c:/nxp/lpcxpresso_5.2.6_2137/lpcxpresso/tools/bin/../lib/gcc/arm-none-eabi/4.6.2/../../../../arm-none-eabi/lib/armv7-m\libcr_c.a(memcpy.o)
                0x000042e4                memcpy
 .text.memset   0x000042e8        0x4 c:/nxp/lpcxpresso_5.2.6_2137/lpcxpresso/tools/bin/../lib/gcc/arm-none-eabi/4.6.2/../../../../arm-none-eabi/lib/armv7-m\libcr_c.a(memset.o)
                0x000042e8                memset
 .text.lose_trailing_zeros
                0x000042ec       0x1e c:/nxp/lpcxpresso_5.2.6_2137/lpcxpresso/tools/bin/../lib/gcc/arm-none-eabi/4.6.2/../../../../arm-none-eabi/lib/armv7-m\libcr_c.a(fpprintf.o)
 .text.fp_round
                0x0000430a       0x54 c:/nxp/lpcxpresso_5.2.6_2137/lpcxpresso/tools/bin/../lib/gcc/arm-none-eabi/4.6.2/../../../../arm-none-eabi/lib/armv7-m\libcr_c.a(fpprintf.o)
 .text.pr_dec.constprop.1
                0x0000435e       0x22 c:/nxp/lpcxpresso_5.2.6_2137/lpcxpresso/tools/bin/../lib/gcc/arm-none-eabi/4.6.2/../../../../arm-none-eabi/lib/armv7-m\libcr_c.a(fpprintf.o)
 .text.sprintf  0x00004380       0x70 c:/nxp/lpcxpresso_5.2.6_2137/lpcxpresso/tools/bin/../lib/gcc/arm-none-eabi/4.6.2/../../../../arm-none-eabi/lib/armv7-m\libcr_c.a(fpprintf.o)
                0x00004380                sprintf
 .text.fp_display
                0x000043f0      0x908 c:/nxp/lpcxpresso_5.2.6_2137/lpcxpresso/tools/bin/../lib/gcc/arm-none-eabi/4.6.2/../../../../arm-none-eabi/lib/armv7-m\libcr_c.a(fpprintf.o)
 .text._initio  0x00004cf8       0x9c c:/nxp/lpcxpresso_5.2.6_2137/lpcxpresso/tools/bin/../lib/gcc/arm-none-eabi/4.6.2/../../../../arm-none-eabi/lib/armv7-m\libcr_c.a(initio.o)
                0x00004cf8                _initio
 .text.memcmp   0x00004d94       0x38 c:/nxp/lpcxpresso_5.2.6_2137/lpcxpresso/tools/bin/../lib/gcc/arm-none-eabi/4.6.2/../../../../arm-none-eabi/lib/armv7-m\libcr_c.a(memcmp.o)
                0x00004d94                memcmp
 .text.__vfprintf
                0x00004dcc      0xd54 c:/nxp/lpcxpresso_5.2.6_2137/lpcxpresso/tools/bin/../lib/gcc/arm-none-eabi/4.6.2/../../../../arm-none-eabi/lib/armv7-m\libcr_c.a(printf.o)
                0x00004dcc                __vfprintf
 .text.setvbuf  0x00005b20       0x48 c:/nxp/lpcxpresso_5.2.6_2137/lpcxpresso/tools/bin/../lib/gcc/arm-none-eabi/4.6.2/../../../../arm-none-eabi/lib/armv7-m\libcr_c.a(setvbuf.o)
                0x00005b20                setvbuf
 .text.strcpy   0x00005b68       0x44 c:/nxp/lpcxpresso_5.2.6_2137/lpcxpresso/tools/bin/../lib/gcc/arm-none-eabi/4.6.2/../../../../arm-none-eabi/lib/armv7-m\libcr_c.a(strcpy.o)
                0x00005b68                strcpy
 .text.strlen   0x00005bac       0x4c c:/nxp/lpcxpresso_5.2.6_2137/lpcxpresso/tools/bin/../lib/gcc/arm-none-eabi/4.6.2/../../../../arm-none-eabi/lib/armv7-m\libcr_c.a(strlen.o)
                0x00005bac                strlen
 .text.strncpy  0x00005bf8       0x54 c:/nxp/lpcxpresso_5.2.6_2137/lpcxpresso/tools/bin/../lib/gcc/arm-none-eabi/4.6.2/../../../../arm-none-eabi/lib/armv7-m\libcr_c.a(strncpy.o)
                0x00005bf8                strncpy
 .text._deferredlazyseek
                0x00005c4c       0x44 c:/nxp/lpcxpresso_5.2.6_2137/lpcxpresso/tools/bin/../lib/gcc/arm-none-eabi/4.6.2/../../../../arm-none-eabi/lib/armv7-m\libcr_c.a(_deferredlazyseek.o)
                0x00005c4c                _deferredlazyseek
 .text.__flsbuf
                0x00005c90      0x14e c:/nxp/lpcxpresso_5.2.6_2137/lpcxpresso/tools/bin/../lib/gcc/arm-none-eabi/4.6.2/../../../../arm-none-eabi/lib/armv7-m\libcr_c.a(_deferredlazyseek.o)
                0x00005c90                __flsbuf
 .text._fdopen  0x00005dde       0x6c c:/nxp/lpcxpresso_5.2.6_2137/lpcxpresso/tools/bin/../lib/gcc/arm-none-eabi/4.6.2/../../../../arm-none-eabi/lib/armv7-m\libcr_c.a(_fdopen.o)
                0x00005dde                _fdopen
 .text._fflush  0x00005e4a       0x58 c:/nxp/lpcxpresso_5.2.6_2137/lpcxpresso/tools/bin/../lib/gcc/arm-none-eabi/4.6.2/../../../../arm-none-eabi/lib/armv7-m\libcr_c.a(_fflush.o)
                0x00005e4a                _fflush
 .text._frexpl  0x00005ea2       0x60 c:/nxp/lpcxpresso_5.2.6_2137/lpcxpresso/tools/bin/../lib/gcc/arm-none-eabi/4.6.2/../../../../arm-none-eabi/lib/armv7-m\libcr_c.a(_frexpl.o)
                0x00005ea2                _frexpl
 *fill*         0x00005f02        0x2 00
 .text._ldexpl  0x00005f04       0x50 c:/nxp/lpcxpresso_5.2.6_2137/lpcxpresso/tools/bin/../lib/gcc/arm-none-eabi/4.6.2/../../../../arm-none-eabi/lib/armv7-m\libcr_c.a(_ldexpl.o)
                0x00005f04                _ldexpl
 .text._Cwritebuf
                0x00005f54       0x84 c:/nxp/lpcxpresso_5.2.6_2137/lpcxpresso/tools/bin/../lib/gcc/arm-none-eabi/4.6.2/../../../../arm-none-eabi/lib/armv7-m\libcr_c.a(_writebuf.o)
                0x00005f54                _Cwritebuf
 .text.malloc   0x00005fd8       0xbc c:/nxp/lpcxpresso_5.2.6_2137/lpcxpresso/tools/bin/../lib/gcc/arm-none-eabi/4.6.2/../../../../arm-none-eabi/lib/armv7-m\libcr_c.a(alloc.o)
                0x00005fd8                malloc
 .text.free     0x00006094        0xa c:/nxp/lpcxpresso_5.2.6_2137/lpcxpresso/tools/bin/../lib/gcc/arm-none-eabi/4.6.2/../../../../arm-none-eabi/lib/armv7-m\libcr_c.a(alloc.o)
                0x00006094                free
 *fill*         0x0000609e        0x2 00
 .text._Csys_alloc
                0x000060a0       0x20 c:/nxp/lpcxpresso_5.2.6_2137/lpcxpresso/tools/bin/../lib/gcc/arm-none-eabi/4.6.2/../../../../arm-none-eabi/lib/armv7-m\libcr_c.a(alloc.o)
                0x000060a0                _Csys_alloc
 .text.fclose   0x000060c0       0x6c c:/nxp/lpcxpresso_5.2.6_2137/lpcxpresso/tools/bin/../lib/gcc/arm-none-eabi/4.6.2/../../../../arm-none-eabi/lib/armv7-m\libcr_c.a(fclose.o)
                0x000060c0                fclose
 .text.fflush   0x0000612c       0x34 c:/nxp/lpcxpresso_5.2.6_2137/lpcxpresso/tools/bin/../lib/gcc/arm-none-eabi/4.6.2/../../../../arm-none-eabi/lib/armv7-m\libcr_c.a(fflush.o)
                0x0000612c                fflush
 .text.fseek    0x00006160      0x104 c:/nxp/lpcxpresso_5.2.6_2137/lpcxpresso/tools/bin/../lib/gcc/arm-none-eabi/4.6.2/../../../../arm-none-eabi/lib/armv7-m\libcr_c.a(fseek.o)
                0x00006160                fseek
 .text.ftell    0x00006264       0x4c c:/nxp/lpcxpresso_5.2.6_2137/lpcxpresso/tools/bin/../lib/gcc/arm-none-eabi/4.6.2/../../../../arm-none-eabi/lib/armv7-m\libcr_c.a(ftell.o)
                0x00006264                ftell
 .text.remove   0x000062b0       0x14 c:/nxp/lpcxpresso_5.2.6_2137/lpcxpresso/tools/bin/../lib/gcc/arm-none-eabi/4.6.2/../../../../arm-none-eabi/lib/armv7-m\libcr_c.a(remove.o)
                0x000062b0                remove
 .text._do_fflush
                0x000062c4       0x42 c:/nxp/lpcxpresso_5.2.6_2137/lpcxpresso/tools/bin/../lib/gcc/arm-none-eabi/4.6.2/../../../../arm-none-eabi/lib/armv7-m\libcr_c.a(_do_fflush.o)
                0x000062c4                _do_fflush
 *fill*         0x00006306        0x2 00
 .text.__aeabi_dmul
                0x00006308      0x138 c:/nxp/lpcxpresso_5.2.6_2137/lpcxpresso/tools/bin/../lib/gcc/arm-none-eabi/4.6.2/armv7-m\libcr_eabihelpers.a(double.o)
                0x00006308                __aeabi_dmul
 .text.__aeabi_ddiv
                0x00006440      0x168 c:/nxp/lpcxpresso_5.2.6_2137/lpcxpresso/tools/bin/../lib/gcc/arm-none-eabi/4.6.2/armv7-m\libcr_eabihelpers.a(double.o)
                0x00006440                __aeabi_ddiv
 .text.__aeabi_dsub
                0x000065a8      0x1f4 c:/nxp/lpcxpresso_5.2.6_2137/lpcxpresso/tools/bin/../lib/gcc/arm-none-eabi/4.6.2/armv7-m\libcr_eabihelpers.a(double.o)
                0x000065a8                __aeabi_dsub
 .text.__aeabi_dadd
                0x0000679c      0x154 c:/nxp/lpcxpresso_5.2.6_2137/lpcxpresso/tools/bin/../lib/gcc/arm-none-eabi/4.6.2/armv7-m\libcr_eabihelpers.a(double.o)
                0x0000679c                __aeabi_dadd
 .text.__aeabi_d2iz
                0x000068f0       0x40 c:/nxp/lpcxpresso_5.2.6_2137/lpcxpresso/tools/bin/../lib/gcc/arm-none-eabi/4.6.2/armv7-m\libcr_eabihelpers.a(double.o)
                0x000068f0                __aeabi_d2iz
 .text.__bhs_ui2d
                0x00006930       0x5c c:/nxp/lpcxpresso_5.2.6_2137/lpcxpresso/tools/bin/../lib/gcc/arm-none-eabi/4.6.2/armv7-m\libcr_eabihelpers.a(double.o)
                0x00006930                __bhs_ui2d
 .text.__aeabi_i2d
                0x0000698c       0x10 c:/nxp/lpcxpresso_5.2.6_2137/lpcxpresso/tools/bin/../lib/gcc/arm-none-eabi/4.6.2/armv7-m\libcr_eabihelpers.a(double.o)
                0x0000698c                __aeabi_i2d
 .text.__aeabi_dcmpeq
                0x0000699c       0x3c c:/nxp/lpcxpresso_5.2.6_2137/lpcxpresso/tools/bin/../lib/gcc/arm-none-eabi/4.6.2/armv7-m\libcr_eabihelpers.a(double.o)
                0x0000699c                __aeabi_dcmpeq
 .text.__aeabi_dcmplt
                0x000069d8       0x5c c:/nxp/lpcxpresso_5.2.6_2137/lpcxpresso/tools/bin/../lib/gcc/arm-none-eabi/4.6.2/armv7-m\libcr_eabihelpers.a(double.o)
                0x000069d8                __aeabi_dcmplt
 .text.__aeabi_dcmple
                0x00006a34       0x58 c:/nxp/lpcxpresso_5.2.6_2137/lpcxpresso/tools/bin/../lib/gcc/arm-none-eabi/4.6.2/armv7-m\libcr_eabihelpers.a(double.o)
                0x00006a34                __aeabi_dcmple
 .text.__aeabi_dcmpge
                0x00006a8c       0x5c c:/nxp/lpcxpresso_5.2.6_2137/lpcxpresso/tools/bin/../lib/gcc/arm-none-eabi/4.6.2/armv7-m\libcr_eabihelpers.a(double.o)
                0x00006a8c                __aeabi_dcmpge
 .text.__aeabi_memcpy
                0x00006ae8       0x26 c:/nxp/lpcxpresso_5.2.6_2137/lpcxpresso/tools/bin/../lib/gcc/arm-none-eabi/4.6.2/armv7-m\libcr_eabihelpers.a(memcpy.o)
                0x00006ae8                __aeabi_memcpy4
                0x00006ae8                __aeabi_memcpy8
                0x00006ae8                __aeabi_memcpy
 .text.__aeabi_memset_lowlevel
                0x00006b0e       0x24 c:/nxp/lpcxpresso_5.2.6_2137/lpcxpresso/tools/bin/../lib/gcc/arm-none-eabi/4.6.2/armv7-m\libcr_eabihelpers.a(memcpy.o)
                0x00006b0e                __aeabi_lowlevel_memset
 *fill*         0x00006b32        0x2 00
 .text.__sys_appexit
                0x00006b34        0xc c:/nxp/lpcxpresso_5.2.6_2137/lpcxpresso/tools/bin/../lib/gcc/arm-none-eabi/4.6.2/../../../../arm-none-eabi/lib/armv7-m\libcr_semihost.a(__sys_appexit.o)
                0x00006b34                __sys_appexit
                0x00006b34                __exit
 .text.__sys_close
                0x00006b40        0xc c:/nxp/lpcxpresso_5.2.6_2137/lpcxpresso/tools/bin/../lib/gcc/arm-none-eabi/4.6.2/../../../../arm-none-eabi/lib/armv7-m\libcr_semihost.a(__sys_close.o)
                0x00006b40                __sys_close
 .text.__sys_flen
                0x00006b4c        0xc c:/nxp/lpcxpresso_5.2.6_2137/lpcxpresso/tools/bin/../lib/gcc/arm-none-eabi/4.6.2/../../../../arm-none-eabi/lib/armv7-m\libcr_semihost.a(__sys_flen.o)
                0x00006b4c                __sys_flen
 .text.__sys_istty
                0x00006b58        0xc c:/nxp/lpcxpresso_5.2.6_2137/lpcxpresso/tools/bin/../lib/gcc/arm-none-eabi/4.6.2/../../../../arm-none-eabi/lib/armv7-m\libcr_semihost.a(__sys_istty.o)
                0x00006b58                __sys_istty
 .text.__sys_remove
                0x00006b64        0xc c:/nxp/lpcxpresso_5.2.6_2137/lpcxpresso/tools/bin/../lib/gcc/arm-none-eabi/4.6.2/../../../../arm-none-eabi/lib/armv7-m\libcr_semihost.a(__sys_remove.o)
                0x00006b64                __sys_remove
 .text.__sys_seek
                0x00006b70        0xc c:/nxp/lpcxpresso_5.2.6_2137/lpcxpresso/tools/bin/../lib/gcc/arm-none-eabi/4.6.2/../../../../arm-none-eabi/lib/armv7-m\libcr_semihost.a(__sys_seek.o)
                0x00006b70                __sys_seek
 .text.__sys_tmpnam
                0x00006b7c        0xc c:/nxp/lpcxpresso_5.2.6_2137/lpcxpresso/tools/bin/../lib/gcc/arm-none-eabi/4.6.2/../../../../arm-none-eabi/lib/armv7-m\libcr_semihost.a(__sys_tmpnam.o)
                0x00006b7c                __sys_tmpnam
 .text._sbrk    0x00006b88       0x40 c:/nxp/lpcxpresso_5.2.6_2137/lpcxpresso/tools/bin/../lib/gcc/arm-none-eabi/4.6.2/../../../../arm-none-eabi/lib/armv7-m\libcr_semihost.a(_cr_sbrk.o)
                0x00006b88                _sbrk
 .text.__check_heap_overflow
                0x00006bc8       0x2c c:/nxp/lpcxpresso_5.2.6_2137/lpcxpresso/tools/bin/../lib/gcc/arm-none-eabi/4.6.2/../../../../arm-none-eabi/lib/armv7-m\libcr_semihost.a(_cr_check_heap.o)
                0x00006bc8                __check_heap_overflow
 *(.rodata .rodata.*)
 .rodata        0x00006bf4       0x30 ./Oled_screen.o
 .rodata        0x00006c24       0x84 ./main.o
 .rodata.str1.4
                0x00006ca8        0x8 C:\Users\aluno\Desktop\ec020-free_rtos\source-code-for-LPC17xx-examples\FreeRTOS_Source\Debug\libFreeRTOS_Library.a(basic_io.o)
 .rodata        0x00006cb0       0x14 C:\Users\aluno\Desktop\ec020-free_rtos\source-code-for-LPC17xx-examples\FreeRTOS_Source\Debug\libFreeRTOS_Library.a(tasks.o)
 .rodata.str1.4
                0x00006cc4        0x8 C:\Users\aluno\Desktop\ec020-free_rtos\source-code-for-LPC17xx-examples\FreeRTOS_Source\Debug\libFreeRTOS_Library.a(tasks.o)
 .rodata        0x00006ccc        0x8 C:\Users\aluno\Desktop\ec020-free_rtos\Lib_EaBaseBoard\Debug\libLib_EaBaseBoard.a(oled.o)
 .rodata        0x00006cd4      0x300 C:\Users\aluno\Desktop\ec020-free_rtos\Lib_EaBaseBoard\Debug\libLib_EaBaseBoard.a(font5x7.o)
                0x00006cd4                font5x7
 .rodata        0x00006fd4       0x18 C:\Users\aluno\Desktop\ec020-free_rtos\Lib_MCU\Debug\libLib_MCU.a(lpc17xx_i2c.o)
 .rodata        0x00006fec       0x18 C:\Users\aluno\Desktop\ec020-free_rtos\Lib_MCU\Debug\libLib_MCU.a(lpc17xx_ssp.o)
 .rodata.str1.1
                0x00007004       0x34 c:/nxp/lpcxpresso_5.2.6_2137/lpcxpresso/tools/bin/../lib/gcc/arm-none-eabi/4.6.2/../../../../arm-none-eabi/lib/armv7-m\libcr_c.a(fpprintf.o)
                                 0x35 (size before relaxing)
 .rodata.str1.1
                0x00007038        0x4 c:/nxp/lpcxpresso_5.2.6_2137/lpcxpresso/tools/bin/../lib/gcc/arm-none-eabi/4.6.2/../../../../arm-none-eabi/lib/armv7-m\libcr_c.a(initio.o)
 .rodata.str1.1
                0x0000703c       0x31 c:/nxp/lpcxpresso_5.2.6_2137/lpcxpresso/tools/bin/../lib/gcc/arm-none-eabi/4.6.2/../../../../arm-none-eabi/lib/armv7-m\libcr_c.a(printf.o)
                                 0x38 (size before relaxing)
 .rodata.str1.1
                0x0000706d       0x18 c:/nxp/lpcxpresso_5.2.6_2137/lpcxpresso/tools/bin/../lib/gcc/arm-none-eabi/4.6.2/../../../../arm-none-eabi/lib/armv7-m\libcr_c.a(alloc.o)
 *fill*         0x00007085        0x3 00
 .rodata.__huge_vall
                0x00007088        0x8 c:/nxp/lpcxpresso_5.2.6_2137/lpcxpresso/tools/bin/../lib/gcc/arm-none-eabi/4.6.2/../../../../arm-none-eabi/lib/armv7-m\libcr_c.a(_hugeval.o)
                0x00007088                __huge_vall
                0x00007090                . = ALIGN (0x4)

.glue_7         0x00007090        0x0
 .glue_7        0x00000000        0x0 linker stubs

.glue_7t        0x00007090        0x0
 .glue_7t       0x00000000        0x0 linker stubs

.vfp11_veneer   0x00007090        0x0
 .vfp11_veneer  0x00000000        0x0 linker stubs

.v4_bx          0x00007090        0x0
 .v4_bx         0x00000000        0x0 linker stubs

.ARM.extab
 *(.ARM.extab* .gnu.linkonce.armextab.*)
                0x00007090                __exidx_start = .

.ARM.exidx
 *(.ARM.exidx* .gnu.linkonce.armexidx.*)
                0x00007090                __exidx_end = .
                0x00007090                _etext = .

.data_RAM2      0x2007c000        0x0 load address 0x00007090
 FILL mask 0xff
 *(.data.$RAM2*)
 *(.data.$RamAHB32*)
                0x2007c000                . = ALIGN (0x4)

.uninit_RESERVED
                0x10000000        0x0
 *(.bss.$RESERVED*)
                0x10000000                . = ALIGN (0x4)
                0x10000000                _end_uninit_RESERVED = .

.data           0x10000000       0x18 load address 0x00007090
 FILL mask 0xff
                0x10000000                _data = .
 *(vtable)
 *(.data*)
 .data          0x10000000        0x4 ./Oled_screen.o
 .data          0x10000004        0x4 C:\Users\aluno\Desktop\ec020-free_rtos\source-code-for-LPC17xx-examples\CMSISv1p30_LPC17xx\Debug\libCMSISv1p30_LPC17xx.a(system_LPC17xx.o)
                0x10000004                SystemCoreClock
 .data          0x10000008        0x4 C:\Users\aluno\Desktop\ec020-free_rtos\source-code-for-LPC17xx-examples\FreeRTOS_Source\Debug\libFreeRTOS_Library.a(port.o)
 .data          0x1000000c        0x4 C:\Users\aluno\Desktop\ec020-free_rtos\source-code-for-LPC17xx-examples\FreeRTOS_Source\Debug\libFreeRTOS_Library.a(heap_2.o)
 .data          0x10000010        0x8 C:\Users\aluno\Desktop\ec020-free_rtos\Lib_EaBaseBoard\Debug\libLib_EaBaseBoard.a(light.o)
                0x10000018                . = ALIGN (0x4)
                0x10000018                _edata = .

.bss_RAM2       0x2007c000        0x0
 *(.bss.$RAM2*)
 *(.bss.$RamAHB32*)
                0x2007c000                . = ALIGN (0x4)

.bss            0x10000018     0x2dec
                0x10000018                _bss = .
 *(.bss*)
 .bss           0x10000018        0xc ./Oled_screen.o
 .bss           0x10000024       0x34 C:\Users\aluno\Desktop\ec020-free_rtos\source-code-for-LPC17xx-examples\FreeRTOS_Source\Debug\libFreeRTOS_Library.a(basic_io.o)
 .bss           0x10000058      0x100 C:\Users\aluno\Desktop\ec020-free_rtos\source-code-for-LPC17xx-examples\FreeRTOS_Source\Debug\libFreeRTOS_Library.a(tasks.o)
                0x1000005c                pxCurrentTCB
 .bss           0x10000158     0x2818 C:\Users\aluno\Desktop\ec020-free_rtos\source-code-for-LPC17xx-examples\FreeRTOS_Source\Debug\libFreeRTOS_Library.a(heap_2.o)
 .bss           0x10002970      0x300 C:\Users\aluno\Desktop\ec020-free_rtos\Lib_EaBaseBoard\Debug\libLib_EaBaseBoard.a(oled.o)
 .bss           0x10002c70       0x24 C:\Users\aluno\Desktop\ec020-free_rtos\Lib_MCU\Debug\libLib_MCU.a(lpc17xx_i2c.o)
 .bss           0x10002c94       0x18 C:\Users\aluno\Desktop\ec020-free_rtos\Lib_MCU\Debug\libLib_MCU.a(lpc17xx_ssp.o)
 .bss.errno     0x10002cac        0x4 c:/nxp/lpcxpresso_5.2.6_2137/lpcxpresso/tools/bin/../lib/gcc/arm-none-eabi/4.6.2/../../../../arm-none-eabi/lib/armv7-m\libcr_c.a(errno.o)
                0x10002cac                errno
 *(COMMON)
 COMMON         0x10002cb0        0x4 ./Sensor.o
                0x10002cb0                ClassHandle
 COMMON         0x10002cb4        0x4 ./main.o
                0x10002cb4                xQueue
 COMMON         0x10002cb8        0x4 c:/nxp/lpcxpresso_5.2.6_2137/lpcxpresso/tools/bin/../lib/gcc/arm-none-eabi/4.6.2/../../../../arm-none-eabi/lib/armv7-m\libcr_c.a(initio.o)
                0x10002cb8                _extra
 COMMON         0x10002cbc      0x140 c:/nxp/lpcxpresso_5.2.6_2137/lpcxpresso/tools/bin/../lib/gcc/arm-none-eabi/4.6.2/../../../../arm-none-eabi/lib/armv7-m\libcr_c.a(stdio.o)
                0x10002cbc                __Ciob
 COMMON         0x10002dfc        0x8 c:/nxp/lpcxpresso_5.2.6_2137/lpcxpresso/tools/bin/../lib/gcc/arm-none-eabi/4.6.2/../../../../arm-none-eabi/lib/armv7-m\libcr_c.a(__init_alloc.o)
                0x10002dfc                __heaps
                0x10002e00                __end_of_heap
                0x10002e04                . = ALIGN (0x4)
                0x10002e04                _ebss = .
                0x10002e04                PROVIDE (end, .)

.noinit_RAM2    0x2007c000        0x0
 *(.noinit.$RAM2*)
 *(.noinit.$RamAHB32*)
                0x2007c000                . = ALIGN (0x4)

.noinit         0x10002e04        0x0
                0x10002e04                _noinit = .
 *(.noinit*)
                0x10002e04                . = ALIGN (0x4)
                0x10002e04                _end_noinit = .
                0x10002e04                PROVIDE (_pvHeapStart, .)
                0x10008000                PROVIDE (_vStackTop, (__top_RamLoc32 - 0x0))
OUTPUT(Example10.axf elf32-littlearm)

.debug_info     0x00000000     0x6c22
 .debug_info    0x00000000      0x374 ./Oled_screen.o
 .debug_info    0x00000374      0x2f3 ./Sensor.o
 .debug_info    0x00000667      0x210 ./cr_startup_lpc17.o
 .debug_info    0x00000877      0x229 ./main.o
 .debug_info    0x00000aa0      0x385 C:\Users\aluno\Desktop\ec020-free_rtos\source-code-for-LPC17xx-examples\CMSISv1p30_LPC17xx\Debug\libCMSISv1p30_LPC17xx.a(system_LPC17xx.o)
 .debug_info    0x00000e25      0x220 C:\Users\aluno\Desktop\ec020-free_rtos\source-code-for-LPC17xx-examples\FreeRTOS_Source\Debug\libFreeRTOS_Library.a(port.o)
 .debug_info    0x00001045      0x12c C:\Users\aluno\Desktop\ec020-free_rtos\source-code-for-LPC17xx-examples\FreeRTOS_Source\Debug\libFreeRTOS_Library.a(basic_io.o)
 .debug_info    0x00001171       0xaa C:\Users\aluno\Desktop\ec020-free_rtos\source-code-for-LPC17xx-examples\FreeRTOS_Source\Debug\libFreeRTOS_Library.a(consoleprint.o)
 .debug_info    0x0000121b      0x814 C:\Users\aluno\Desktop\ec020-free_rtos\source-code-for-LPC17xx-examples\FreeRTOS_Source\Debug\libFreeRTOS_Library.a(queue.o)
 .debug_info    0x00001a2f      0xe7c C:\Users\aluno\Desktop\ec020-free_rtos\source-code-for-LPC17xx-examples\FreeRTOS_Source\Debug\libFreeRTOS_Library.a(tasks.o)
 .debug_info    0x000028ab      0x2ef C:\Users\aluno\Desktop\ec020-free_rtos\source-code-for-LPC17xx-examples\FreeRTOS_Source\Debug\libFreeRTOS_Library.a(heap_2.o)
 .debug_info    0x00002b9a      0x2c5 C:\Users\aluno\Desktop\ec020-free_rtos\source-code-for-LPC17xx-examples\FreeRTOS_Source\Debug\libFreeRTOS_Library.a(list.o)
 .debug_info    0x00002e5f      0x763 C:\Users\aluno\Desktop\ec020-free_rtos\Lib_EaBaseBoard\Debug\libLib_EaBaseBoard.a(light.o)
 .debug_info    0x000035c2      0x97d C:\Users\aluno\Desktop\ec020-free_rtos\Lib_EaBaseBoard\Debug\libLib_EaBaseBoard.a(oled.o)
 .debug_info    0x00003f3f       0x65 C:\Users\aluno\Desktop\ec020-free_rtos\Lib_EaBaseBoard\Debug\libLib_EaBaseBoard.a(font5x7.o)
 .debug_info    0x00003fa4      0xb95 C:\Users\aluno\Desktop\ec020-free_rtos\Lib_MCU\Debug\libLib_MCU.a(lpc17xx_gpio.o)
 .debug_info    0x00004b39      0xcc3 C:\Users\aluno\Desktop\ec020-free_rtos\Lib_MCU\Debug\libLib_MCU.a(lpc17xx_i2c.o)
 .debug_info    0x000057fc       0xcd C:\Users\aluno\Desktop\ec020-free_rtos\Lib_MCU\Debug\libLib_MCU.a(lpc17xx_libcfg_default.o)
 .debug_info    0x000058c9      0x4b1 C:\Users\aluno\Desktop\ec020-free_rtos\Lib_MCU\Debug\libLib_MCU.a(lpc17xx_pinsel.o)
 .debug_info    0x00005d7a      0x867 C:\Users\aluno\Desktop\ec020-free_rtos\Lib_MCU\Debug\libLib_MCU.a(lpc17xx_ssp.o)
 .debug_info    0x000065e1      0x641 C:\Users\aluno\Desktop\ec020-free_rtos\Lib_MCU\Debug\libLib_MCU.a(lpc17xx_clkpwr.o)

.debug_abbrev   0x00000000     0x1aef
 .debug_abbrev  0x00000000      0x15c ./Oled_screen.o
 .debug_abbrev  0x0000015c      0x150 ./Sensor.o
 .debug_abbrev  0x000002ac       0xb4 ./cr_startup_lpc17.o
 .debug_abbrev  0x00000360      0x10b ./main.o
 .debug_abbrev  0x0000046b       0xce C:\Users\aluno\Desktop\ec020-free_rtos\source-code-for-LPC17xx-examples\CMSISv1p30_LPC17xx\Debug\libCMSISv1p30_LPC17xx.a(system_LPC17xx.o)
 .debug_abbrev  0x00000539      0x141 C:\Users\aluno\Desktop\ec020-free_rtos\source-code-for-LPC17xx-examples\FreeRTOS_Source\Debug\libFreeRTOS_Library.a(port.o)
 .debug_abbrev  0x0000067a       0x9b C:\Users\aluno\Desktop\ec020-free_rtos\source-code-for-LPC17xx-examples\FreeRTOS_Source\Debug\libFreeRTOS_Library.a(basic_io.o)
 .debug_abbrev  0x00000715       0x7b C:\Users\aluno\Desktop\ec020-free_rtos\source-code-for-LPC17xx-examples\FreeRTOS_Source\Debug\libFreeRTOS_Library.a(consoleprint.o)
 .debug_abbrev  0x00000790      0x1b3 C:\Users\aluno\Desktop\ec020-free_rtos\source-code-for-LPC17xx-examples\FreeRTOS_Source\Debug\libFreeRTOS_Library.a(queue.o)
 .debug_abbrev  0x00000943      0x2b1 C:\Users\aluno\Desktop\ec020-free_rtos\source-code-for-LPC17xx-examples\FreeRTOS_Source\Debug\libFreeRTOS_Library.a(tasks.o)
 .debug_abbrev  0x00000bf4      0x19e C:\Users\aluno\Desktop\ec020-free_rtos\source-code-for-LPC17xx-examples\FreeRTOS_Source\Debug\libFreeRTOS_Library.a(heap_2.o)
 .debug_abbrev  0x00000d92       0xda C:\Users\aluno\Desktop\ec020-free_rtos\source-code-for-LPC17xx-examples\FreeRTOS_Source\Debug\libFreeRTOS_Library.a(list.o)
 .debug_abbrev  0x00000e6c      0x1bd C:\Users\aluno\Desktop\ec020-free_rtos\Lib_EaBaseBoard\Debug\libLib_EaBaseBoard.a(light.o)
 .debug_abbrev  0x00001029      0x1f1 C:\Users\aluno\Desktop\ec020-free_rtos\Lib_EaBaseBoard\Debug\libLib_EaBaseBoard.a(oled.o)
 .debug_abbrev  0x0000121a       0x4b C:\Users\aluno\Desktop\ec020-free_rtos\Lib_EaBaseBoard\Debug\libLib_EaBaseBoard.a(font5x7.o)
 .debug_abbrev  0x00001265      0x185 C:\Users\aluno\Desktop\ec020-free_rtos\Lib_MCU\Debug\libLib_MCU.a(lpc17xx_gpio.o)
 .debug_abbrev  0x000013ea      0x24a C:\Users\aluno\Desktop\ec020-free_rtos\Lib_MCU\Debug\libLib_MCU.a(lpc17xx_i2c.o)
 .debug_abbrev  0x00001634       0x6a C:\Users\aluno\Desktop\ec020-free_rtos\Lib_MCU\Debug\libLib_MCU.a(lpc17xx_libcfg_default.o)
 .debug_abbrev  0x0000169e      0x10a C:\Users\aluno\Desktop\ec020-free_rtos\Lib_MCU\Debug\libLib_MCU.a(lpc17xx_pinsel.o)
 .debug_abbrev  0x000017a8      0x1d3 C:\Users\aluno\Desktop\ec020-free_rtos\Lib_MCU\Debug\libLib_MCU.a(lpc17xx_ssp.o)
 .debug_abbrev  0x0000197b      0x174 C:\Users\aluno\Desktop\ec020-free_rtos\Lib_MCU\Debug\libLib_MCU.a(lpc17xx_clkpwr.o)

.debug_loc      0x00000000     0x3203
 .debug_loc     0x00000000       0xe0 ./Oled_screen.o
 .debug_loc     0x000000e0       0x90 ./Sensor.o
 .debug_loc     0x00000170      0x1f0 ./cr_startup_lpc17.o
 .debug_loc     0x00000360      0x164 ./main.o
 .debug_loc     0x000004c4       0x58 C:\Users\aluno\Desktop\ec020-free_rtos\source-code-for-LPC17xx-examples\CMSISv1p30_LPC17xx\Debug\libCMSISv1p30_LPC17xx.a(system_LPC17xx.o)
 .debug_loc     0x0000051c       0x94 C:\Users\aluno\Desktop\ec020-free_rtos\source-code-for-LPC17xx-examples\FreeRTOS_Source\Debug\libFreeRTOS_Library.a(port.o)
 .debug_loc     0x000005b0       0x9a C:\Users\aluno\Desktop\ec020-free_rtos\source-code-for-LPC17xx-examples\FreeRTOS_Source\Debug\libFreeRTOS_Library.a(basic_io.o)
 .debug_loc     0x0000064a       0x5c C:\Users\aluno\Desktop\ec020-free_rtos\source-code-for-LPC17xx-examples\FreeRTOS_Source\Debug\libFreeRTOS_Library.a(consoleprint.o)
 .debug_loc     0x000006a6      0x68c C:\Users\aluno\Desktop\ec020-free_rtos\source-code-for-LPC17xx-examples\FreeRTOS_Source\Debug\libFreeRTOS_Library.a(queue.o)
 .debug_loc     0x00000d32      0xa90 C:\Users\aluno\Desktop\ec020-free_rtos\source-code-for-LPC17xx-examples\FreeRTOS_Source\Debug\libFreeRTOS_Library.a(tasks.o)
 .debug_loc     0x000017c2      0x201 C:\Users\aluno\Desktop\ec020-free_rtos\source-code-for-LPC17xx-examples\FreeRTOS_Source\Debug\libFreeRTOS_Library.a(heap_2.o)
 .debug_loc     0x000019c3       0x4a C:\Users\aluno\Desktop\ec020-free_rtos\source-code-for-LPC17xx-examples\FreeRTOS_Source\Debug\libFreeRTOS_Library.a(list.o)
 .debug_loc     0x00001a0d      0x378 C:\Users\aluno\Desktop\ec020-free_rtos\Lib_EaBaseBoard\Debug\libLib_EaBaseBoard.a(light.o)
 .debug_loc     0x00001d85      0x33e C:\Users\aluno\Desktop\ec020-free_rtos\Lib_EaBaseBoard\Debug\libLib_EaBaseBoard.a(oled.o)
 .debug_loc     0x000020c3      0x4d0 C:\Users\aluno\Desktop\ec020-free_rtos\Lib_MCU\Debug\libLib_MCU.a(lpc17xx_gpio.o)
 .debug_loc     0x00002593      0x4e4 C:\Users\aluno\Desktop\ec020-free_rtos\Lib_MCU\Debug\libLib_MCU.a(lpc17xx_i2c.o)
 .debug_loc     0x00002a77       0x38 C:\Users\aluno\Desktop\ec020-free_rtos\Lib_MCU\Debug\libLib_MCU.a(lpc17xx_libcfg_default.o)
 .debug_loc     0x00002aaf      0x150 C:\Users\aluno\Desktop\ec020-free_rtos\Lib_MCU\Debug\libLib_MCU.a(lpc17xx_pinsel.o)
 .debug_loc     0x00002bff      0x448 C:\Users\aluno\Desktop\ec020-free_rtos\Lib_MCU\Debug\libLib_MCU.a(lpc17xx_ssp.o)
 .debug_loc     0x00003047      0x1bc C:\Users\aluno\Desktop\ec020-free_rtos\Lib_MCU\Debug\libLib_MCU.a(lpc17xx_clkpwr.o)

.debug_aranges  0x00000000      0x670
 .debug_aranges
                0x00000000       0x38 ./Oled_screen.o
 .debug_aranges
                0x00000038       0x30 ./Sensor.o
 .debug_aranges
                0x00000068       0x70 ./cr_startup_lpc17.o
 .debug_aranges
                0x000000d8       0x50 ./main.o
 .debug_aranges
                0x00000128       0x28 C:\Users\aluno\Desktop\ec020-free_rtos\source-code-for-LPC17xx-examples\CMSISv1p30_LPC17xx\Debug\libCMSISv1p30_LPC17xx.a(system_LPC17xx.o)
 .debug_aranges
                0x00000150       0x20 C:\Users\aluno\Desktop\ec020-free_rtos\source-code-for-LPC17xx-examples\FreeRTOS_Source\Debug\libFreeRTOS_Library.a(port.o)
 .debug_aranges
                0x00000170       0x20 C:\Users\aluno\Desktop\ec020-free_rtos\source-code-for-LPC17xx-examples\FreeRTOS_Source\Debug\libFreeRTOS_Library.a(basic_io.o)
 .debug_aranges
                0x00000190       0x20 C:\Users\aluno\Desktop\ec020-free_rtos\source-code-for-LPC17xx-examples\FreeRTOS_Source\Debug\libFreeRTOS_Library.a(consoleprint.o)
 .debug_aranges
                0x000001b0       0x20 C:\Users\aluno\Desktop\ec020-free_rtos\source-code-for-LPC17xx-examples\FreeRTOS_Source\Debug\libFreeRTOS_Library.a(queue.o)
 .debug_aranges
                0x000001d0       0x20 C:\Users\aluno\Desktop\ec020-free_rtos\source-code-for-LPC17xx-examples\FreeRTOS_Source\Debug\libFreeRTOS_Library.a(tasks.o)
 .debug_aranges
                0x000001f0       0x20 C:\Users\aluno\Desktop\ec020-free_rtos\source-code-for-LPC17xx-examples\FreeRTOS_Source\Debug\libFreeRTOS_Library.a(heap_2.o)
 .debug_aranges
                0x00000210       0x20 C:\Users\aluno\Desktop\ec020-free_rtos\source-code-for-LPC17xx-examples\FreeRTOS_Source\Debug\libFreeRTOS_Library.a(list.o)
 .debug_aranges
                0x00000230       0x98 C:\Users\aluno\Desktop\ec020-free_rtos\Lib_EaBaseBoard\Debug\libLib_EaBaseBoard.a(light.o)
 .debug_aranges
                0x000002c8       0x90 C:\Users\aluno\Desktop\ec020-free_rtos\Lib_EaBaseBoard\Debug\libLib_EaBaseBoard.a(oled.o)
 .debug_aranges
                0x00000358       0xc8 C:\Users\aluno\Desktop\ec020-free_rtos\Lib_MCU\Debug\libLib_MCU.a(lpc17xx_gpio.o)
 .debug_aranges
                0x00000420       0xd0 C:\Users\aluno\Desktop\ec020-free_rtos\Lib_MCU\Debug\libLib_MCU.a(lpc17xx_i2c.o)
 .debug_aranges
                0x000004f0       0x20 C:\Users\aluno\Desktop\ec020-free_rtos\Lib_MCU\Debug\libLib_MCU.a(lpc17xx_libcfg_default.o)
 .debug_aranges
                0x00000510       0x48 C:\Users\aluno\Desktop\ec020-free_rtos\Lib_MCU\Debug\libLib_MCU.a(lpc17xx_pinsel.o)
 .debug_aranges
                0x00000558       0xb8 C:\Users\aluno\Desktop\ec020-free_rtos\Lib_MCU\Debug\libLib_MCU.a(lpc17xx_ssp.o)
 .debug_aranges
                0x00000610       0x60 C:\Users\aluno\Desktop\ec020-free_rtos\Lib_MCU\Debug\libLib_MCU.a(lpc17xx_clkpwr.o)

.debug_ranges   0x00000000      0x538
 .debug_ranges  0x00000000       0x28 ./Oled_screen.o
 .debug_ranges  0x00000028       0x20 ./Sensor.o
 .debug_ranges  0x00000048       0x60 ./cr_startup_lpc17.o
 .debug_ranges  0x000000a8       0x40 ./main.o
 .debug_ranges  0x000000e8       0x18 C:\Users\aluno\Desktop\ec020-free_rtos\source-code-for-LPC17xx-examples\CMSISv1p30_LPC17xx\Debug\libCMSISv1p30_LPC17xx.a(system_LPC17xx.o)
 .debug_ranges  0x00000100       0x78 C:\Users\aluno\Desktop\ec020-free_rtos\source-code-for-LPC17xx-examples\FreeRTOS_Source\Debug\libFreeRTOS_Library.a(tasks.o)
 .debug_ranges  0x00000178       0x88 C:\Users\aluno\Desktop\ec020-free_rtos\Lib_EaBaseBoard\Debug\libLib_EaBaseBoard.a(light.o)
 .debug_ranges  0x00000200       0x80 C:\Users\aluno\Desktop\ec020-free_rtos\Lib_EaBaseBoard\Debug\libLib_EaBaseBoard.a(oled.o)
 .debug_ranges  0x00000280       0xb8 C:\Users\aluno\Desktop\ec020-free_rtos\Lib_MCU\Debug\libLib_MCU.a(lpc17xx_gpio.o)
 .debug_ranges  0x00000338       0xc0 C:\Users\aluno\Desktop\ec020-free_rtos\Lib_MCU\Debug\libLib_MCU.a(lpc17xx_i2c.o)
 .debug_ranges  0x000003f8       0x10 C:\Users\aluno\Desktop\ec020-free_rtos\Lib_MCU\Debug\libLib_MCU.a(lpc17xx_libcfg_default.o)
 .debug_ranges  0x00000408       0x38 C:\Users\aluno\Desktop\ec020-free_rtos\Lib_MCU\Debug\libLib_MCU.a(lpc17xx_pinsel.o)
 .debug_ranges  0x00000440       0xa8 C:\Users\aluno\Desktop\ec020-free_rtos\Lib_MCU\Debug\libLib_MCU.a(lpc17xx_ssp.o)
 .debug_ranges  0x000004e8       0x50 C:\Users\aluno\Desktop\ec020-free_rtos\Lib_MCU\Debug\libLib_MCU.a(lpc17xx_clkpwr.o)

.debug_line     0x00000000     0x6dee
 .debug_line    0x00000000      0x4e5 ./Oled_screen.o
 .debug_line    0x000004e5      0x43a ./Sensor.o
 .debug_line    0x0000091f      0x465 ./cr_startup_lpc17.o
 .debug_line    0x00000d84      0x61c ./main.o
 .debug_line    0x000013a0      0x413 C:\Users\aluno\Desktop\ec020-free_rtos\source-code-for-LPC17xx-examples\CMSISv1p30_LPC17xx\Debug\libCMSISv1p30_LPC17xx.a(system_LPC17xx.o)
 .debug_line    0x000017b3      0x4fb C:\Users\aluno\Desktop\ec020-free_rtos\source-code-for-LPC17xx-examples\FreeRTOS_Source\Debug\libFreeRTOS_Library.a(port.o)
 .debug_line    0x00001cae      0x4fb C:\Users\aluno\Desktop\ec020-free_rtos\source-code-for-LPC17xx-examples\FreeRTOS_Source\Debug\libFreeRTOS_Library.a(basic_io.o)
 .debug_line    0x000021a9      0x2dc C:\Users\aluno\Desktop\ec020-free_rtos\source-code-for-LPC17xx-examples\FreeRTOS_Source\Debug\libFreeRTOS_Library.a(consoleprint.o)
 .debug_line    0x00002485      0x60f C:\Users\aluno\Desktop\ec020-free_rtos\source-code-for-LPC17xx-examples\FreeRTOS_Source\Debug\libFreeRTOS_Library.a(queue.o)
 .debug_line    0x00002a94      0x817 C:\Users\aluno\Desktop\ec020-free_rtos\source-code-for-LPC17xx-examples\FreeRTOS_Source\Debug\libFreeRTOS_Library.a(tasks.o)
 .debug_line    0x000032ab      0x535 C:\Users\aluno\Desktop\ec020-free_rtos\source-code-for-LPC17xx-examples\FreeRTOS_Source\Debug\libFreeRTOS_Library.a(heap_2.o)
 .debug_line    0x000037e0      0x4fb C:\Users\aluno\Desktop\ec020-free_rtos\source-code-for-LPC17xx-examples\FreeRTOS_Source\Debug\libFreeRTOS_Library.a(list.o)
 .debug_line    0x00003cdb      0x58e C:\Users\aluno\Desktop\ec020-free_rtos\Lib_EaBaseBoard\Debug\libLib_EaBaseBoard.a(light.o)
 .debug_line    0x00004269      0x767 C:\Users\aluno\Desktop\ec020-free_rtos\Lib_EaBaseBoard\Debug\libLib_EaBaseBoard.a(oled.o)
 .debug_line    0x000049d0       0x82 C:\Users\aluno\Desktop\ec020-free_rtos\Lib_EaBaseBoard\Debug\libLib_EaBaseBoard.a(font5x7.o)
 .debug_line    0x00004a52      0x5de C:\Users\aluno\Desktop\ec020-free_rtos\Lib_MCU\Debug\libLib_MCU.a(lpc17xx_gpio.o)
 .debug_line    0x00005030      0x8f9 C:\Users\aluno\Desktop\ec020-free_rtos\Lib_MCU\Debug\libLib_MCU.a(lpc17xx_i2c.o)
 .debug_line    0x00005929      0x37e C:\Users\aluno\Desktop\ec020-free_rtos\Lib_MCU\Debug\libLib_MCU.a(lpc17xx_libcfg_default.o)
 .debug_line    0x00005ca7      0x45d C:\Users\aluno\Desktop\ec020-free_rtos\Lib_MCU\Debug\libLib_MCU.a(lpc17xx_pinsel.o)
 .debug_line    0x00006104      0x82c C:\Users\aluno\Desktop\ec020-free_rtos\Lib_MCU\Debug\libLib_MCU.a(lpc17xx_ssp.o)
 .debug_line    0x00006930      0x4be C:\Users\aluno\Desktop\ec020-free_rtos\Lib_MCU\Debug\libLib_MCU.a(lpc17xx_clkpwr.o)

.debug_macinfo  0x00000000    0xb143f
 .debug_macinfo
                0x00000000     0x9b9c ./Oled_screen.o
 .debug_macinfo
                0x00009b9c     0x934c ./Sensor.o
 .debug_macinfo
                0x00012ee8     0x3d1a ./cr_startup_lpc17.o
 .debug_macinfo
                0x00016c02     0xa27d ./main.o
 .debug_macinfo
                0x00020e7f     0x83f8 C:\Users\aluno\Desktop\ec020-free_rtos\source-code-for-LPC17xx-examples\CMSISv1p30_LPC17xx\Debug\libCMSISv1p30_LPC17xx.a(system_LPC17xx.o)
 .debug_macinfo
                0x00029277     0x9de1 C:\Users\aluno\Desktop\ec020-free_rtos\source-code-for-LPC17xx-examples\FreeRTOS_Source\Debug\libFreeRTOS_Library.a(port.o)
 .debug_macinfo
                0x00033058     0x9e2d C:\Users\aluno\Desktop\ec020-free_rtos\source-code-for-LPC17xx-examples\FreeRTOS_Source\Debug\libFreeRTOS_Library.a(basic_io.o)
 .debug_macinfo
                0x0003ce85     0x2b75 C:\Users\aluno\Desktop\ec020-free_rtos\source-code-for-LPC17xx-examples\FreeRTOS_Source\Debug\libFreeRTOS_Library.a(consoleprint.o)
 .debug_macinfo
                0x0003f9fa     0xa4c3 C:\Users\aluno\Desktop\ec020-free_rtos\source-code-for-LPC17xx-examples\FreeRTOS_Source\Debug\libFreeRTOS_Library.a(queue.o)
 .debug_macinfo
                0x00049ebd     0xa761 C:\Users\aluno\Desktop\ec020-free_rtos\source-code-for-LPC17xx-examples\FreeRTOS_Source\Debug\libFreeRTOS_Library.a(tasks.o)
 .debug_macinfo
                0x0005461e     0x9f77 C:\Users\aluno\Desktop\ec020-free_rtos\source-code-for-LPC17xx-examples\FreeRTOS_Source\Debug\libFreeRTOS_Library.a(heap_2.o)
 .debug_macinfo
                0x0005e595     0x98ca C:\Users\aluno\Desktop\ec020-free_rtos\source-code-for-LPC17xx-examples\FreeRTOS_Source\Debug\libFreeRTOS_Library.a(list.o)
 .debug_macinfo
                0x00067e5f     0x8e3a C:\Users\aluno\Desktop\ec020-free_rtos\Lib_EaBaseBoard\Debug\libLib_EaBaseBoard.a(light.o)
 .debug_macinfo
                0x00070c99     0xa143 C:\Users\aluno\Desktop\ec020-free_rtos\Lib_EaBaseBoard\Debug\libLib_EaBaseBoard.a(oled.o)
 .debug_macinfo
                0x0007addc     0x332a C:\Users\aluno\Desktop\ec020-free_rtos\Lib_EaBaseBoard\Debug\libLib_EaBaseBoard.a(font5x7.o)
 .debug_macinfo
                0x0007e106     0x86b8 C:\Users\aluno\Desktop\ec020-free_rtos\Lib_MCU\Debug\libLib_MCU.a(lpc17xx_gpio.o)
 .debug_macinfo
                0x000867be     0xa5d8 C:\Users\aluno\Desktop\ec020-free_rtos\Lib_MCU\Debug\libLib_MCU.a(lpc17xx_i2c.o)
 .debug_macinfo
                0x00090d96     0x400d C:\Users\aluno\Desktop\ec020-free_rtos\Lib_MCU\Debug\libLib_MCU.a(lpc17xx_libcfg_default.o)
 .debug_macinfo
                0x00094da3     0x87d3 C:\Users\aluno\Desktop\ec020-free_rtos\Lib_MCU\Debug\libLib_MCU.a(lpc17xx_pinsel.o)
 .debug_macinfo
                0x0009d576     0xa8d0 C:\Users\aluno\Desktop\ec020-free_rtos\Lib_MCU\Debug\libLib_MCU.a(lpc17xx_ssp.o)
 .debug_macinfo
                0x000a7e46     0x95f9 C:\Users\aluno\Desktop\ec020-free_rtos\Lib_MCU\Debug\libLib_MCU.a(lpc17xx_clkpwr.o)

.debug_str      0x00000000     0x28d1
 .debug_str     0x00000000      0x251 ./Oled_screen.o
                                0x282 (size before relaxing)
 .debug_str     0x00000251       0xf6 ./Sensor.o
                                0x297 (size before relaxing)
 .debug_str     0x00000347      0x147 ./cr_startup_lpc17.o
                                0x221 (size before relaxing)
 .debug_str     0x0000048e       0xf7 ./main.o
                                0x253 (size before relaxing)
 .debug_str     0x00000585      0x1e4 C:\Users\aluno\Desktop\ec020-free_rtos\source-code-for-LPC17xx-examples\CMSISv1p30_LPC17xx\Debug\libCMSISv1p30_LPC17xx.a(system_LPC17xx.o)
                                0x2bc (size before relaxing)
 .debug_str     0x00000769      0x181 C:\Users\aluno\Desktop\ec020-free_rtos\source-code-for-LPC17xx-examples\FreeRTOS_Source\Debug\libFreeRTOS_Library.a(port.o)
                                0x27c (size before relaxing)
 .debug_str     0x000008ea       0x54 C:\Users\aluno\Desktop\ec020-free_rtos\source-code-for-LPC17xx-examples\FreeRTOS_Source\Debug\libFreeRTOS_Library.a(basic_io.o)
                                0x188 (size before relaxing)
 .debug_str     0x0000093e       0x37 C:\Users\aluno\Desktop\ec020-free_rtos\source-code-for-LPC17xx-examples\FreeRTOS_Source\Debug\libFreeRTOS_Library.a(consoleprint.o)
                                0x110 (size before relaxing)
 .debug_str     0x00000975      0x3ca C:\Users\aluno\Desktop\ec020-free_rtos\source-code-for-LPC17xx-examples\FreeRTOS_Source\Debug\libFreeRTOS_Library.a(queue.o)
                                0x537 (size before relaxing)
 .debug_str     0x00000d3f      0x616 C:\Users\aluno\Desktop\ec020-free_rtos\source-code-for-LPC17xx-examples\FreeRTOS_Source\Debug\libFreeRTOS_Library.a(tasks.o)
                                0x8d0 (size before relaxing)
 .debug_str     0x00001355      0x150 C:\Users\aluno\Desktop\ec020-free_rtos\source-code-for-LPC17xx-examples\FreeRTOS_Source\Debug\libFreeRTOS_Library.a(heap_2.o)
                                0x2a3 (size before relaxing)
 .debug_str     0x000014a5       0x92 C:\Users\aluno\Desktop\ec020-free_rtos\source-code-for-LPC17xx-examples\FreeRTOS_Source\Debug\libFreeRTOS_Library.a(list.o)
                                0x26a (size before relaxing)
 .debug_str     0x00001537      0x368 C:\Users\aluno\Desktop\ec020-free_rtos\Lib_EaBaseBoard\Debug\libLib_EaBaseBoard.a(light.o)
                                0x4fd (size before relaxing)
 .debug_str     0x0000189f      0x20b C:\Users\aluno\Desktop\ec020-free_rtos\Lib_EaBaseBoard\Debug\libLib_EaBaseBoard.a(oled.o)
                                0x3b5 (size before relaxing)
 .debug_str     0x00001aaa       0x11 C:\Users\aluno\Desktop\ec020-free_rtos\Lib_EaBaseBoard\Debug\libLib_EaBaseBoard.a(font5x7.o)
                                 0xc0 (size before relaxing)
 .debug_str     0x00001abb      0x379 C:\Users\aluno\Desktop\ec020-free_rtos\Lib_MCU\Debug\libLib_MCU.a(lpc17xx_gpio.o)
                                0x471 (size before relaxing)
 .debug_str     0x00001e34      0x52d C:\Users\aluno\Desktop\ec020-free_rtos\Lib_MCU\Debug\libLib_MCU.a(lpc17xx_i2c.o)
                                0x807 (size before relaxing)
 .debug_str     0x00002361       0x32 C:\Users\aluno\Desktop\ec020-free_rtos\Lib_MCU\Debug\libLib_MCU.a(lpc17xx_libcfg_default.o)
                                0x14a (size before relaxing)
 .debug_str     0x00002393      0x214 C:\Users\aluno\Desktop\ec020-free_rtos\Lib_MCU\Debug\libLib_MCU.a(lpc17xx_pinsel.o)
                                0x3a6 (size before relaxing)
 .debug_str     0x000025a7      0x211 C:\Users\aluno\Desktop\ec020-free_rtos\Lib_MCU\Debug\libLib_MCU.a(lpc17xx_ssp.o)
                                0x484 (size before relaxing)
 .debug_str     0x000027b8      0x119 C:\Users\aluno\Desktop\ec020-free_rtos\Lib_MCU\Debug\libLib_MCU.a(lpc17xx_clkpwr.o)
                                0x3a2 (size before relaxing)

.comment        0x00000000       0xe0
 .comment       0x00000000       0x70 ./Oled_screen.o
                                 0x71 (size before relaxing)
 .comment       0x00000000       0x71 ./Sensor.o
 .comment       0x00000000       0x71 ./cr_startup_lpc17.o
 .comment       0x00000000       0x71 ./main.o
 .comment       0x00000000       0x71 C:\Users\aluno\Desktop\ec020-free_rtos\source-code-for-LPC17xx-examples\CMSISv1p30_LPC17xx\Debug\libCMSISv1p30_LPC17xx.a(system_LPC17xx.o)
 .comment       0x00000000       0x71 C:\Users\aluno\Desktop\ec020-free_rtos\source-code-for-LPC17xx-examples\FreeRTOS_Source\Debug\libFreeRTOS_Library.a(port.o)
 .comment       0x00000000       0x71 C:\Users\aluno\Desktop\ec020-free_rtos\source-code-for-LPC17xx-examples\FreeRTOS_Source\Debug\libFreeRTOS_Library.a(basic_io.o)
 .comment       0x00000000       0x71 C:\Users\aluno\Desktop\ec020-free_rtos\source-code-for-LPC17xx-examples\FreeRTOS_Source\Debug\libFreeRTOS_Library.a(consoleprint.o)
 .comment       0x00000000       0x71 C:\Users\aluno\Desktop\ec020-free_rtos\source-code-for-LPC17xx-examples\FreeRTOS_Source\Debug\libFreeRTOS_Library.a(queue.o)
 .comment       0x00000000       0x71 C:\Users\aluno\Desktop\ec020-free_rtos\source-code-for-LPC17xx-examples\FreeRTOS_Source\Debug\libFreeRTOS_Library.a(tasks.o)
 .comment       0x00000000       0x71 C:\Users\aluno\Desktop\ec020-free_rtos\source-code-for-LPC17xx-examples\FreeRTOS_Source\Debug\libFreeRTOS_Library.a(heap_2.o)
 .comment       0x00000000       0x71 C:\Users\aluno\Desktop\ec020-free_rtos\source-code-for-LPC17xx-examples\FreeRTOS_Source\Debug\libFreeRTOS_Library.a(list.o)
 .comment       0x00000000       0x71 C:\Users\aluno\Desktop\ec020-free_rtos\Lib_EaBaseBoard\Debug\libLib_EaBaseBoard.a(light.o)
 .comment       0x00000000       0x71 C:\Users\aluno\Desktop\ec020-free_rtos\Lib_EaBaseBoard\Debug\libLib_EaBaseBoard.a(oled.o)
 .comment       0x00000000       0x71 C:\Users\aluno\Desktop\ec020-free_rtos\Lib_EaBaseBoard\Debug\libLib_EaBaseBoard.a(font5x7.o)
 .comment       0x00000000       0x71 C:\Users\aluno\Desktop\ec020-free_rtos\Lib_MCU\Debug\libLib_MCU.a(lpc17xx_gpio.o)
 .comment       0x00000000       0x71 C:\Users\aluno\Desktop\ec020-free_rtos\Lib_MCU\Debug\libLib_MCU.a(lpc17xx_i2c.o)
 .comment       0x00000000       0x71 C:\Users\aluno\Desktop\ec020-free_rtos\Lib_MCU\Debug\libLib_MCU.a(lpc17xx_libcfg_default.o)
 .comment       0x00000000       0x71 C:\Users\aluno\Desktop\ec020-free_rtos\Lib_MCU\Debug\libLib_MCU.a(lpc17xx_pinsel.o)
 .comment       0x00000000       0x71 C:\Users\aluno\Desktop\ec020-free_rtos\Lib_MCU\Debug\libLib_MCU.a(lpc17xx_ssp.o)
 .comment       0x00000000       0x71 C:\Users\aluno\Desktop\ec020-free_rtos\Lib_MCU\Debug\libLib_MCU.a(lpc17xx_clkpwr.o)
 .comment       0x00000070       0x70 c:/nxp/lpcxpresso_5.2.6_2137/lpcxpresso/tools/bin/../lib/gcc/arm-none-eabi/4.6.2/../../../../arm-none-eabi/lib/armv7-m\libcr_semihost.a(_cr__main.o)
                                 0x71 (size before relaxing)
 .comment       0x00000000       0x71 c:/nxp/lpcxpresso_5.2.6_2137/lpcxpresso/tools/bin/../lib/gcc/arm-none-eabi/4.6.2/../../../../arm-none-eabi/lib/armv7-m\libcr_c.a(memcpy.o)
 .comment       0x00000000       0x71 c:/nxp/lpcxpresso_5.2.6_2137/lpcxpresso/tools/bin/../lib/gcc/arm-none-eabi/4.6.2/../../../../arm-none-eabi/lib/armv7-m\libcr_c.a(memset.o)
 .comment       0x00000000       0x71 c:/nxp/lpcxpresso_5.2.6_2137/lpcxpresso/tools/bin/../lib/gcc/arm-none-eabi/4.6.2/../../../../arm-none-eabi/lib/armv7-m\libcr_c.a(fpprintf.o)
 .comment       0x00000000       0x71 c:/nxp/lpcxpresso_5.2.6_2137/lpcxpresso/tools/bin/../lib/gcc/arm-none-eabi/4.6.2/../../../../arm-none-eabi/lib/armv7-m\libcr_c.a(initio.o)
 .comment       0x00000000       0x71 c:/nxp/lpcxpresso_5.2.6_2137/lpcxpresso/tools/bin/../lib/gcc/arm-none-eabi/4.6.2/../../../../arm-none-eabi/lib/armv7-m\libcr_c.a(memcmp.o)
 .comment       0x00000000       0x71 c:/nxp/lpcxpresso_5.2.6_2137/lpcxpresso/tools/bin/../lib/gcc/arm-none-eabi/4.6.2/../../../../arm-none-eabi/lib/armv7-m\libcr_c.a(printf.o)
 .comment       0x00000000       0x71 c:/nxp/lpcxpresso_5.2.6_2137/lpcxpresso/tools/bin/../lib/gcc/arm-none-eabi/4.6.2/../../../../arm-none-eabi/lib/armv7-m\libcr_c.a(setvbuf.o)
 .comment       0x00000000       0x71 c:/nxp/lpcxpresso_5.2.6_2137/lpcxpresso/tools/bin/../lib/gcc/arm-none-eabi/4.6.2/../../../../arm-none-eabi/lib/armv7-m\libcr_c.a(stdio.o)
 .comment       0x00000000       0x71 c:/nxp/lpcxpresso_5.2.6_2137/lpcxpresso/tools/bin/../lib/gcc/arm-none-eabi/4.6.2/../../../../arm-none-eabi/lib/armv7-m\libcr_c.a(strcpy.o)
 .comment       0x00000000       0x71 c:/nxp/lpcxpresso_5.2.6_2137/lpcxpresso/tools/bin/../lib/gcc/arm-none-eabi/4.6.2/../../../../arm-none-eabi/lib/armv7-m\libcr_c.a(strlen.o)
 .comment       0x00000000       0x71 c:/nxp/lpcxpresso_5.2.6_2137/lpcxpresso/tools/bin/../lib/gcc/arm-none-eabi/4.6.2/../../../../arm-none-eabi/lib/armv7-m\libcr_c.a(strncpy.o)
 .comment       0x00000000       0x71 c:/nxp/lpcxpresso_5.2.6_2137/lpcxpresso/tools/bin/../lib/gcc/arm-none-eabi/4.6.2/../../../../arm-none-eabi/lib/armv7-m\libcr_c.a(__fillbuf.o)
 .comment       0x00000000       0x71 c:/nxp/lpcxpresso_5.2.6_2137/lpcxpresso/tools/bin/../lib/gcc/arm-none-eabi/4.6.2/../../../../arm-none-eabi/lib/armv7-m\libcr_c.a(_deferredlazyseek.o)
 .comment       0x00000000       0x71 c:/nxp/lpcxpresso_5.2.6_2137/lpcxpresso/tools/bin/../lib/gcc/arm-none-eabi/4.6.2/../../../../arm-none-eabi/lib/armv7-m\libcr_c.a(_fdopen.o)
 .comment       0x00000000       0x71 c:/nxp/lpcxpresso_5.2.6_2137/lpcxpresso/tools/bin/../lib/gcc/arm-none-eabi/4.6.2/../../../../arm-none-eabi/lib/armv7-m\libcr_c.a(_fflush.o)
 .comment       0x00000000       0x71 c:/nxp/lpcxpresso_5.2.6_2137/lpcxpresso/tools/bin/../lib/gcc/arm-none-eabi/4.6.2/../../../../arm-none-eabi/lib/armv7-m\libcr_c.a(_frexpl.o)
 .comment       0x00000000       0x71 c:/nxp/lpcxpresso_5.2.6_2137/lpcxpresso/tools/bin/../lib/gcc/arm-none-eabi/4.6.2/../../../../arm-none-eabi/lib/armv7-m\libcr_c.a(_ldexpl.o)
 .comment       0x00000000       0x71 c:/nxp/lpcxpresso_5.2.6_2137/lpcxpresso/tools/bin/../lib/gcc/arm-none-eabi/4.6.2/../../../../arm-none-eabi/lib/armv7-m\libcr_c.a(_writebuf.o)
 .comment       0x00000000       0x71 c:/nxp/lpcxpresso_5.2.6_2137/lpcxpresso/tools/bin/../lib/gcc/arm-none-eabi/4.6.2/../../../../arm-none-eabi/lib/armv7-m\libcr_c.a(alloc.o)
 .comment       0x00000000       0x71 c:/nxp/lpcxpresso_5.2.6_2137/lpcxpresso/tools/bin/../lib/gcc/arm-none-eabi/4.6.2/../../../../arm-none-eabi/lib/armv7-m\libcr_c.a(errno.o)
 .comment       0x00000000       0x71 c:/nxp/lpcxpresso_5.2.6_2137/lpcxpresso/tools/bin/../lib/gcc/arm-none-eabi/4.6.2/../../../../arm-none-eabi/lib/armv7-m\libcr_c.a(fclose.o)
 .comment       0x00000000       0x71 c:/nxp/lpcxpresso_5.2.6_2137/lpcxpresso/tools/bin/../lib/gcc/arm-none-eabi/4.6.2/../../../../arm-none-eabi/lib/armv7-m\libcr_c.a(fflush.o)
 .comment       0x00000000       0x71 c:/nxp/lpcxpresso_5.2.6_2137/lpcxpresso/tools/bin/../lib/gcc/arm-none-eabi/4.6.2/../../../../arm-none-eabi/lib/armv7-m\libcr_c.a(fseek.o)
 .comment       0x00000000       0x71 c:/nxp/lpcxpresso_5.2.6_2137/lpcxpresso/tools/bin/../lib/gcc/arm-none-eabi/4.6.2/../../../../arm-none-eabi/lib/armv7-m\libcr_c.a(ftell.o)
 .comment       0x00000000       0x71 c:/nxp/lpcxpresso_5.2.6_2137/lpcxpresso/tools/bin/../lib/gcc/arm-none-eabi/4.6.2/../../../../arm-none-eabi/lib/armv7-m\libcr_c.a(remove.o)
 .comment       0x00000000       0x71 c:/nxp/lpcxpresso_5.2.6_2137/lpcxpresso/tools/bin/../lib/gcc/arm-none-eabi/4.6.2/../../../../arm-none-eabi/lib/armv7-m\libcr_c.a(__init_alloc.o)
 .comment       0x00000000       0x71 c:/nxp/lpcxpresso_5.2.6_2137/lpcxpresso/tools/bin/../lib/gcc/arm-none-eabi/4.6.2/../../../../arm-none-eabi/lib/armv7-m\libcr_c.a(_do_fflush.o)
 .comment       0x00000000       0x71 c:/nxp/lpcxpresso_5.2.6_2137/lpcxpresso/tools/bin/../lib/gcc/arm-none-eabi/4.6.2/../../../../arm-none-eabi/lib/armv7-m\libcr_c.a(_hugeval.o)
 .comment       0x00000000       0x71 c:/nxp/lpcxpresso_5.2.6_2137/lpcxpresso/tools/bin/../lib/gcc/arm-none-eabi/4.6.2/armv7-m\libcr_eabihelpers.a(double.o)
 .comment       0x00000000       0x71 c:/nxp/lpcxpresso_5.2.6_2137/lpcxpresso/tools/bin/../lib/gcc/arm-none-eabi/4.6.2/../../../../arm-none-eabi/lib/armv7-m\libcr_semihost.a(_cr_sbrk.o)
 .comment       0x00000000       0x71 c:/nxp/lpcxpresso_5.2.6_2137/lpcxpresso/tools/bin/../lib/gcc/arm-none-eabi/4.6.2/../../../../arm-none-eabi/lib/armv7-m\libcr_semihost.a(_cr_check_heap.o)

.ARM.attributes
                0x00000000       0x31
 .ARM.attributes
                0x00000000       0x33 ./Oled_screen.o
 .ARM.attributes
                0x00000033       0x33 ./Sensor.o
 .ARM.attributes
                0x00000066       0x33 ./cr_startup_lpc17.o
 .ARM.attributes
                0x00000099       0x33 ./main.o
 .ARM.attributes
                0x000000cc       0x33 C:\Users\aluno\Desktop\ec020-free_rtos\source-code-for-LPC17xx-examples\CMSISv1p30_LPC17xx\Debug\libCMSISv1p30_LPC17xx.a(system_LPC17xx.o)
 .ARM.attributes
                0x000000ff       0x33 C:\Users\aluno\Desktop\ec020-free_rtos\source-code-for-LPC17xx-examples\FreeRTOS_Source\Debug\libFreeRTOS_Library.a(port.o)
 .ARM.attributes
                0x00000132       0x33 C:\Users\aluno\Desktop\ec020-free_rtos\source-code-for-LPC17xx-examples\FreeRTOS_Source\Debug\libFreeRTOS_Library.a(basic_io.o)
 .ARM.attributes
                0x00000165       0x33 C:\Users\aluno\Desktop\ec020-free_rtos\source-code-for-LPC17xx-examples\FreeRTOS_Source\Debug\libFreeRTOS_Library.a(consoleprint.o)
 .ARM.attributes
                0x00000198       0x33 C:\Users\aluno\Desktop\ec020-free_rtos\source-code-for-LPC17xx-examples\FreeRTOS_Source\Debug\libFreeRTOS_Library.a(queue.o)
 .ARM.attributes
                0x000001cb       0x33 C:\Users\aluno\Desktop\ec020-free_rtos\source-code-for-LPC17xx-examples\FreeRTOS_Source\Debug\libFreeRTOS_Library.a(tasks.o)
 .ARM.attributes
                0x000001fe       0x33 C:\Users\aluno\Desktop\ec020-free_rtos\source-code-for-LPC17xx-examples\FreeRTOS_Source\Debug\libFreeRTOS_Library.a(heap_2.o)
 .ARM.attributes
                0x00000231       0x33 C:\Users\aluno\Desktop\ec020-free_rtos\source-code-for-LPC17xx-examples\FreeRTOS_Source\Debug\libFreeRTOS_Library.a(list.o)
 .ARM.attributes
                0x00000264       0x33 C:\Users\aluno\Desktop\ec020-free_rtos\Lib_EaBaseBoard\Debug\libLib_EaBaseBoard.a(light.o)
 .ARM.attributes
                0x00000297       0x33 C:\Users\aluno\Desktop\ec020-free_rtos\Lib_EaBaseBoard\Debug\libLib_EaBaseBoard.a(oled.o)
 .ARM.attributes
                0x000002ca       0x33 C:\Users\aluno\Desktop\ec020-free_rtos\Lib_EaBaseBoard\Debug\libLib_EaBaseBoard.a(font5x7.o)
 .ARM.attributes
                0x000002fd       0x33 C:\Users\aluno\Desktop\ec020-free_rtos\Lib_MCU\Debug\libLib_MCU.a(lpc17xx_gpio.o)
 .ARM.attributes
                0x00000330       0x33 C:\Users\aluno\Desktop\ec020-free_rtos\Lib_MCU\Debug\libLib_MCU.a(lpc17xx_i2c.o)
 .ARM.attributes
                0x00000363       0x33 C:\Users\aluno\Desktop\ec020-free_rtos\Lib_MCU\Debug\libLib_MCU.a(lpc17xx_libcfg_default.o)
 .ARM.attributes
                0x00000396       0x33 C:\Users\aluno\Desktop\ec020-free_rtos\Lib_MCU\Debug\libLib_MCU.a(lpc17xx_pinsel.o)
 .ARM.attributes
                0x000003c9       0x33 C:\Users\aluno\Desktop\ec020-free_rtos\Lib_MCU\Debug\libLib_MCU.a(lpc17xx_ssp.o)
 .ARM.attributes
                0x000003fc       0x33 C:\Users\aluno\Desktop\ec020-free_rtos\Lib_MCU\Debug\libLib_MCU.a(lpc17xx_clkpwr.o)
 .ARM.attributes
                0x0000042f       0x21 c:/nxp/lpcxpresso_5.2.6_2137/lpcxpresso/tools/bin/../lib/gcc/arm-none-eabi/4.6.2/../../../../arm-none-eabi/lib/armv7-m\libcr_semihost.a(__sys_write.o)
 .ARM.attributes
                0x00000450       0x33 c:/nxp/lpcxpresso_5.2.6_2137/lpcxpresso/tools/bin/../lib/gcc/arm-none-eabi/4.6.2/../../../../arm-none-eabi/lib/armv7-m\libcr_semihost.a(_cr__main.o)
 .ARM.attributes
                0x00000483       0x33 c:/nxp/lpcxpresso_5.2.6_2137/lpcxpresso/tools/bin/../lib/gcc/arm-none-eabi/4.6.2/../../../../arm-none-eabi/lib/armv7-m\libcr_c.a(memcpy.o)
 .ARM.attributes
                0x000004b6       0x33 c:/nxp/lpcxpresso_5.2.6_2137/lpcxpresso/tools/bin/../lib/gcc/arm-none-eabi/4.6.2/../../../../arm-none-eabi/lib/armv7-m\libcr_c.a(memset.o)
 .ARM.attributes
                0x000004e9       0x33 c:/nxp/lpcxpresso_5.2.6_2137/lpcxpresso/tools/bin/../lib/gcc/arm-none-eabi/4.6.2/../../../../arm-none-eabi/lib/armv7-m\libcr_c.a(fpprintf.o)
 .ARM.attributes
                0x0000051c       0x33 c:/nxp/lpcxpresso_5.2.6_2137/lpcxpresso/tools/bin/../lib/gcc/arm-none-eabi/4.6.2/../../../../arm-none-eabi/lib/armv7-m\libcr_c.a(initio.o)
 .ARM.attributes
                0x0000054f       0x33 c:/nxp/lpcxpresso_5.2.6_2137/lpcxpresso/tools/bin/../lib/gcc/arm-none-eabi/4.6.2/../../../../arm-none-eabi/lib/armv7-m\libcr_c.a(memcmp.o)
 .ARM.attributes
                0x00000582       0x33 c:/nxp/lpcxpresso_5.2.6_2137/lpcxpresso/tools/bin/../lib/gcc/arm-none-eabi/4.6.2/../../../../arm-none-eabi/lib/armv7-m\libcr_c.a(printf.o)
 .ARM.attributes
                0x000005b5       0x33 c:/nxp/lpcxpresso_5.2.6_2137/lpcxpresso/tools/bin/../lib/gcc/arm-none-eabi/4.6.2/../../../../arm-none-eabi/lib/armv7-m\libcr_c.a(setvbuf.o)
 .ARM.attributes
                0x000005e8       0x33 c:/nxp/lpcxpresso_5.2.6_2137/lpcxpresso/tools/bin/../lib/gcc/arm-none-eabi/4.6.2/../../../../arm-none-eabi/lib/armv7-m\libcr_c.a(stdio.o)
 .ARM.attributes
                0x0000061b       0x33 c:/nxp/lpcxpresso_5.2.6_2137/lpcxpresso/tools/bin/../lib/gcc/arm-none-eabi/4.6.2/../../../../arm-none-eabi/lib/armv7-m\libcr_c.a(strcpy.o)
 .ARM.attributes
                0x0000064e       0x33 c:/nxp/lpcxpresso_5.2.6_2137/lpcxpresso/tools/bin/../lib/gcc/arm-none-eabi/4.6.2/../../../../arm-none-eabi/lib/armv7-m\libcr_c.a(strlen.o)
 .ARM.attributes
                0x00000681       0x33 c:/nxp/lpcxpresso_5.2.6_2137/lpcxpresso/tools/bin/../lib/gcc/arm-none-eabi/4.6.2/../../../../arm-none-eabi/lib/armv7-m\libcr_c.a(strncpy.o)
 .ARM.attributes
                0x000006b4       0x33 c:/nxp/lpcxpresso_5.2.6_2137/lpcxpresso/tools/bin/../lib/gcc/arm-none-eabi/4.6.2/../../../../arm-none-eabi/lib/armv7-m\libcr_c.a(__fillbuf.o)
 .ARM.attributes
                0x000006e7       0x33 c:/nxp/lpcxpresso_5.2.6_2137/lpcxpresso/tools/bin/../lib/gcc/arm-none-eabi/4.6.2/../../../../arm-none-eabi/lib/armv7-m\libcr_c.a(_deferredlazyseek.o)
 .ARM.attributes
                0x0000071a       0x33 c:/nxp/lpcxpresso_5.2.6_2137/lpcxpresso/tools/bin/../lib/gcc/arm-none-eabi/4.6.2/../../../../arm-none-eabi/lib/armv7-m\libcr_c.a(_fdopen.o)
 .ARM.attributes
                0x0000074d       0x33 c:/nxp/lpcxpresso_5.2.6_2137/lpcxpresso/tools/bin/../lib/gcc/arm-none-eabi/4.6.2/../../../../arm-none-eabi/lib/armv7-m\libcr_c.a(_fflush.o)
 .ARM.attributes
                0x00000780       0x33 c:/nxp/lpcxpresso_5.2.6_2137/lpcxpresso/tools/bin/../lib/gcc/arm-none-eabi/4.6.2/../../../../arm-none-eabi/lib/armv7-m\libcr_c.a(_frexpl.o)
 .ARM.attributes
                0x000007b3       0x33 c:/nxp/lpcxpresso_5.2.6_2137/lpcxpresso/tools/bin/../lib/gcc/arm-none-eabi/4.6.2/../../../../arm-none-eabi/lib/armv7-m\libcr_c.a(_ldexpl.o)
 .ARM.attributes
                0x000007e6       0x33 c:/nxp/lpcxpresso_5.2.6_2137/lpcxpresso/tools/bin/../lib/gcc/arm-none-eabi/4.6.2/../../../../arm-none-eabi/lib/armv7-m\libcr_c.a(_writebuf.o)
 .ARM.attributes
                0x00000819       0x33 c:/nxp/lpcxpresso_5.2.6_2137/lpcxpresso/tools/bin/../lib/gcc/arm-none-eabi/4.6.2/../../../../arm-none-eabi/lib/armv7-m\libcr_c.a(alloc.o)
 .ARM.attributes
                0x0000084c       0x33 c:/nxp/lpcxpresso_5.2.6_2137/lpcxpresso/tools/bin/../lib/gcc/arm-none-eabi/4.6.2/../../../../arm-none-eabi/lib/armv7-m\libcr_c.a(errno.o)
 .ARM.attributes
                0x0000087f       0x33 c:/nxp/lpcxpresso_5.2.6_2137/lpcxpresso/tools/bin/../lib/gcc/arm-none-eabi/4.6.2/../../../../arm-none-eabi/lib/armv7-m\libcr_c.a(fclose.o)
 .ARM.attributes
                0x000008b2       0x33 c:/nxp/lpcxpresso_5.2.6_2137/lpcxpresso/tools/bin/../lib/gcc/arm-none-eabi/4.6.2/../../../../arm-none-eabi/lib/armv7-m\libcr_c.a(fflush.o)
 .ARM.attributes
                0x000008e5       0x33 c:/nxp/lpcxpresso_5.2.6_2137/lpcxpresso/tools/bin/../lib/gcc/arm-none-eabi/4.6.2/../../../../arm-none-eabi/lib/armv7-m\libcr_c.a(fseek.o)
 .ARM.attributes
                0x00000918       0x33 c:/nxp/lpcxpresso_5.2.6_2137/lpcxpresso/tools/bin/../lib/gcc/arm-none-eabi/4.6.2/../../../../arm-none-eabi/lib/armv7-m\libcr_c.a(ftell.o)
 .ARM.attributes
                0x0000094b       0x33 c:/nxp/lpcxpresso_5.2.6_2137/lpcxpresso/tools/bin/../lib/gcc/arm-none-eabi/4.6.2/../../../../arm-none-eabi/lib/armv7-m\libcr_c.a(remove.o)
 .ARM.attributes
                0x0000097e       0x33 c:/nxp/lpcxpresso_5.2.6_2137/lpcxpresso/tools/bin/../lib/gcc/arm-none-eabi/4.6.2/../../../../arm-none-eabi/lib/armv7-m\libcr_c.a(__init_alloc.o)
 .ARM.attributes
                0x000009b1       0x33 c:/nxp/lpcxpresso_5.2.6_2137/lpcxpresso/tools/bin/../lib/gcc/arm-none-eabi/4.6.2/../../../../arm-none-eabi/lib/armv7-m\libcr_c.a(_do_fflush.o)
 .ARM.attributes
                0x000009e4       0x33 c:/nxp/lpcxpresso_5.2.6_2137/lpcxpresso/tools/bin/../lib/gcc/arm-none-eabi/4.6.2/../../../../arm-none-eabi/lib/armv7-m\libcr_c.a(_hugeval.o)
 .ARM.attributes
                0x00000a17       0x21 c:/nxp/lpcxpresso_5.2.6_2137/lpcxpresso/tools/bin/../lib/gcc/arm-none-eabi/4.6.2/armv7-m\libcr_eabihelpers.a(division.o)
 .ARM.attributes
                0x00000a38       0x33 c:/nxp/lpcxpresso_5.2.6_2137/lpcxpresso/tools/bin/../lib/gcc/arm-none-eabi/4.6.2/armv7-m\libcr_eabihelpers.a(double.o)
 .ARM.attributes
                0x00000a6b       0x21 c:/nxp/lpcxpresso_5.2.6_2137/lpcxpresso/tools/bin/../lib/gcc/arm-none-eabi/4.6.2/armv7-m\libcr_eabihelpers.a(memcpy.o)
 .ARM.attributes
                0x00000a8c       0x21 c:/nxp/lpcxpresso_5.2.6_2137/lpcxpresso/tools/bin/../lib/gcc/arm-none-eabi/4.6.2/../../../../arm-none-eabi/lib/armv7-m\libcr_semihost.a(__sys_appexit.o)
 .ARM.attributes
                0x00000aad       0x21 c:/nxp/lpcxpresso_5.2.6_2137/lpcxpresso/tools/bin/../lib/gcc/arm-none-eabi/4.6.2/../../../../arm-none-eabi/lib/armv7-m\libcr_semihost.a(__sys_close.o)
 .ARM.attributes
                0x00000ace       0x21 c:/nxp/lpcxpresso_5.2.6_2137/lpcxpresso/tools/bin/../lib/gcc/arm-none-eabi/4.6.2/../../../../arm-none-eabi/lib/armv7-m\libcr_semihost.a(__sys_flen.o)
 .ARM.attributes
                0x00000aef       0x21 c:/nxp/lpcxpresso_5.2.6_2137/lpcxpresso/tools/bin/../lib/gcc/arm-none-eabi/4.6.2/../../../../arm-none-eabi/lib/armv7-m\libcr_semihost.a(__sys_istty.o)
 .ARM.attributes
                0x00000b10       0x21 c:/nxp/lpcxpresso_5.2.6_2137/lpcxpresso/tools/bin/../lib/gcc/arm-none-eabi/4.6.2/../../../../arm-none-eabi/lib/armv7-m\libcr_semihost.a(__sys_read.o)
 .ARM.attributes
                0x00000b31       0x21 c:/nxp/lpcxpresso_5.2.6_2137/lpcxpresso/tools/bin/../lib/gcc/arm-none-eabi/4.6.2/../../../../arm-none-eabi/lib/armv7-m\libcr_semihost.a(__sys_readc.o)
 .ARM.attributes
                0x00000b52       0x21 c:/nxp/lpcxpresso_5.2.6_2137/lpcxpresso/tools/bin/../lib/gcc/arm-none-eabi/4.6.2/../../../../arm-none-eabi/lib/armv7-m\libcr_semihost.a(__sys_remove.o)
 .ARM.attributes
                0x00000b73       0x21 c:/nxp/lpcxpresso_5.2.6_2137/lpcxpresso/tools/bin/../lib/gcc/arm-none-eabi/4.6.2/../../../../arm-none-eabi/lib/armv7-m\libcr_semihost.a(__sys_rename.o)
 .ARM.attributes
                0x00000b94       0x21 c:/nxp/lpcxpresso_5.2.6_2137/lpcxpresso/tools/bin/../lib/gcc/arm-none-eabi/4.6.2/../../../../arm-none-eabi/lib/armv7-m\libcr_semihost.a(__sys_seek.o)
 .ARM.attributes
                0x00000bb5       0x21 c:/nxp/lpcxpresso_5.2.6_2137/lpcxpresso/tools/bin/../lib/gcc/arm-none-eabi/4.6.2/../../../../arm-none-eabi/lib/armv7-m\libcr_semihost.a(__sys_tmpnam.o)
 .ARM.attributes
                0x00000bd6       0x33 c:/nxp/lpcxpresso_5.2.6_2137/lpcxpresso/tools/bin/../lib/gcc/arm-none-eabi/4.6.2/../../../../arm-none-eabi/lib/armv7-m\libcr_semihost.a(_cr_sbrk.o)
 .ARM.attributes
                0x00000c09       0x33 c:/nxp/lpcxpresso_5.2.6_2137/lpcxpresso/tools/bin/../lib/gcc/arm-none-eabi/4.6.2/../../../../arm-none-eabi/lib/armv7-m\libcr_semihost.a(_cr_check_heap.o)

.debug_frame    0x00000000     0x1790
 .debug_frame   0x00000000       0x90 ./Oled_screen.o
 .debug_frame   0x00000090       0x68 ./Sensor.o
 .debug_frame   0x000000f8      0x120 ./cr_startup_lpc17.o
 .debug_frame   0x00000218       0xd4 ./main.o
 .debug_frame   0x000002ec       0x48 C:\Users\aluno\Desktop\ec020-free_rtos\source-code-for-LPC17xx-examples\CMSISv1p30_LPC17xx\Debug\libCMSISv1p30_LPC17xx.a(system_LPC17xx.o)
 .debug_frame   0x00000334       0xc0 C:\Users\aluno\Desktop\ec020-free_rtos\source-code-for-LPC17xx-examples\FreeRTOS_Source\Debug\libFreeRTOS_Library.a(port.o)
 .debug_frame   0x000003f4       0x48 C:\Users\aluno\Desktop\ec020-free_rtos\source-code-for-LPC17xx-examples\FreeRTOS_Source\Debug\libFreeRTOS_Library.a(basic_io.o)
 .debug_frame   0x0000043c       0x28 C:\Users\aluno\Desktop\ec020-free_rtos\source-code-for-LPC17xx-examples\FreeRTOS_Source\Debug\libFreeRTOS_Library.a(consoleprint.o)
 .debug_frame   0x00000464      0x19c C:\Users\aluno\Desktop\ec020-free_rtos\source-code-for-LPC17xx-examples\FreeRTOS_Source\Debug\libFreeRTOS_Library.a(queue.o)
 .debug_frame   0x00000600      0x2cc C:\Users\aluno\Desktop\ec020-free_rtos\source-code-for-LPC17xx-examples\FreeRTOS_Source\Debug\libFreeRTOS_Library.a(tasks.o)
 .debug_frame   0x000008cc       0x68 C:\Users\aluno\Desktop\ec020-free_rtos\source-code-for-LPC17xx-examples\FreeRTOS_Source\Debug\libFreeRTOS_Library.a(heap_2.o)
 .debug_frame   0x00000934       0x68 C:\Users\aluno\Desktop\ec020-free_rtos\source-code-for-LPC17xx-examples\FreeRTOS_Source\Debug\libFreeRTOS_Library.a(list.o)
 .debug_frame   0x0000099c      0x208 C:\Users\aluno\Desktop\ec020-free_rtos\Lib_EaBaseBoard\Debug\libLib_EaBaseBoard.a(light.o)
 .debug_frame   0x00000ba4      0x1ec C:\Users\aluno\Desktop\ec020-free_rtos\Lib_EaBaseBoard\Debug\libLib_EaBaseBoard.a(oled.o)
 .debug_frame   0x00000d90      0x2c4 C:\Users\aluno\Desktop\ec020-free_rtos\Lib_MCU\Debug\libLib_MCU.a(lpc17xx_gpio.o)
 .debug_frame   0x00001054      0x2c8 C:\Users\aluno\Desktop\ec020-free_rtos\Lib_MCU\Debug\libLib_MCU.a(lpc17xx_i2c.o)
 .debug_frame   0x0000131c       0x2c C:\Users\aluno\Desktop\ec020-free_rtos\Lib_MCU\Debug\libLib_MCU.a(lpc17xx_libcfg_default.o)
 .debug_frame   0x00001348       0xbc C:\Users\aluno\Desktop\ec020-free_rtos\Lib_MCU\Debug\libLib_MCU.a(lpc17xx_pinsel.o)
 .debug_frame   0x00001404      0x280 C:\Users\aluno\Desktop\ec020-free_rtos\Lib_MCU\Debug\libLib_MCU.a(lpc17xx_ssp.o)
 .debug_frame   0x00001684      0x10c C:\Users\aluno\Desktop\ec020-free_rtos\Lib_MCU\Debug\libLib_MCU.a(lpc17xx_clkpwr.o)
