Archive member included because of file (symbol)

C:\Users\aliss\Desktop\ec_020\Lib_EaBaseBoard\Debug\libLib_EaBaseBoard.a(light.o)
                              ./src/Sensor.o (light_enable)
C:\Users\aliss\Desktop\ec_020\Lib_EaBaseBoard\Debug\libLib_EaBaseBoard.a(oled.o)
                              ./src/main.o (oled_init)
C:\Users\aliss\Desktop\ec_020\Lib_EaBaseBoard\Debug\libLib_EaBaseBoard.a(font5x7.o)
                              C:\Users\aliss\Desktop\ec_020\Lib_EaBaseBoard\Debug\libLib_EaBaseBoard.a(oled.o) (font5x7)
C:\Users\aliss\Desktop\ec_020\Lib_MCU\Debug\libLib_MCU.a(lpc17xx_gpio.o)
                              C:\Users\aliss\Desktop\ec_020\Lib_EaBaseBoard\Debug\libLib_EaBaseBoard.a(oled.o) (GPIO_SetDir)
C:\Users\aliss\Desktop\ec_020\Lib_MCU\Debug\libLib_MCU.a(lpc17xx_i2c.o)
                              ./src/main.o (I2C_Init)
C:\Users\aliss\Desktop\ec_020\Lib_MCU\Debug\libLib_MCU.a(lpc17xx_pinsel.o)
                              ./src/main.o (PINSEL_ConfigPin)
C:\Users\aliss\Desktop\ec_020\Lib_MCU\Debug\libLib_MCU.a(lpc17xx_ssp.o)
                              ./src/main.o (SSP_Init)
C:\Users\aliss\Desktop\ec_020\Lib_MCU\Debug\libLib_MCU.a(lpc17xx_timer.o)
                              ./src/main.o (Timer0_Wait)
C:\Users\aliss\Desktop\ec_020\Lib_MCU\Debug\libLib_MCU.a(lpc17xx_clkpwr.o)
                              C:\Users\aliss\Desktop\ec_020\Lib_MCU\Debug\libLib_MCU.a(lpc17xx_i2c.o) (CLKPWR_SetPCLKDiv)
C:\Users\aliss\Desktop\ec_020\Lib_CMSISv1p30_LPC17xx\Debug\libLib_CMSISv1p30_LPC17xx.a(system_LPC17xx.o)
                              ./src/timer.o (SystemCoreClock)
c:/nxp/lpcxpresso_6.1.4_194/lpcxpresso/tools/bin/../lib/gcc/arm-none-eabi/4.6.2/armv7-m\libgcc.a(_aeabi_uldivmod.o)
                              C:\Users\aliss\Desktop\ec_020\Lib_MCU\Debug\libLib_MCU.a(lpc17xx_timer.o) (__aeabi_uldivmod)
c:/nxp/lpcxpresso_6.1.4_194/lpcxpresso/tools/bin/../lib/gcc/arm-none-eabi/4.6.2/armv7-m\libgcc.a(bpabi.o)
                              c:/nxp/lpcxpresso_6.1.4_194/lpcxpresso/tools/bin/../lib/gcc/arm-none-eabi/4.6.2/armv7-m\libgcc.a(_aeabi_uldivmod.o) (__gnu_uldivmod_helper)
c:/nxp/lpcxpresso_6.1.4_194/lpcxpresso/tools/bin/../lib/gcc/arm-none-eabi/4.6.2/armv7-m\libgcc.a(_dvmd_tls.o)
                              c:/nxp/lpcxpresso_6.1.4_194/lpcxpresso/tools/bin/../lib/gcc/arm-none-eabi/4.6.2/armv7-m\libgcc.a(_aeabi_uldivmod.o) (__aeabi_ldiv0)
c:/nxp/lpcxpresso_6.1.4_194/lpcxpresso/tools/bin/../lib/gcc/arm-none-eabi/4.6.2/armv7-m\libgcc.a(_divdi3.o)
                              c:/nxp/lpcxpresso_6.1.4_194/lpcxpresso/tools/bin/../lib/gcc/arm-none-eabi/4.6.2/armv7-m\libgcc.a(bpabi.o) (__divdi3)
c:/nxp/lpcxpresso_6.1.4_194/lpcxpresso/tools/bin/../lib/gcc/arm-none-eabi/4.6.2/armv7-m\libgcc.a(_udivdi3.o)
                              c:/nxp/lpcxpresso_6.1.4_194/lpcxpresso/tools/bin/../lib/gcc/arm-none-eabi/4.6.2/armv7-m\libgcc.a(bpabi.o) (__udivdi3)
c:/nxp/lpcxpresso_6.1.4_194/lpcxpresso/tools/bin/../lib/gcc/arm-none-eabi/4.6.2/../../../../arm-none-eabi/lib/armv7-m\libc.a(lib_a-memset.o)
                              C:\Users\aliss\Desktop\ec_020\Lib_EaBaseBoard\Debug\libLib_EaBaseBoard.a(oled.o) (memset)

Allocating common symbols
Common symbol       size              file

ClassHandle         0x4               ./src/Sensor.o

Discarded input sections

 .text          0x00000000        0x0 ./src/Sensor.o
 .data          0x00000000        0x0 ./src/Sensor.o
 .bss           0x00000000        0x0 ./src/Sensor.o
 .text          0x00000000        0x0 ./src/cr_startup_lpc17.o
 .data          0x00000000        0x0 ./src/cr_startup_lpc17.o
 .bss           0x00000000        0x0 ./src/cr_startup_lpc17.o
 .text          0x00000000        0x0 ./src/main.o
 .text          0x00000000        0x0 ./src/timer.o
 .data          0x00000000        0x0 ./src/timer.o
 .text.delayMs  0x00000000      0x214 ./src/timer.o
 .text.TIMER0_interrupt
                0x00000000       0xcc ./src/timer.o
 .text.TIMER1_interrupt
                0x00000000       0xec ./src/timer.o
 .text.TIMER2_interrupt
                0x00000000       0xec ./src/timer.o
 .text.disable_timer
                0x00000000       0x68 ./src/timer.o
 .text.reset_timer
                0x00000000       0xac ./src/timer.o
 .text          0x00000000        0x0 C:\Users\aliss\Desktop\ec_020\Lib_EaBaseBoard\Debug\libLib_EaBaseBoard.a(light.o)
 .bss           0x00000000        0x0 C:\Users\aliss\Desktop\ec_020\Lib_EaBaseBoard\Debug\libLib_EaBaseBoard.a(light.o)
 .text.readCommandReg
                0x00000000       0x3c C:\Users\aliss\Desktop\ec_020\Lib_EaBaseBoard\Debug\libLib_EaBaseBoard.a(light.o)
 .text.readControlReg
                0x00000000       0x3c C:\Users\aliss\Desktop\ec_020\Lib_EaBaseBoard\Debug\libLib_EaBaseBoard.a(light.o)
 .text.light_init
                0x00000000        0xc C:\Users\aliss\Desktop\ec_020\Lib_EaBaseBoard\Debug\libLib_EaBaseBoard.a(light.o)
 .text.light_setMode
                0x00000000       0x50 C:\Users\aliss\Desktop\ec_020\Lib_EaBaseBoard\Debug\libLib_EaBaseBoard.a(light.o)
 .text.light_setWidth
                0x00000000       0xa4 C:\Users\aliss\Desktop\ec_020\Lib_EaBaseBoard\Debug\libLib_EaBaseBoard.a(light.o)
 .text.light_setRange
                0x00000000       0xac C:\Users\aliss\Desktop\ec_020\Lib_EaBaseBoard\Debug\libLib_EaBaseBoard.a(light.o)
 .text.light_setHiThreshold
                0x00000000       0x58 C:\Users\aliss\Desktop\ec_020\Lib_EaBaseBoard\Debug\libLib_EaBaseBoard.a(light.o)
 .text.light_setLoThreshold
                0x00000000       0x58 C:\Users\aliss\Desktop\ec_020\Lib_EaBaseBoard\Debug\libLib_EaBaseBoard.a(light.o)
 .text.light_setIrqInCycles
                0x00000000       0x48 C:\Users\aliss\Desktop\ec_020\Lib_EaBaseBoard\Debug\libLib_EaBaseBoard.a(light.o)
 .text.light_getIrqStatus
                0x00000000       0x28 C:\Users\aliss\Desktop\ec_020\Lib_EaBaseBoard\Debug\libLib_EaBaseBoard.a(light.o)
 .text.light_clearIrqStatus
                0x00000000       0x3c C:\Users\aliss\Desktop\ec_020\Lib_EaBaseBoard\Debug\libLib_EaBaseBoard.a(light.o)
 .text.light_shutdown
                0x00000000       0x60 C:\Users\aliss\Desktop\ec_020\Lib_EaBaseBoard\Debug\libLib_EaBaseBoard.a(light.o)
 .text          0x00000000        0x0 C:\Users\aliss\Desktop\ec_020\Lib_EaBaseBoard\Debug\libLib_EaBaseBoard.a(oled.o)
 .data          0x00000000        0x0 C:\Users\aliss\Desktop\ec_020\Lib_EaBaseBoard\Debug\libLib_EaBaseBoard.a(oled.o)
 .text.oled_line
                0x00000000      0x1d4 C:\Users\aliss\Desktop\ec_020\Lib_EaBaseBoard\Debug\libLib_EaBaseBoard.a(oled.o)
 .text.oled_circle
                0x00000000      0x32c C:\Users\aliss\Desktop\ec_020\Lib_EaBaseBoard\Debug\libLib_EaBaseBoard.a(oled.o)
 .text.oled_rect
                0x00000000       0x48 C:\Users\aliss\Desktop\ec_020\Lib_EaBaseBoard\Debug\libLib_EaBaseBoard.a(oled.o)
 .text          0x00000000        0x0 C:\Users\aliss\Desktop\ec_020\Lib_EaBaseBoard\Debug\libLib_EaBaseBoard.a(font5x7.o)
 .data          0x00000000        0x0 C:\Users\aliss\Desktop\ec_020\Lib_EaBaseBoard\Debug\libLib_EaBaseBoard.a(font5x7.o)
 .bss           0x00000000        0x0 C:\Users\aliss\Desktop\ec_020\Lib_EaBaseBoard\Debug\libLib_EaBaseBoard.a(font5x7.o)
 .text          0x00000000        0x0 C:\Users\aliss\Desktop\ec_020\Lib_MCU\Debug\libLib_MCU.a(lpc17xx_gpio.o)
 .data          0x00000000        0x0 C:\Users\aliss\Desktop\ec_020\Lib_MCU\Debug\libLib_MCU.a(lpc17xx_gpio.o)
 .bss           0x00000000        0x0 C:\Users\aliss\Desktop\ec_020\Lib_MCU\Debug\libLib_MCU.a(lpc17xx_gpio.o)
 .text.FIO_HalfWordGetPointer
                0x00000000       0x7c C:\Users\aliss\Desktop\ec_020\Lib_MCU\Debug\libLib_MCU.a(lpc17xx_gpio.o)
 .text.FIO_ByteGetPointer
                0x00000000       0x7c C:\Users\aliss\Desktop\ec_020\Lib_MCU\Debug\libLib_MCU.a(lpc17xx_gpio.o)
 .text.GPIO_ReadValue
                0x00000000       0x30 C:\Users\aliss\Desktop\ec_020\Lib_MCU\Debug\libLib_MCU.a(lpc17xx_gpio.o)
 .text.FIO_SetDir
                0x00000000       0x28 C:\Users\aliss\Desktop\ec_020\Lib_MCU\Debug\libLib_MCU.a(lpc17xx_gpio.o)
 .text.FIO_SetValue
                0x00000000       0x20 C:\Users\aliss\Desktop\ec_020\Lib_MCU\Debug\libLib_MCU.a(lpc17xx_gpio.o)
 .text.FIO_ClearValue
                0x00000000       0x20 C:\Users\aliss\Desktop\ec_020\Lib_MCU\Debug\libLib_MCU.a(lpc17xx_gpio.o)
 .text.FIO_ReadValue
                0x00000000       0x20 C:\Users\aliss\Desktop\ec_020\Lib_MCU\Debug\libLib_MCU.a(lpc17xx_gpio.o)
 .text.FIO_SetMask
                0x00000000       0x54 C:\Users\aliss\Desktop\ec_020\Lib_MCU\Debug\libLib_MCU.a(lpc17xx_gpio.o)
 .text.FIO_HalfWordSetDir
                0x00000000       0x94 C:\Users\aliss\Desktop\ec_020\Lib_MCU\Debug\libLib_MCU.a(lpc17xx_gpio.o)
 .text.FIO_HalfWordSetMask
                0x00000000       0x94 C:\Users\aliss\Desktop\ec_020\Lib_MCU\Debug\libLib_MCU.a(lpc17xx_gpio.o)
 .text.FIO_HalfWordSetValue
                0x00000000       0x40 C:\Users\aliss\Desktop\ec_020\Lib_MCU\Debug\libLib_MCU.a(lpc17xx_gpio.o)
 .text.FIO_HalfWordClearValue
                0x00000000       0x40 C:\Users\aliss\Desktop\ec_020\Lib_MCU\Debug\libLib_MCU.a(lpc17xx_gpio.o)
 .text.FIO_HalfWordReadValue
                0x00000000       0x44 C:\Users\aliss\Desktop\ec_020\Lib_MCU\Debug\libLib_MCU.a(lpc17xx_gpio.o)
 .text.FIO_ByteSetDir
                0x00000000       0x70 C:\Users\aliss\Desktop\ec_020\Lib_MCU\Debug\libLib_MCU.a(lpc17xx_gpio.o)
 .text.FIO_ByteSetMask
                0x00000000       0x78 C:\Users\aliss\Desktop\ec_020\Lib_MCU\Debug\libLib_MCU.a(lpc17xx_gpio.o)
 .text.FIO_ByteSetValue
                0x00000000       0x3c C:\Users\aliss\Desktop\ec_020\Lib_MCU\Debug\libLib_MCU.a(lpc17xx_gpio.o)
 .text.FIO_ByteClearValue
                0x00000000       0x3c C:\Users\aliss\Desktop\ec_020\Lib_MCU\Debug\libLib_MCU.a(lpc17xx_gpio.o)
 .text.FIO_ByteReadValue
                0x00000000       0x40 C:\Users\aliss\Desktop\ec_020\Lib_MCU\Debug\libLib_MCU.a(lpc17xx_gpio.o)
 .text          0x00000000        0x0 C:\Users\aliss\Desktop\ec_020\Lib_MCU\Debug\libLib_MCU.a(lpc17xx_i2c.o)
 .data          0x00000000        0x0 C:\Users\aliss\Desktop\ec_020\Lib_MCU\Debug\libLib_MCU.a(lpc17xx_i2c.o)
 .text.I2C_SlaveHandler
                0x00000000      0x1e4 C:\Users\aliss\Desktop\ec_020\Lib_MCU\Debug\libLib_MCU.a(lpc17xx_i2c.o)
 .text.I2C_DeInit
                0x00000000       0xa4 C:\Users\aliss\Desktop\ec_020\Lib_MCU\Debug\libLib_MCU.a(lpc17xx_i2c.o)
 .text.I2C_SlaveTransferData
                0x00000000      0x2a4 C:\Users\aliss\Desktop\ec_020\Lib_MCU\Debug\libLib_MCU.a(lpc17xx_i2c.o)
 .text.I2C_SetOwnSlaveAddr
                0x00000000      0x114 C:\Users\aliss\Desktop\ec_020\Lib_MCU\Debug\libLib_MCU.a(lpc17xx_i2c.o)
 .text.I2C_MonitorModeConfig
                0x00000000       0x98 C:\Users\aliss\Desktop\ec_020\Lib_MCU\Debug\libLib_MCU.a(lpc17xx_i2c.o)
 .text.I2C_MonitorModeCmd
                0x00000000       0x8c C:\Users\aliss\Desktop\ec_020\Lib_MCU\Debug\libLib_MCU.a(lpc17xx_i2c.o)
 .text.I2C_MonitorGetDatabuffer
                0x00000000       0x54 C:\Users\aliss\Desktop\ec_020\Lib_MCU\Debug\libLib_MCU.a(lpc17xx_i2c.o)
 .text.I2C0_StdIntHandler
                0x00000000       0x1c C:\Users\aliss\Desktop\ec_020\Lib_MCU\Debug\libLib_MCU.a(lpc17xx_i2c.o)
 .text.I2C1_StdIntHandler
                0x00000000       0x1c C:\Users\aliss\Desktop\ec_020\Lib_MCU\Debug\libLib_MCU.a(lpc17xx_i2c.o)
 .text.I2C2_StdIntHandler
                0x00000000       0x1c C:\Users\aliss\Desktop\ec_020\Lib_MCU\Debug\libLib_MCU.a(lpc17xx_i2c.o)
 .text          0x00000000        0x0 C:\Users\aliss\Desktop\ec_020\Lib_MCU\Debug\libLib_MCU.a(lpc17xx_pinsel.o)
 .data          0x00000000        0x0 C:\Users\aliss\Desktop\ec_020\Lib_MCU\Debug\libLib_MCU.a(lpc17xx_pinsel.o)
 .bss           0x00000000        0x0 C:\Users\aliss\Desktop\ec_020\Lib_MCU\Debug\libLib_MCU.a(lpc17xx_pinsel.o)
 .text.PINSEL_ConfigTraceFunc
                0x00000000       0x54 C:\Users\aliss\Desktop\ec_020\Lib_MCU\Debug\libLib_MCU.a(lpc17xx_pinsel.o)
 .text.PINSEL_SetI2C0Pins
                0x00000000       0x3c C:\Users\aliss\Desktop\ec_020\Lib_MCU\Debug\libLib_MCU.a(lpc17xx_pinsel.o)
 .text          0x00000000        0x0 C:\Users\aliss\Desktop\ec_020\Lib_MCU\Debug\libLib_MCU.a(lpc17xx_ssp.o)
 .data          0x00000000        0x0 C:\Users\aliss\Desktop\ec_020\Lib_MCU\Debug\libLib_MCU.a(lpc17xx_ssp.o)
 .text.SSP_DeInit
                0x00000000       0x74 C:\Users\aliss\Desktop\ec_020\Lib_MCU\Debug\libLib_MCU.a(lpc17xx_ssp.o)
 .text.SSP_LoopBackCmd
                0x00000000       0x7c C:\Users\aliss\Desktop\ec_020\Lib_MCU\Debug\libLib_MCU.a(lpc17xx_ssp.o)
 .text.SSP_SlaveOutputCmd
                0x00000000       0x7c C:\Users\aliss\Desktop\ec_020\Lib_MCU\Debug\libLib_MCU.a(lpc17xx_ssp.o)
 .text.SSP_GetStatus
                0x00000000       0x84 C:\Users\aliss\Desktop\ec_020\Lib_MCU\Debug\libLib_MCU.a(lpc17xx_ssp.o)
 .text.SSP_IntConfig
                0x00000000       0x98 C:\Users\aliss\Desktop\ec_020\Lib_MCU\Debug\libLib_MCU.a(lpc17xx_ssp.o)
 .text.SSP_GetRawIntStatus
                0x00000000       0x7c C:\Users\aliss\Desktop\ec_020\Lib_MCU\Debug\libLib_MCU.a(lpc17xx_ssp.o)
 .text.SSP_GetIntStatus
                0x00000000       0x7c C:\Users\aliss\Desktop\ec_020\Lib_MCU\Debug\libLib_MCU.a(lpc17xx_ssp.o)
 .text.SSP_ClearIntPending
                0x00000000       0x60 C:\Users\aliss\Desktop\ec_020\Lib_MCU\Debug\libLib_MCU.a(lpc17xx_ssp.o)
 .text.SSP_DMACmd
                0x00000000       0xa8 C:\Users\aliss\Desktop\ec_020\Lib_MCU\Debug\libLib_MCU.a(lpc17xx_ssp.o)
 .text.SSP0_StdIntHandler
                0x00000000       0x1c C:\Users\aliss\Desktop\ec_020\Lib_MCU\Debug\libLib_MCU.a(lpc17xx_ssp.o)
 .text.SSP1_StdIntHandler
                0x00000000       0x1c C:\Users\aliss\Desktop\ec_020\Lib_MCU\Debug\libLib_MCU.a(lpc17xx_ssp.o)
 .text          0x00000000        0x0 C:\Users\aliss\Desktop\ec_020\Lib_MCU\Debug\libLib_MCU.a(lpc17xx_timer.o)
 .data          0x00000000        0x0 C:\Users\aliss\Desktop\ec_020\Lib_MCU\Debug\libLib_MCU.a(lpc17xx_timer.o)
 .bss           0x00000000        0x0 C:\Users\aliss\Desktop\ec_020\Lib_MCU\Debug\libLib_MCU.a(lpc17xx_timer.o)
 .text.TIM_GetIntCaptureStatus
                0x00000000       0xb8 C:\Users\aliss\Desktop\ec_020\Lib_MCU\Debug\libLib_MCU.a(lpc17xx_timer.o)
 .text.TIM_ClearIntCapturePending
                0x00000000       0xa4 C:\Users\aliss\Desktop\ec_020\Lib_MCU\Debug\libLib_MCU.a(lpc17xx_timer.o)
 .text.TIM_ConfigStructInit
                0x00000000       0x40 C:\Users\aliss\Desktop\ec_020\Lib_MCU\Debug\libLib_MCU.a(lpc17xx_timer.o)
 .text.TIM_DeInit
                0x00000000       0xc4 C:\Users\aliss\Desktop\ec_020\Lib_MCU\Debug\libLib_MCU.a(lpc17xx_timer.o)
 .text.TIM_ResetCounter
                0x00000000       0x6c C:\Users\aliss\Desktop\ec_020\Lib_MCU\Debug\libLib_MCU.a(lpc17xx_timer.o)
 .text.TIM_ConfigCapture
                0x00000000      0x108 C:\Users\aliss\Desktop\ec_020\Lib_MCU\Debug\libLib_MCU.a(lpc17xx_timer.o)
 .text.TIM_GetCaptureValue
                0x00000000       0x84 C:\Users\aliss\Desktop\ec_020\Lib_MCU\Debug\libLib_MCU.a(lpc17xx_timer.o)
 .text.Timer0_us_Wait
                0x00000000       0x8c C:\Users\aliss\Desktop\ec_020\Lib_MCU\Debug\libLib_MCU.a(lpc17xx_timer.o)
 .text          0x00000000        0x0 C:\Users\aliss\Desktop\ec_020\Lib_MCU\Debug\libLib_MCU.a(lpc17xx_clkpwr.o)
 .data          0x00000000        0x0 C:\Users\aliss\Desktop\ec_020\Lib_MCU\Debug\libLib_MCU.a(lpc17xx_clkpwr.o)
 .bss           0x00000000        0x0 C:\Users\aliss\Desktop\ec_020\Lib_MCU\Debug\libLib_MCU.a(lpc17xx_clkpwr.o)
 .text.__WFI    0x00000000        0xc C:\Users\aliss\Desktop\ec_020\Lib_MCU\Debug\libLib_MCU.a(lpc17xx_clkpwr.o)
 .text.CLKPWR_Sleep
                0x00000000       0x1c C:\Users\aliss\Desktop\ec_020\Lib_MCU\Debug\libLib_MCU.a(lpc17xx_clkpwr.o)
 .text.CLKPWR_DeepSleep
                0x00000000       0x28 C:\Users\aliss\Desktop\ec_020\Lib_MCU\Debug\libLib_MCU.a(lpc17xx_clkpwr.o)
 .text.CLKPWR_PowerDown
                0x00000000       0x28 C:\Users\aliss\Desktop\ec_020\Lib_MCU\Debug\libLib_MCU.a(lpc17xx_clkpwr.o)
 .text.CLKPWR_DeepPowerDown
                0x00000000       0x28 C:\Users\aliss\Desktop\ec_020\Lib_MCU\Debug\libLib_MCU.a(lpc17xx_clkpwr.o)
 .text          0x00000000        0x0 C:\Users\aliss\Desktop\ec_020\Lib_CMSISv1p30_LPC17xx\Debug\libLib_CMSISv1p30_LPC17xx.a(system_LPC17xx.o)
 .bss           0x00000000        0x0 C:\Users\aliss\Desktop\ec_020\Lib_CMSISv1p30_LPC17xx\Debug\libLib_CMSISv1p30_LPC17xx.a(system_LPC17xx.o)
 .text.SystemCoreClockUpdate
                0x00000000      0x2d0 C:\Users\aliss\Desktop\ec_020\Lib_CMSISv1p30_LPC17xx\Debug\libLib_CMSISv1p30_LPC17xx.a(system_LPC17xx.o)
 .data          0x00000000        0x0 c:/nxp/lpcxpresso_6.1.4_194/lpcxpresso/tools/bin/../lib/gcc/arm-none-eabi/4.6.2/armv7-m\libgcc.a(_aeabi_uldivmod.o)
 .bss           0x00000000        0x0 c:/nxp/lpcxpresso_6.1.4_194/lpcxpresso/tools/bin/../lib/gcc/arm-none-eabi/4.6.2/armv7-m\libgcc.a(_aeabi_uldivmod.o)
 .data          0x00000000        0x0 c:/nxp/lpcxpresso_6.1.4_194/lpcxpresso/tools/bin/../lib/gcc/arm-none-eabi/4.6.2/armv7-m\libgcc.a(bpabi.o)
 .bss           0x00000000        0x0 c:/nxp/lpcxpresso_6.1.4_194/lpcxpresso/tools/bin/../lib/gcc/arm-none-eabi/4.6.2/armv7-m\libgcc.a(bpabi.o)
 .data          0x00000000        0x0 c:/nxp/lpcxpresso_6.1.4_194/lpcxpresso/tools/bin/../lib/gcc/arm-none-eabi/4.6.2/armv7-m\libgcc.a(_dvmd_tls.o)
 .bss           0x00000000        0x0 c:/nxp/lpcxpresso_6.1.4_194/lpcxpresso/tools/bin/../lib/gcc/arm-none-eabi/4.6.2/armv7-m\libgcc.a(_dvmd_tls.o)
 .data          0x00000000        0x0 c:/nxp/lpcxpresso_6.1.4_194/lpcxpresso/tools/bin/../lib/gcc/arm-none-eabi/4.6.2/armv7-m\libgcc.a(_divdi3.o)
 .bss           0x00000000        0x0 c:/nxp/lpcxpresso_6.1.4_194/lpcxpresso/tools/bin/../lib/gcc/arm-none-eabi/4.6.2/armv7-m\libgcc.a(_divdi3.o)
 .ARM.extab     0x00000000        0x0 c:/nxp/lpcxpresso_6.1.4_194/lpcxpresso/tools/bin/../lib/gcc/arm-none-eabi/4.6.2/armv7-m\libgcc.a(_divdi3.o)
 .data          0x00000000        0x0 c:/nxp/lpcxpresso_6.1.4_194/lpcxpresso/tools/bin/../lib/gcc/arm-none-eabi/4.6.2/armv7-m\libgcc.a(_udivdi3.o)
 .bss           0x00000000        0x0 c:/nxp/lpcxpresso_6.1.4_194/lpcxpresso/tools/bin/../lib/gcc/arm-none-eabi/4.6.2/armv7-m\libgcc.a(_udivdi3.o)
 .ARM.extab     0x00000000        0x0 c:/nxp/lpcxpresso_6.1.4_194/lpcxpresso/tools/bin/../lib/gcc/arm-none-eabi/4.6.2/armv7-m\libgcc.a(_udivdi3.o)
 .text          0x00000000        0x0 c:/nxp/lpcxpresso_6.1.4_194/lpcxpresso/tools/bin/../lib/gcc/arm-none-eabi/4.6.2/../../../../arm-none-eabi/lib/armv7-m\libc.a(lib_a-memset.o)
 .data          0x00000000        0x0 c:/nxp/lpcxpresso_6.1.4_194/lpcxpresso/tools/bin/../lib/gcc/arm-none-eabi/4.6.2/../../../../arm-none-eabi/lib/armv7-m\libc.a(lib_a-memset.o)
 .bss           0x00000000        0x0 c:/nxp/lpcxpresso_6.1.4_194/lpcxpresso/tools/bin/../lib/gcc/arm-none-eabi/4.6.2/../../../../arm-none-eabi/lib/armv7-m\libc.a(lib_a-memset.o)

Memory Configuration

Name             Origin             Length             Attributes
MFlash512        0x00000000         0x00080000         xr
RamLoc32         0x10000000         0x00008000         xrw
RamAHB32         0x2007c000         0x00008000         xrw
*default*        0x00000000         0xffffffff

Linker script and memory map

LOAD ./src/Sensor.o
LOAD ./src/cr_startup_lpc17.o
LOAD ./src/main.o
LOAD ./src/timer.o
LOAD C:\Users\aliss\Desktop\ec_020\Lib_EaBaseBoard\Debug\libLib_EaBaseBoard.a
LOAD C:\Users\aliss\Desktop\ec_020\Lib_MCU\Debug\libLib_MCU.a
LOAD C:\Users\aliss\Desktop\ec_020\Lib_CMSISv1p30_LPC17xx\Debug\libLib_CMSISv1p30_LPC17xx.a
START GROUP
LOAD c:/nxp/lpcxpresso_6.1.4_194/lpcxpresso/tools/bin/../lib/gcc/arm-none-eabi/4.6.2/armv7-m\libgcc.a
LOAD c:/nxp/lpcxpresso_6.1.4_194/lpcxpresso/tools/bin/../lib/gcc/arm-none-eabi/4.6.2/../../../../arm-none-eabi/lib/armv7-m\libc.a
LOAD c:/nxp/lpcxpresso_6.1.4_194/lpcxpresso/tools/bin/../lib/gcc/arm-none-eabi/4.6.2/../../../../arm-none-eabi/lib/armv7-m\libm.a
LOAD c:/nxp/lpcxpresso_6.1.4_194/lpcxpresso/tools/bin/../lib/gcc/arm-none-eabi/4.6.2/../../../../arm-none-eabi/lib/armv7-m\libcr_newlib_semihost.a
END GROUP
                0x00080000                __top_MFlash512 = 0x80000
                0x10008000                __top_RamLoc32 = 0x10008000
                0x20084000                __top_RamAHB32 = 0x20084000

.text           0x00000000     0x44a8
 FILL mask 0xff
                0x00000000                __vectors_start__ = ABSOLUTE (.)
 *(.isr_vector)
 .isr_vector    0x00000000       0xcc ./src/cr_startup_lpc17.o
                0x00000000                g_pfnVectors
                0x000000cc                . = ALIGN (0x4)
                0x000000cc                __section_table_start = .
                0x000000cc                __data_section_table = .
                0x000000cc        0x4 LONG 0x44b0 LOADADDR (.data)
                0x000000d0        0x4 LONG 0x10000000 ADDR (.data)
                0x000000d4        0x4 LONG 0x10 SIZEOF (.data)
                0x000000d8        0x4 LONG 0x44b0 LOADADDR (.data_RAM2)
                0x000000dc        0x4 LONG 0x2007c000 ADDR (.data_RAM2)
                0x000000e0        0x4 LONG 0x0 SIZEOF (.data_RAM2)
                0x000000e4                __data_section_table_end = .
                0x000000e4                __bss_section_table = .
                0x000000e4        0x4 LONG 0x10000010 ADDR (.bss)
                0x000000e8        0x4 LONG 0x38c SIZEOF (.bss)
                0x000000ec        0x4 LONG 0x2007c000 ADDR (.bss_RAM2)
                0x000000f0        0x4 LONG 0x0 SIZEOF (.bss_RAM2)
                0x000000f4                __bss_section_table_end = .
                0x000000f4                __section_table_end = .
 *(.after_vectors*)
 *(.text*)
 .text.Sensor_new
                0x000000f4       0x24 ./src/Sensor.o
                0x000000f4                Sensor_new
 .text.TIMER3_IRQHandler
                0x00000118       0x1c ./src/Sensor.o
                0x00000118                TIMER3_IRQHandler
 .text.Sensor_read
                0x00000134       0x18 ./src/Sensor.o
                0x00000134                Sensor_read
 .text.ResetISR
                0x0000014c       0x68 ./src/cr_startup_lpc17.o
                0x0000014c                ResetISR
 .text.NMI_Handler
                0x000001b4        0x8 ./src/cr_startup_lpc17.o
                0x000001b4                NMI_Handler
 .text.HardFault_Handler
                0x000001bc        0x8 ./src/cr_startup_lpc17.o
                0x000001bc                HardFault_Handler
 .text.MemManage_Handler
                0x000001c4        0x8 ./src/cr_startup_lpc17.o
                0x000001c4                MemManage_Handler
 .text.BusFault_Handler
                0x000001cc        0x8 ./src/cr_startup_lpc17.o
                0x000001cc                BusFault_Handler
 .text.UsageFault_Handler
                0x000001d4        0x8 ./src/cr_startup_lpc17.o
                0x000001d4                UsageFault_Handler
 .text.SVCall_Handler
                0x000001dc        0x8 ./src/cr_startup_lpc17.o
                0x000001dc                SVCall_Handler
 .text.DebugMon_Handler
                0x000001e4        0x8 ./src/cr_startup_lpc17.o
                0x000001e4                DebugMon_Handler
 .text.PendSV_Handler
                0x000001ec        0x8 ./src/cr_startup_lpc17.o
                0x000001ec                PendSV_Handler
 .text.SysTick_Handler
                0x000001f4        0x8 ./src/cr_startup_lpc17.o
                0x000001f4                SysTick_Handler
 .text.IntDefaultHandler
                0x000001fc        0x8 ./src/cr_startup_lpc17.o
                0x000001fc                TIMER2_IRQHandler
                0x000001fc                RIT_IRQHandler
                0x000001fc                I2C0_IRQHandler
                0x000001fc                USBActivity_IRQHandler
                0x000001fc                PWM1_IRQHandler
                0x000001fc                I2C1_IRQHandler
                0x000001fc                EINT2_IRQHandler
                0x000001fc                UART1_IRQHandler
                0x000001fc                EINT3_IRQHandler
                0x000001fc                CANActivity_IRQHandler
                0x000001fc                UART0_IRQHandler
                0x000001fc                IntDefaultHandler
                0x000001fc                PLL0_IRQHandler
                0x000001fc                CAN_IRQHandler
                0x000001fc                PLL1_IRQHandler
                0x000001fc                SSP0_IRQHandler
                0x000001fc                I2S_IRQHandler
                0x000001fc                I2C2_IRQHandler
                0x000001fc                RTC_IRQHandler
                0x000001fc                TIMER0_IRQHandler
                0x000001fc                SPI_IRQHandler
                0x000001fc                EINT1_IRQHandler
                0x000001fc                TIMER1_IRQHandler
                0x000001fc                UART2_IRQHandler
                0x000001fc                ADC_IRQHandler
                0x000001fc                SSP1_IRQHandler
                0x000001fc                USB_IRQHandler
                0x000001fc                BOD_IRQHandler
                0x000001fc                WDT_IRQHandler
                0x000001fc                QEI_IRQHandler
                0x000001fc                EINT0_IRQHandler
                0x000001fc                DMA_IRQHandler
                0x000001fc                UART3_IRQHandler
                0x000001fc                MCPWM_IRQHandler
                0x000001fc                ENET_IRQHandler
 .text.intToString
                0x00000204       0xdc ./src/main.o
 .text.init_ssp
                0x000002e0       0x98 ./src/main.o
 .text.init_i2c
                0x00000378       0x5c ./src/main.o
 .text.Read_packet
                0x000003d4       0x10 ./src/main.o
                0x000003d4                Read_packet
 .text.main     0x000003e4       0xa0 ./src/main.o
                0x000003e4                main
 .text.check_failed
                0x00000484        0xc ./src/main.o
                0x00000484                check_failed
 .text.NVIC_EnableIRQ
                0x00000490       0x38 ./src/timer.o
 .text.TIMER3_interrupt
                0x000004c8       0xec ./src/timer.o
                0x000004c8                TIMER3_interrupt
 .text.enable_timer
                0x000005b4       0x68 ./src/timer.o
                0x000005b4                enable_timer
 .text.TimerInit
                0x0000061c      0x5e8 ./src/timer.o
                0x0000061c                TimerInit
 .text.I2CRead  0x00000c04       0x5c C:\Users\aliss\Desktop\ec_020\Lib_EaBaseBoard\Debug\libLib_EaBaseBoard.a(light.o)
 .text.I2CWrite
                0x00000c60       0x5c C:\Users\aliss\Desktop\ec_020\Lib_EaBaseBoard\Debug\libLib_EaBaseBoard.a(light.o)
 .text.light_enable
                0x00000cbc       0x48 C:\Users\aliss\Desktop\ec_020\Lib_EaBaseBoard\Debug\libLib_EaBaseBoard.a(light.o)
                0x00000cbc                light_enable
 .text.light_read
                0x00000d04       0x90 C:\Users\aliss\Desktop\ec_020\Lib_EaBaseBoard\Debug\libLib_EaBaseBoard.a(light.o)
                0x00000d04                light_read
 .text.writeCommand
                0x00000d94       0x60 C:\Users\aliss\Desktop\ec_020\Lib_EaBaseBoard\Debug\libLib_EaBaseBoard.a(oled.o)
 .text.writeData
                0x00000df4       0x60 C:\Users\aliss\Desktop\ec_020\Lib_EaBaseBoard\Debug\libLib_EaBaseBoard.a(oled.o)
 .text.writeDataLen
                0x00000e54       0x8c C:\Users\aliss\Desktop\ec_020\Lib_EaBaseBoard\Debug\libLib_EaBaseBoard.a(oled.o)
 .text.runInitSequence
                0x00000ee0      0x118 C:\Users\aliss\Desktop\ec_020\Lib_EaBaseBoard\Debug\libLib_EaBaseBoard.a(oled.o)
 .text.hLine    0x00000ff8       0x4c C:\Users\aliss\Desktop\ec_020\Lib_EaBaseBoard\Debug\libLib_EaBaseBoard.a(oled.o)
 .text.vLine    0x00001044       0x4c C:\Users\aliss\Desktop\ec_020\Lib_EaBaseBoard\Debug\libLib_EaBaseBoard.a(oled.o)
 .text.oled_init
                0x00001090       0x9c C:\Users\aliss\Desktop\ec_020\Lib_EaBaseBoard\Debug\libLib_EaBaseBoard.a(oled.o)
                0x00001090                oled_init
 .text.oled_putPixel
                0x0000112c      0x188 C:\Users\aliss\Desktop\ec_020\Lib_EaBaseBoard\Debug\libLib_EaBaseBoard.a(oled.o)
                0x0000112c                oled_putPixel
 .text.oled_fillRect
                0x000012b4       0x90 C:\Users\aliss\Desktop\ec_020\Lib_EaBaseBoard\Debug\libLib_EaBaseBoard.a(oled.o)
                0x000012b4                oled_fillRect
 .text.oled_clearScreen
                0x00001344       0x74 C:\Users\aliss\Desktop\ec_020\Lib_EaBaseBoard\Debug\libLib_EaBaseBoard.a(oled.o)
                0x00001344                oled_clearScreen
 .text.oled_putChar
                0x000013b8       0xf0 C:\Users\aliss\Desktop\ec_020\Lib_EaBaseBoard\Debug\libLib_EaBaseBoard.a(oled.o)
                0x000013b8                oled_putChar
 .text.oled_putString
                0x000014a8       0x54 C:\Users\aliss\Desktop\ec_020\Lib_EaBaseBoard\Debug\libLib_EaBaseBoard.a(oled.o)
                0x000014a8                oled_putString
 .text.GPIO_GetPointer
                0x000014fc       0x7c C:\Users\aliss\Desktop\ec_020\Lib_MCU\Debug\libLib_MCU.a(lpc17xx_gpio.o)
 .text.GPIO_SetDir
                0x00001578       0x54 C:\Users\aliss\Desktop\ec_020\Lib_MCU\Debug\libLib_MCU.a(lpc17xx_gpio.o)
                0x00001578                GPIO_SetDir
 .text.GPIO_SetValue
                0x000015cc       0x2c C:\Users\aliss\Desktop\ec_020\Lib_MCU\Debug\libLib_MCU.a(lpc17xx_gpio.o)
                0x000015cc                GPIO_SetValue
 .text.GPIO_ClearValue
                0x000015f8       0x2c C:\Users\aliss\Desktop\ec_020\Lib_MCU\Debug\libLib_MCU.a(lpc17xx_gpio.o)
                0x000015f8                GPIO_ClearValue
 .text.NVIC_EnableIRQ
                0x00001624       0x38 C:\Users\aliss\Desktop\ec_020\Lib_MCU\Debug\libLib_MCU.a(lpc17xx_i2c.o)
 .text.NVIC_DisableIRQ
                0x0000165c       0x3c C:\Users\aliss\Desktop\ec_020\Lib_MCU\Debug\libLib_MCU.a(lpc17xx_i2c.o)
 .text.I2C_getNum
                0x00001698       0x54 C:\Users\aliss\Desktop\ec_020\Lib_MCU\Debug\libLib_MCU.a(lpc17xx_i2c.o)
 .text.I2C_Start
                0x000016ec       0x44 C:\Users\aliss\Desktop\ec_020\Lib_MCU\Debug\libLib_MCU.a(lpc17xx_i2c.o)
 .text.I2C_Stop
                0x00001730       0x38 C:\Users\aliss\Desktop\ec_020\Lib_MCU\Debug\libLib_MCU.a(lpc17xx_i2c.o)
 .text.I2C_SendByte
                0x00001768       0x50 C:\Users\aliss\Desktop\ec_020\Lib_MCU\Debug\libLib_MCU.a(lpc17xx_i2c.o)
 .text.I2C_GetByte
                0x000017b8       0x5c C:\Users\aliss\Desktop\ec_020\Lib_MCU\Debug\libLib_MCU.a(lpc17xx_i2c.o)
 .text.I2C_IntCmd
                0x00001814       0xa8 C:\Users\aliss\Desktop\ec_020\Lib_MCU\Debug\libLib_MCU.a(lpc17xx_i2c.o)
                0x00001814                I2C_IntCmd
 .text.I2C_MasterHandler
                0x000018bc      0x408 C:\Users\aliss\Desktop\ec_020\Lib_MCU\Debug\libLib_MCU.a(lpc17xx_i2c.o)
                0x000018bc                I2C_MasterHandler
 .text.I2C_SetClock
                0x00001cc4       0xc8 C:\Users\aliss\Desktop\ec_020\Lib_MCU\Debug\libLib_MCU.a(lpc17xx_i2c.o)
                0x00001cc4                I2C_SetClock
 .text.I2C_Init
                0x00001d8c       0xd8 C:\Users\aliss\Desktop\ec_020\Lib_MCU\Debug\libLib_MCU.a(lpc17xx_i2c.o)
                0x00001d8c                I2C_Init
 .text.I2C_Cmd  0x00001e64       0x84 C:\Users\aliss\Desktop\ec_020\Lib_MCU\Debug\libLib_MCU.a(lpc17xx_i2c.o)
                0x00001e64                I2C_Cmd
 .text.I2C_MasterTransferData
                0x00001ee8      0x390 C:\Users\aliss\Desktop\ec_020\Lib_MCU\Debug\libLib_MCU.a(lpc17xx_i2c.o)
                0x00001ee8                I2C_MasterTransferData
 .text.PINSEL_SetPinFunc
                0x00002278       0x9c C:\Users\aliss\Desktop\ec_020\Lib_MCU\Debug\libLib_MCU.a(lpc17xx_pinsel.o)
                0x00002278                PINSEL_SetPinFunc
 .text.PINSEL_SetResistorMode
                0x00002314       0x9c C:\Users\aliss\Desktop\ec_020\Lib_MCU\Debug\libLib_MCU.a(lpc17xx_pinsel.o)
                0x00002314                PINSEL_SetResistorMode
 .text.PINSEL_SetOpenDrainMode
                0x000023b0       0x7c C:\Users\aliss\Desktop\ec_020\Lib_MCU\Debug\libLib_MCU.a(lpc17xx_pinsel.o)
                0x000023b0                PINSEL_SetOpenDrainMode
 .text.PINSEL_ConfigPin
                0x0000242c       0x54 C:\Users\aliss\Desktop\ec_020\Lib_MCU\Debug\libLib_MCU.a(lpc17xx_pinsel.o)
                0x0000242c                PINSEL_ConfigPin
 .text.SSP_getNum
                0x00002480       0x40 C:\Users\aliss\Desktop\ec_020\Lib_MCU\Debug\libLib_MCU.a(lpc17xx_ssp.o)
 .text.SSP_IntHandler
                0x000024c0      0x338 C:\Users\aliss\Desktop\ec_020\Lib_MCU\Debug\libLib_MCU.a(lpc17xx_ssp.o)
                0x000024c0                SSP_IntHandler
 .text.SSP_SetClock
                0x000027f8       0xf8 C:\Users\aliss\Desktop\ec_020\Lib_MCU\Debug\libLib_MCU.a(lpc17xx_ssp.o)
                0x000027f8                SSP_SetClock
 .text.SSP_Init
                0x000028f0      0x10c C:\Users\aliss\Desktop\ec_020\Lib_MCU\Debug\libLib_MCU.a(lpc17xx_ssp.o)
                0x000028f0                SSP_Init
 .text.SSP_ConfigStructInit
                0x000029fc       0x48 C:\Users\aliss\Desktop\ec_020\Lib_MCU\Debug\libLib_MCU.a(lpc17xx_ssp.o)
                0x000029fc                SSP_ConfigStructInit
 .text.SSP_Cmd  0x00002a44       0x7c C:\Users\aliss\Desktop\ec_020\Lib_MCU\Debug\libLib_MCU.a(lpc17xx_ssp.o)
                0x00002a44                SSP_Cmd
 .text.SSP_SendData
                0x00002ac0       0x48 C:\Users\aliss\Desktop\ec_020\Lib_MCU\Debug\libLib_MCU.a(lpc17xx_ssp.o)
                0x00002ac0                SSP_SendData
 .text.SSP_ReceiveData
                0x00002b08       0x44 C:\Users\aliss\Desktop\ec_020\Lib_MCU\Debug\libLib_MCU.a(lpc17xx_ssp.o)
                0x00002b08                SSP_ReceiveData
 .text.SSP_ReadWrite
                0x00002b4c      0x440 C:\Users\aliss\Desktop\ec_020\Lib_MCU\Debug\libLib_MCU.a(lpc17xx_ssp.o)
                0x00002b4c                SSP_ReadWrite
 .text.TIM_GetPClock
                0x00002f8c       0x68 C:\Users\aliss\Desktop\ec_020\Lib_MCU\Debug\libLib_MCU.a(lpc17xx_timer.o)
                0x00002f8c                TIM_GetPClock
 .text.TIM_ConverUSecToVal
                0x00002ff4       0x64 C:\Users\aliss\Desktop\ec_020\Lib_MCU\Debug\libLib_MCU.a(lpc17xx_timer.o)
                0x00002ff4                TIM_ConverUSecToVal
 .text.TIM_ConverPtrToTimeNum
                0x00003058       0x6c C:\Users\aliss\Desktop\ec_020\Lib_MCU\Debug\libLib_MCU.a(lpc17xx_timer.o)
                0x00003058                TIM_ConverPtrToTimeNum
 .text.TIM_GetIntStatus
                0x000030c4       0xb4 C:\Users\aliss\Desktop\ec_020\Lib_MCU\Debug\libLib_MCU.a(lpc17xx_timer.o)
                0x000030c4                TIM_GetIntStatus
 .text.TIM_ClearIntPending
                0x00003178       0xa0 C:\Users\aliss\Desktop\ec_020\Lib_MCU\Debug\libLib_MCU.a(lpc17xx_timer.o)
                0x00003178                TIM_ClearIntPending
 .text.TIM_Init
                0x00003218      0x1bc C:\Users\aliss\Desktop\ec_020\Lib_MCU\Debug\libLib_MCU.a(lpc17xx_timer.o)
                0x00003218                TIM_Init
 .text.TIM_Cmd  0x000033d4       0x78 C:\Users\aliss\Desktop\ec_020\Lib_MCU\Debug\libLib_MCU.a(lpc17xx_timer.o)
                0x000033d4                TIM_Cmd
 .text.TIM_ConfigMatch
                0x0000344c      0x19c C:\Users\aliss\Desktop\ec_020\Lib_MCU\Debug\libLib_MCU.a(lpc17xx_timer.o)
                0x0000344c                TIM_ConfigMatch
 .text.Timer0_Wait
                0x000035e8       0x8c C:\Users\aliss\Desktop\ec_020\Lib_MCU\Debug\libLib_MCU.a(lpc17xx_timer.o)
                0x000035e8                Timer0_Wait
 .text.CLKPWR_SetPCLKDiv
                0x00003674       0xcc C:\Users\aliss\Desktop\ec_020\Lib_MCU\Debug\libLib_MCU.a(lpc17xx_clkpwr.o)
                0x00003674                CLKPWR_SetPCLKDiv
 .text.CLKPWR_GetPCLKSEL
                0x00003740       0x54 C:\Users\aliss\Desktop\ec_020\Lib_MCU\Debug\libLib_MCU.a(lpc17xx_clkpwr.o)
                0x00003740                CLKPWR_GetPCLKSEL
 .text.CLKPWR_GetPCLK
                0x00003794       0x74 C:\Users\aliss\Desktop\ec_020\Lib_MCU\Debug\libLib_MCU.a(lpc17xx_clkpwr.o)
                0x00003794                CLKPWR_GetPCLK
 .text.CLKPWR_ConfigPPWR
                0x00003808       0x78 C:\Users\aliss\Desktop\ec_020\Lib_MCU\Debug\libLib_MCU.a(lpc17xx_clkpwr.o)
                0x00003808                CLKPWR_ConfigPPWR
 .text.SystemInit
                0x00003880      0x22c C:\Users\aliss\Desktop\ec_020\Lib_CMSISv1p30_LPC17xx\Debug\libLib_CMSISv1p30_LPC17xx.a(system_LPC17xx.o)
                0x00003880                SystemInit
 .text          0x00003aac       0x2c c:/nxp/lpcxpresso_6.1.4_194/lpcxpresso/tools/bin/../lib/gcc/arm-none-eabi/4.6.2/armv7-m\libgcc.a(_aeabi_uldivmod.o)
                0x00003aac                __aeabi_uldivmod
 .text          0x00003ad8       0x5c c:/nxp/lpcxpresso_6.1.4_194/lpcxpresso/tools/bin/../lib/gcc/arm-none-eabi/4.6.2/armv7-m\libgcc.a(bpabi.o)
                0x00003ad8                __gnu_ldivmod_helper
                0x00003b08                __gnu_uldivmod_helper
 .text          0x00003b34        0x4 c:/nxp/lpcxpresso_6.1.4_194/lpcxpresso/tools/bin/../lib/gcc/arm-none-eabi/4.6.2/armv7-m\libgcc.a(_dvmd_tls.o)
                0x00003b34                __aeabi_idiv0
                0x00003b34                __aeabi_ldiv0
 .text          0x00003b38      0x2c8 c:/nxp/lpcxpresso_6.1.4_194/lpcxpresso/tools/bin/../lib/gcc/arm-none-eabi/4.6.2/armv7-m\libgcc.a(_divdi3.o)
                0x00003b38                __divdi3
 .text          0x00003e00      0x298 c:/nxp/lpcxpresso_6.1.4_194/lpcxpresso/tools/bin/../lib/gcc/arm-none-eabi/4.6.2/armv7-m\libgcc.a(_udivdi3.o)
                0x00003e00                __udivdi3
 .text.memset   0x00004098       0x90 c:/nxp/lpcxpresso_6.1.4_194/lpcxpresso/tools/bin/../lib/gcc/arm-none-eabi/4.6.2/../../../../arm-none-eabi/lib/armv7-m\libc.a(lib_a-memset.o)
                0x00004098                memset
 *(.rodata .rodata.* .constdata .constdata.*)
 .rodata        0x00004128       0x30 ./src/main.o
 .rodata        0x00004158        0x8 C:\Users\aliss\Desktop\ec_020\Lib_EaBaseBoard\Debug\libLib_EaBaseBoard.a(oled.o)
 .rodata        0x00004160      0x300 C:\Users\aliss\Desktop\ec_020\Lib_EaBaseBoard\Debug\libLib_EaBaseBoard.a(font5x7.o)
                0x00004160                font5x7
 .rodata        0x00004460       0x18 C:\Users\aliss\Desktop\ec_020\Lib_MCU\Debug\libLib_MCU.a(lpc17xx_i2c.o)
 .rodata        0x00004478       0x18 C:\Users\aliss\Desktop\ec_020\Lib_MCU\Debug\libLib_MCU.a(lpc17xx_ssp.o)
 .rodata        0x00004490       0x18 C:\Users\aliss\Desktop\ec_020\Lib_MCU\Debug\libLib_MCU.a(lpc17xx_timer.o)
                0x000044a8                . = ALIGN (0x4)

.glue_7         0x000044a8        0x0
 .glue_7        0x00000000        0x0 linker stubs

.glue_7t        0x000044a8        0x0
 .glue_7t       0x00000000        0x0 linker stubs

.vfp11_veneer   0x000044a8        0x0
 .vfp11_veneer  0x00000000        0x0 linker stubs

.v4_bx          0x000044a8        0x0
 .v4_bx         0x00000000        0x0 linker stubs

.ARM.extab
 *(.ARM.extab* .gnu.linkonce.armextab.*)
                0x000044a8                __exidx_start = .

.ARM.exidx      0x000044a8        0x8
 *(.ARM.exidx* .gnu.linkonce.armexidx.*)
 .ARM.exidx     0x000044a8        0x8 c:/nxp/lpcxpresso_6.1.4_194/lpcxpresso/tools/bin/../lib/gcc/arm-none-eabi/4.6.2/armv7-m\libgcc.a(_divdi3.o)
 .ARM.exidx     0x000044b0        0x0 c:/nxp/lpcxpresso_6.1.4_194/lpcxpresso/tools/bin/../lib/gcc/arm-none-eabi/4.6.2/armv7-m\libgcc.a(_udivdi3.o)
                                  0x8 (size before relaxing)
                0x000044b0                __exidx_end = .
                0x000044b0                _etext = .

.data_RAM2      0x2007c000        0x0 load address 0x000044b0
 FILL mask 0xff
 *(.data.$RAM2*)
 *(.data.$RamAHB32*)
                0x2007c000                . = ALIGN (0x4)

.uninit_RESERVED
                0x10000000        0x0
 *(.bss.$RESERVED*)
                0x10000000                . = ALIGN (0x4)
                0x10000000                _end_uninit_RESERVED = .

.data           0x10000000       0x10 load address 0x000044b0
 FILL mask 0xff
                0x10000000                _data = .
 *(vtable)
 *(.data*)
 .data          0x10000000        0x4 ./src/main.o
 .data          0x10000004        0x8 C:\Users\aliss\Desktop\ec_020\Lib_EaBaseBoard\Debug\libLib_EaBaseBoard.a(light.o)
 .data          0x1000000c        0x4 C:\Users\aliss\Desktop\ec_020\Lib_CMSISv1p30_LPC17xx\Debug\libLib_CMSISv1p30_LPC17xx.a(system_LPC17xx.o)
                0x1000000c                SystemCoreClock
                0x10000010                . = ALIGN (0x4)
                0x10000010                _edata = .

.bss_RAM2       0x2007c000        0x0
 *(.bss.$RAM2*)
 *(.bss.$RamAHB32*)
                0x2007c000                . = ALIGN (0x4)

.bss            0x10000010      0x38c
                0x10000010                _bss = .
 *(.bss*)
 .bss           0x10000010        0xc ./src/main.o
 .bss           0x1000001c       0x40 ./src/timer.o
                0x1000001c                timer0_m0_counter
                0x10000020                timer1_m0_counter
                0x10000024                timer2_m0_counter
                0x10000028                timer3_m0_counter
                0x1000002c                timer0_m1_counter
                0x10000030                timer1_m1_counter
                0x10000034                timer2_m1_counter
                0x10000038                timer3_m1_counter
                0x1000003c                timer0_capture0
                0x10000040                timer1_capture0
                0x10000044                timer2_capture0
                0x10000048                timer3_capture0
                0x1000004c                timer0_capture1
                0x10000050                timer1_capture1
                0x10000054                timer2_capture1
                0x10000058                timer3_capture1
 .bss           0x1000005c      0x300 C:\Users\aliss\Desktop\ec_020\Lib_EaBaseBoard\Debug\libLib_EaBaseBoard.a(oled.o)
 .bss           0x1000035c       0x24 C:\Users\aliss\Desktop\ec_020\Lib_MCU\Debug\libLib_MCU.a(lpc17xx_i2c.o)
 .bss           0x10000380       0x18 C:\Users\aliss\Desktop\ec_020\Lib_MCU\Debug\libLib_MCU.a(lpc17xx_ssp.o)
 *(COMMON)
 COMMON         0x10000398        0x4 ./src/Sensor.o
                0x10000398                ClassHandle
                0x1000039c                . = ALIGN (0x4)
                0x1000039c                _ebss = .
                0x1000039c                PROVIDE (end, .)

.noinit_RAM2    0x2007c000        0x0
 *(.noinit.$RAM2*)
 *(.noinit.$RamAHB32*)
                0x2007c000                . = ALIGN (0x4)

.noinit         0x1000039c        0x0
                0x1000039c                _noinit = .
 *(.noinit*)
                0x1000039c                . = ALIGN (0x4)
                0x1000039c                _end_noinit = .
                0x1000039c                PROVIDE (_pvHeapStart, .)
                0x10008000                PROVIDE (_vStackTop, (__top_RamLoc32 - 0x0))
OUTPUT(bnc_oled.axf elf32-littlearm)

.debug_info     0x00000000     0x5d8e
 .debug_info    0x00000000      0x185 ./src/Sensor.o
 .debug_info    0x00000185      0x209 ./src/cr_startup_lpc17.o
 .debug_info    0x0000038e      0x4db ./src/main.o
 .debug_info    0x00000869      0xbf4 ./src/timer.o
 .debug_info    0x0000145d      0x763 C:\Users\aliss\Desktop\ec_020\Lib_EaBaseBoard\Debug\libLib_EaBaseBoard.a(light.o)
 .debug_info    0x00001bc0      0x97d C:\Users\aliss\Desktop\ec_020\Lib_EaBaseBoard\Debug\libLib_EaBaseBoard.a(oled.o)
 .debug_info    0x0000253d       0x65 C:\Users\aliss\Desktop\ec_020\Lib_EaBaseBoard\Debug\libLib_EaBaseBoard.a(font5x7.o)
 .debug_info    0x000025a2      0xb95 C:\Users\aliss\Desktop\ec_020\Lib_MCU\Debug\libLib_MCU.a(lpc17xx_gpio.o)
 .debug_info    0x00003137      0xcc3 C:\Users\aliss\Desktop\ec_020\Lib_MCU\Debug\libLib_MCU.a(lpc17xx_i2c.o)
 .debug_info    0x00003dfa      0x4b1 C:\Users\aliss\Desktop\ec_020\Lib_MCU\Debug\libLib_MCU.a(lpc17xx_pinsel.o)
 .debug_info    0x000042ab      0x867 C:\Users\aliss\Desktop\ec_020\Lib_MCU\Debug\libLib_MCU.a(lpc17xx_ssp.o)
 .debug_info    0x00004b12      0x8e4 C:\Users\aliss\Desktop\ec_020\Lib_MCU\Debug\libLib_MCU.a(lpc17xx_timer.o)
 .debug_info    0x000053f6      0x641 C:\Users\aliss\Desktop\ec_020\Lib_MCU\Debug\libLib_MCU.a(lpc17xx_clkpwr.o)
 .debug_info    0x00005a37      0x357 C:\Users\aliss\Desktop\ec_020\Lib_CMSISv1p30_LPC17xx\Debug\libLib_CMSISv1p30_LPC17xx.a(system_LPC17xx.o)

.debug_abbrev   0x00000000     0x1363
 .debug_abbrev  0x00000000       0xea ./src/Sensor.o
 .debug_abbrev  0x000000ea       0xb4 ./src/cr_startup_lpc17.o
 .debug_abbrev  0x0000019e      0x175 ./src/main.o
 .debug_abbrev  0x00000313      0x1ca ./src/timer.o
 .debug_abbrev  0x000004dd      0x1bd C:\Users\aliss\Desktop\ec_020\Lib_EaBaseBoard\Debug\libLib_EaBaseBoard.a(light.o)
 .debug_abbrev  0x0000069a      0x1f1 C:\Users\aliss\Desktop\ec_020\Lib_EaBaseBoard\Debug\libLib_EaBaseBoard.a(oled.o)
 .debug_abbrev  0x0000088b       0x4b C:\Users\aliss\Desktop\ec_020\Lib_EaBaseBoard\Debug\libLib_EaBaseBoard.a(font5x7.o)
 .debug_abbrev  0x000008d6      0x185 C:\Users\aliss\Desktop\ec_020\Lib_MCU\Debug\libLib_MCU.a(lpc17xx_gpio.o)
 .debug_abbrev  0x00000a5b      0x24a C:\Users\aliss\Desktop\ec_020\Lib_MCU\Debug\libLib_MCU.a(lpc17xx_i2c.o)
 .debug_abbrev  0x00000ca5      0x10a C:\Users\aliss\Desktop\ec_020\Lib_MCU\Debug\libLib_MCU.a(lpc17xx_pinsel.o)
 .debug_abbrev  0x00000daf      0x1d3 C:\Users\aliss\Desktop\ec_020\Lib_MCU\Debug\libLib_MCU.a(lpc17xx_ssp.o)
 .debug_abbrev  0x00000f82      0x19f C:\Users\aliss\Desktop\ec_020\Lib_MCU\Debug\libLib_MCU.a(lpc17xx_timer.o)
 .debug_abbrev  0x00001121      0x174 C:\Users\aliss\Desktop\ec_020\Lib_MCU\Debug\libLib_MCU.a(lpc17xx_clkpwr.o)
 .debug_abbrev  0x00001295       0xce C:\Users\aliss\Desktop\ec_020\Lib_CMSISv1p30_LPC17xx\Debug\libLib_CMSISv1p30_LPC17xx.a(system_LPC17xx.o)

.debug_loc      0x00000000     0x2186
 .debug_loc     0x00000000       0x84 ./src/Sensor.o
 .debug_loc     0x00000084      0x1f0 ./src/cr_startup_lpc17.o
 .debug_loc     0x00000274      0x144 ./src/main.o
 .debug_loc     0x000003b8      0x200 ./src/timer.o
 .debug_loc     0x000005b8      0x378 C:\Users\aliss\Desktop\ec_020\Lib_EaBaseBoard\Debug\libLib_EaBaseBoard.a(light.o)
 .debug_loc     0x00000930      0x33e C:\Users\aliss\Desktop\ec_020\Lib_EaBaseBoard\Debug\libLib_EaBaseBoard.a(oled.o)
 .debug_loc     0x00000c6e      0x4d0 C:\Users\aliss\Desktop\ec_020\Lib_MCU\Debug\libLib_MCU.a(lpc17xx_gpio.o)
 .debug_loc     0x0000113e      0x4e4 C:\Users\aliss\Desktop\ec_020\Lib_MCU\Debug\libLib_MCU.a(lpc17xx_i2c.o)
 .debug_loc     0x00001622      0x150 C:\Users\aliss\Desktop\ec_020\Lib_MCU\Debug\libLib_MCU.a(lpc17xx_pinsel.o)
 .debug_loc     0x00001772      0x448 C:\Users\aliss\Desktop\ec_020\Lib_MCU\Debug\libLib_MCU.a(lpc17xx_ssp.o)
 .debug_loc     0x00001bba      0x3b8 C:\Users\aliss\Desktop\ec_020\Lib_MCU\Debug\libLib_MCU.a(lpc17xx_timer.o)
 .debug_loc     0x00001f72      0x1bc C:\Users\aliss\Desktop\ec_020\Lib_MCU\Debug\libLib_MCU.a(lpc17xx_clkpwr.o)
 .debug_loc     0x0000212e       0x58 C:\Users\aliss\Desktop\ec_020\Lib_CMSISv1p30_LPC17xx\Debug\libLib_CMSISv1p30_LPC17xx.a(system_LPC17xx.o)

.debug_aranges  0x00000000      0x638
 .debug_aranges
                0x00000000       0x30 ./src/Sensor.o
 .debug_aranges
                0x00000030       0x70 ./src/cr_startup_lpc17.o
 .debug_aranges
                0x000000a0       0x48 ./src/main.o
 .debug_aranges
                0x000000e8       0x68 ./src/timer.o
 .debug_aranges
                0x00000150       0x98 C:\Users\aliss\Desktop\ec_020\Lib_EaBaseBoard\Debug\libLib_EaBaseBoard.a(light.o)
 .debug_aranges
                0x000001e8       0x90 C:\Users\aliss\Desktop\ec_020\Lib_EaBaseBoard\Debug\libLib_EaBaseBoard.a(oled.o)
 .debug_aranges
                0x00000278       0xc8 C:\Users\aliss\Desktop\ec_020\Lib_MCU\Debug\libLib_MCU.a(lpc17xx_gpio.o)
 .debug_aranges
                0x00000340       0xd0 C:\Users\aliss\Desktop\ec_020\Lib_MCU\Debug\libLib_MCU.a(lpc17xx_i2c.o)
 .debug_aranges
                0x00000410       0x48 C:\Users\aliss\Desktop\ec_020\Lib_MCU\Debug\libLib_MCU.a(lpc17xx_pinsel.o)
 .debug_aranges
                0x00000458       0xb8 C:\Users\aliss\Desktop\ec_020\Lib_MCU\Debug\libLib_MCU.a(lpc17xx_ssp.o)
 .debug_aranges
                0x00000510       0xa0 C:\Users\aliss\Desktop\ec_020\Lib_MCU\Debug\libLib_MCU.a(lpc17xx_timer.o)
 .debug_aranges
                0x000005b0       0x60 C:\Users\aliss\Desktop\ec_020\Lib_MCU\Debug\libLib_MCU.a(lpc17xx_clkpwr.o)
 .debug_aranges
                0x00000610       0x28 C:\Users\aliss\Desktop\ec_020\Lib_CMSISv1p30_LPC17xx\Debug\libLib_CMSISv1p30_LPC17xx.a(system_LPC17xx.o)

.debug_ranges   0x00000000      0x568
 .debug_ranges  0x00000000       0x20 ./src/Sensor.o
 .debug_ranges  0x00000020       0x60 ./src/cr_startup_lpc17.o
 .debug_ranges  0x00000080       0x38 ./src/main.o
 .debug_ranges  0x000000b8       0x58 ./src/timer.o
 .debug_ranges  0x00000110       0x88 C:\Users\aliss\Desktop\ec_020\Lib_EaBaseBoard\Debug\libLib_EaBaseBoard.a(light.o)
 .debug_ranges  0x00000198       0x80 C:\Users\aliss\Desktop\ec_020\Lib_EaBaseBoard\Debug\libLib_EaBaseBoard.a(oled.o)
 .debug_ranges  0x00000218       0xb8 C:\Users\aliss\Desktop\ec_020\Lib_MCU\Debug\libLib_MCU.a(lpc17xx_gpio.o)
 .debug_ranges  0x000002d0       0xc0 C:\Users\aliss\Desktop\ec_020\Lib_MCU\Debug\libLib_MCU.a(lpc17xx_i2c.o)
 .debug_ranges  0x00000390       0x38 C:\Users\aliss\Desktop\ec_020\Lib_MCU\Debug\libLib_MCU.a(lpc17xx_pinsel.o)
 .debug_ranges  0x000003c8       0xa8 C:\Users\aliss\Desktop\ec_020\Lib_MCU\Debug\libLib_MCU.a(lpc17xx_ssp.o)
 .debug_ranges  0x00000470       0x90 C:\Users\aliss\Desktop\ec_020\Lib_MCU\Debug\libLib_MCU.a(lpc17xx_timer.o)
 .debug_ranges  0x00000500       0x50 C:\Users\aliss\Desktop\ec_020\Lib_MCU\Debug\libLib_MCU.a(lpc17xx_clkpwr.o)
 .debug_ranges  0x00000550       0x18 C:\Users\aliss\Desktop\ec_020\Lib_CMSISv1p30_LPC17xx\Debug\libLib_CMSISv1p30_LPC17xx.a(system_LPC17xx.o)

.debug_line     0x00000000     0x487d
 .debug_line    0x00000000      0x329 ./src/Sensor.o
 .debug_line    0x00000329      0x368 ./src/cr_startup_lpc17.o
 .debug_line    0x00000691      0x436 ./src/main.o
 .debug_line    0x00000ac7      0x490 ./src/timer.o
 .debug_line    0x00000f57      0x58e C:\Users\aliss\Desktop\ec_020\Lib_EaBaseBoard\Debug\libLib_EaBaseBoard.a(light.o)
 .debug_line    0x000014e5      0x767 C:\Users\aliss\Desktop\ec_020\Lib_EaBaseBoard\Debug\libLib_EaBaseBoard.a(oled.o)
 .debug_line    0x00001c4c       0x82 C:\Users\aliss\Desktop\ec_020\Lib_EaBaseBoard\Debug\libLib_EaBaseBoard.a(font5x7.o)
 .debug_line    0x00001cce      0x5de C:\Users\aliss\Desktop\ec_020\Lib_MCU\Debug\libLib_MCU.a(lpc17xx_gpio.o)
 .debug_line    0x000022ac      0x8f9 C:\Users\aliss\Desktop\ec_020\Lib_MCU\Debug\libLib_MCU.a(lpc17xx_i2c.o)
 .debug_line    0x00002ba5      0x45d C:\Users\aliss\Desktop\ec_020\Lib_MCU\Debug\libLib_MCU.a(lpc17xx_pinsel.o)
 .debug_line    0x00003002      0x82c C:\Users\aliss\Desktop\ec_020\Lib_MCU\Debug\libLib_MCU.a(lpc17xx_ssp.o)
 .debug_line    0x0000382e      0x78a C:\Users\aliss\Desktop\ec_020\Lib_MCU\Debug\libLib_MCU.a(lpc17xx_timer.o)
 .debug_line    0x00003fb8      0x4be C:\Users\aliss\Desktop\ec_020\Lib_MCU\Debug\libLib_MCU.a(lpc17xx_clkpwr.o)
 .debug_line    0x00004476      0x407 C:\Users\aliss\Desktop\ec_020\Lib_CMSISv1p30_LPC17xx\Debug\libLib_CMSISv1p30_LPC17xx.a(system_LPC17xx.o)

.debug_macinfo  0x00000000    0x74c13
 .debug_macinfo
                0x00000000     0x9373 ./src/Sensor.o
 .debug_macinfo
                0x00009373     0x2c15 ./src/cr_startup_lpc17.o
 .debug_macinfo
                0x0000bf88     0x9bd7 ./src/main.o
 .debug_macinfo
                0x00015b5f     0x721c ./src/timer.o
 .debug_macinfo
                0x0001cd7b     0x8e3a C:\Users\aliss\Desktop\ec_020\Lib_EaBaseBoard\Debug\libLib_EaBaseBoard.a(light.o)
 .debug_macinfo
                0x00025bb5     0xa143 C:\Users\aliss\Desktop\ec_020\Lib_EaBaseBoard\Debug\libLib_EaBaseBoard.a(oled.o)
 .debug_macinfo
                0x0002fcf8     0x332a C:\Users\aliss\Desktop\ec_020\Lib_EaBaseBoard\Debug\libLib_EaBaseBoard.a(font5x7.o)
 .debug_macinfo
                0x00033022     0x86b8 C:\Users\aliss\Desktop\ec_020\Lib_MCU\Debug\libLib_MCU.a(lpc17xx_gpio.o)
 .debug_macinfo
                0x0003b6da     0xa5d8 C:\Users\aliss\Desktop\ec_020\Lib_MCU\Debug\libLib_MCU.a(lpc17xx_i2c.o)
 .debug_macinfo
                0x00045cb2     0x87d3 C:\Users\aliss\Desktop\ec_020\Lib_MCU\Debug\libLib_MCU.a(lpc17xx_pinsel.o)
 .debug_macinfo
                0x0004e485     0xa8d0 C:\Users\aliss\Desktop\ec_020\Lib_MCU\Debug\libLib_MCU.a(lpc17xx_ssp.o)
 .debug_macinfo
                0x00058d55     0xa4cd C:\Users\aliss\Desktop\ec_020\Lib_MCU\Debug\libLib_MCU.a(lpc17xx_timer.o)
 .debug_macinfo
                0x00063222     0x95f9 C:\Users\aliss\Desktop\ec_020\Lib_MCU\Debug\libLib_MCU.a(lpc17xx_clkpwr.o)
 .debug_macinfo
                0x0006c81b     0x83f8 C:\Users\aliss\Desktop\ec_020\Lib_CMSISv1p30_LPC17xx\Debug\libLib_CMSISv1p30_LPC17xx.a(system_LPC17xx.o)

.debug_str      0x00000000     0x1f8b
 .debug_str     0x00000000      0x170 ./src/Sensor.o
                                0x1b4 (size before relaxing)
 .debug_str     0x00000170      0x12e ./src/cr_startup_lpc17.o
                                0x201 (size before relaxing)
 .debug_str     0x0000029e      0x1e5 ./src/main.o
                                0x2fb (size before relaxing)
 .debug_str     0x00000483      0x630 ./src/timer.o
                                0x789 (size before relaxing)
 .debug_str     0x00000ab3      0x36f C:\Users\aliss\Desktop\ec_020\Lib_EaBaseBoard\Debug\libLib_EaBaseBoard.a(light.o)
                                0x4fd (size before relaxing)
 .debug_str     0x00000e22      0x20b C:\Users\aliss\Desktop\ec_020\Lib_EaBaseBoard\Debug\libLib_EaBaseBoard.a(oled.o)
                                0x3b5 (size before relaxing)
 .debug_str     0x0000102d       0x11 C:\Users\aliss\Desktop\ec_020\Lib_EaBaseBoard\Debug\libLib_EaBaseBoard.a(font5x7.o)
                                 0xc0 (size before relaxing)
 .debug_str     0x0000103e      0x379 C:\Users\aliss\Desktop\ec_020\Lib_MCU\Debug\libLib_MCU.a(lpc17xx_gpio.o)
                                0x471 (size before relaxing)
 .debug_str     0x000013b7      0x309 C:\Users\aliss\Desktop\ec_020\Lib_MCU\Debug\libLib_MCU.a(lpc17xx_i2c.o)
                                0x807 (size before relaxing)
 .debug_str     0x000016c0      0x101 C:\Users\aliss\Desktop\ec_020\Lib_MCU\Debug\libLib_MCU.a(lpc17xx_pinsel.o)
                                0x3a6 (size before relaxing)
 .debug_str     0x000017c1      0x211 C:\Users\aliss\Desktop\ec_020\Lib_MCU\Debug\libLib_MCU.a(lpc17xx_ssp.o)
                                0x484 (size before relaxing)
 .debug_str     0x000019d2      0x41d C:\Users\aliss\Desktop\ec_020\Lib_MCU\Debug\libLib_MCU.a(lpc17xx_timer.o)
                                0x5ba (size before relaxing)
 .debug_str     0x00001def      0x119 C:\Users\aliss\Desktop\ec_020\Lib_MCU\Debug\libLib_MCU.a(lpc17xx_clkpwr.o)
                                0x3a2 (size before relaxing)
 .debug_str     0x00001f08       0x83 C:\Users\aliss\Desktop\ec_020\Lib_CMSISv1p30_LPC17xx\Debug\libLib_CMSISv1p30_LPC17xx.a(system_LPC17xx.o)
                                0x29c (size before relaxing)

.comment        0x00000000       0x70
 .comment       0x00000000       0x70 ./src/Sensor.o
                                 0x71 (size before relaxing)
 .comment       0x00000000       0x71 ./src/cr_startup_lpc17.o
 .comment       0x00000000       0x71 ./src/main.o
 .comment       0x00000000       0x71 ./src/timer.o
 .comment       0x00000000       0x71 C:\Users\aliss\Desktop\ec_020\Lib_EaBaseBoard\Debug\libLib_EaBaseBoard.a(light.o)
 .comment       0x00000000       0x71 C:\Users\aliss\Desktop\ec_020\Lib_EaBaseBoard\Debug\libLib_EaBaseBoard.a(oled.o)
 .comment       0x00000000       0x71 C:\Users\aliss\Desktop\ec_020\Lib_EaBaseBoard\Debug\libLib_EaBaseBoard.a(font5x7.o)
 .comment       0x00000000       0x71 C:\Users\aliss\Desktop\ec_020\Lib_MCU\Debug\libLib_MCU.a(lpc17xx_gpio.o)
 .comment       0x00000000       0x71 C:\Users\aliss\Desktop\ec_020\Lib_MCU\Debug\libLib_MCU.a(lpc17xx_i2c.o)
 .comment       0x00000000       0x71 C:\Users\aliss\Desktop\ec_020\Lib_MCU\Debug\libLib_MCU.a(lpc17xx_pinsel.o)
 .comment       0x00000000       0x71 C:\Users\aliss\Desktop\ec_020\Lib_MCU\Debug\libLib_MCU.a(lpc17xx_ssp.o)
 .comment       0x00000000       0x71 C:\Users\aliss\Desktop\ec_020\Lib_MCU\Debug\libLib_MCU.a(lpc17xx_timer.o)
 .comment       0x00000000       0x71 C:\Users\aliss\Desktop\ec_020\Lib_MCU\Debug\libLib_MCU.a(lpc17xx_clkpwr.o)
 .comment       0x00000000       0x71 C:\Users\aliss\Desktop\ec_020\Lib_CMSISv1p30_LPC17xx\Debug\libLib_CMSISv1p30_LPC17xx.a(system_LPC17xx.o)

.ARM.attributes
                0x00000000       0x33
 .ARM.attributes
                0x00000000       0x33 ./src/Sensor.o
 .ARM.attributes
                0x00000033       0x33 ./src/cr_startup_lpc17.o
 .ARM.attributes
                0x00000066       0x33 ./src/main.o
 .ARM.attributes
                0x00000099       0x33 ./src/timer.o
 .ARM.attributes
                0x000000cc       0x33 C:\Users\aliss\Desktop\ec_020\Lib_EaBaseBoard\Debug\libLib_EaBaseBoard.a(light.o)
 .ARM.attributes
                0x000000ff       0x33 C:\Users\aliss\Desktop\ec_020\Lib_EaBaseBoard\Debug\libLib_EaBaseBoard.a(oled.o)
 .ARM.attributes
                0x00000132       0x33 C:\Users\aliss\Desktop\ec_020\Lib_EaBaseBoard\Debug\libLib_EaBaseBoard.a(font5x7.o)
 .ARM.attributes
                0x00000165       0x33 C:\Users\aliss\Desktop\ec_020\Lib_MCU\Debug\libLib_MCU.a(lpc17xx_gpio.o)
 .ARM.attributes
                0x00000198       0x33 C:\Users\aliss\Desktop\ec_020\Lib_MCU\Debug\libLib_MCU.a(lpc17xx_i2c.o)
 .ARM.attributes
                0x000001cb       0x33 C:\Users\aliss\Desktop\ec_020\Lib_MCU\Debug\libLib_MCU.a(lpc17xx_pinsel.o)
 .ARM.attributes
                0x000001fe       0x33 C:\Users\aliss\Desktop\ec_020\Lib_MCU\Debug\libLib_MCU.a(lpc17xx_ssp.o)
 .ARM.attributes
                0x00000231       0x33 C:\Users\aliss\Desktop\ec_020\Lib_MCU\Debug\libLib_MCU.a(lpc17xx_timer.o)
 .ARM.attributes
                0x00000264       0x33 C:\Users\aliss\Desktop\ec_020\Lib_MCU\Debug\libLib_MCU.a(lpc17xx_clkpwr.o)
 .ARM.attributes
                0x00000297       0x33 C:\Users\aliss\Desktop\ec_020\Lib_CMSISv1p30_LPC17xx\Debug\libLib_CMSISv1p30_LPC17xx.a(system_LPC17xx.o)
 .ARM.attributes
                0x000002ca       0x1d c:/nxp/lpcxpresso_6.1.4_194/lpcxpresso/tools/bin/../lib/gcc/arm-none-eabi/4.6.2/armv7-m\libgcc.a(_aeabi_uldivmod.o)
 .ARM.attributes
                0x000002e7       0x2d c:/nxp/lpcxpresso_6.1.4_194/lpcxpresso/tools/bin/../lib/gcc/arm-none-eabi/4.6.2/armv7-m\libgcc.a(bpabi.o)
 .ARM.attributes
                0x00000314       0x1d c:/nxp/lpcxpresso_6.1.4_194/lpcxpresso/tools/bin/../lib/gcc/arm-none-eabi/4.6.2/armv7-m\libgcc.a(_dvmd_tls.o)
 .ARM.attributes
                0x00000331       0x2d c:/nxp/lpcxpresso_6.1.4_194/lpcxpresso/tools/bin/../lib/gcc/arm-none-eabi/4.6.2/armv7-m\libgcc.a(_divdi3.o)
 .ARM.attributes
                0x0000035e       0x2d c:/nxp/lpcxpresso_6.1.4_194/lpcxpresso/tools/bin/../lib/gcc/arm-none-eabi/4.6.2/armv7-m\libgcc.a(_udivdi3.o)
 .ARM.attributes
                0x0000038b       0x2d c:/nxp/lpcxpresso_6.1.4_194/lpcxpresso/tools/bin/../lib/gcc/arm-none-eabi/4.6.2/../../../../arm-none-eabi/lib/armv7-m\libc.a(lib_a-memset.o)

.debug_frame    0x00000000     0x1480
 .debug_frame   0x00000000       0x60 ./src/Sensor.o
 .debug_frame   0x00000060      0x120 ./src/cr_startup_lpc17.o
 .debug_frame   0x00000180       0xc8 ./src/main.o
 .debug_frame   0x00000248      0x11c ./src/timer.o
 .debug_frame   0x00000364      0x208 C:\Users\aliss\Desktop\ec_020\Lib_EaBaseBoard\Debug\libLib_EaBaseBoard.a(light.o)
 .debug_frame   0x0000056c      0x1ec C:\Users\aliss\Desktop\ec_020\Lib_EaBaseBoard\Debug\libLib_EaBaseBoard.a(oled.o)
 .debug_frame   0x00000758      0x2c4 C:\Users\aliss\Desktop\ec_020\Lib_MCU\Debug\libLib_MCU.a(lpc17xx_gpio.o)
 .debug_frame   0x00000a1c      0x2c8 C:\Users\aliss\Desktop\ec_020\Lib_MCU\Debug\libLib_MCU.a(lpc17xx_i2c.o)
 .debug_frame   0x00000ce4       0xbc C:\Users\aliss\Desktop\ec_020\Lib_MCU\Debug\libLib_MCU.a(lpc17xx_pinsel.o)
 .debug_frame   0x00000da0      0x280 C:\Users\aliss\Desktop\ec_020\Lib_MCU\Debug\libLib_MCU.a(lpc17xx_ssp.o)
 .debug_frame   0x00001020      0x228 C:\Users\aliss\Desktop\ec_020\Lib_MCU\Debug\libLib_MCU.a(lpc17xx_timer.o)
 .debug_frame   0x00001248      0x10c C:\Users\aliss\Desktop\ec_020\Lib_MCU\Debug\libLib_MCU.a(lpc17xx_clkpwr.o)
 .debug_frame   0x00001354       0x48 C:\Users\aliss\Desktop\ec_020\Lib_CMSISv1p30_LPC17xx\Debug\libLib_CMSISv1p30_LPC17xx.a(system_LPC17xx.o)
 .debug_frame   0x0000139c       0x50 c:/nxp/lpcxpresso_6.1.4_194/lpcxpresso/tools/bin/../lib/gcc/arm-none-eabi/4.6.2/armv7-m\libgcc.a(bpabi.o)
 .debug_frame   0x000013ec       0x34 c:/nxp/lpcxpresso_6.1.4_194/lpcxpresso/tools/bin/../lib/gcc/arm-none-eabi/4.6.2/armv7-m\libgcc.a(_divdi3.o)
 .debug_frame   0x00001420       0x34 c:/nxp/lpcxpresso_6.1.4_194/lpcxpresso/tools/bin/../lib/gcc/arm-none-eabi/4.6.2/armv7-m\libgcc.a(_udivdi3.o)
 .debug_frame   0x00001454       0x2c c:/nxp/lpcxpresso_6.1.4_194/lpcxpresso/tools/bin/../lib/gcc/arm-none-eabi/4.6.2/../../../../arm-none-eabi/lib/armv7-m\libc.a(lib_a-memset.o)
