Archive member included because of file (symbol)

C:\Users\aliss\Desktop\lpc1768_xpr_bb_110111\Lib_EaBaseBoard\Debug\libLib_EaBaseBoard.a(light.o)
                              ./src/main.o (light_enable)
C:\Users\aliss\Desktop\lpc1768_xpr_bb_110111\Lib_EaBaseBoard\Debug\libLib_EaBaseBoard.a(oled.o)
                              ./src/main.o (oled_init)
C:\Users\aliss\Desktop\lpc1768_xpr_bb_110111\Lib_EaBaseBoard\Debug\libLib_EaBaseBoard.a(font5x7.o)
                              C:\Users\aliss\Desktop\lpc1768_xpr_bb_110111\Lib_EaBaseBoard\Debug\libLib_EaBaseBoard.a(oled.o) (font5x7)
C:\Users\aliss\Desktop\lpc1768_xpr_bb_110111\Lib_MCU\Debug\libLib_MCU.a(lpc17xx_adc.o)
                              ./src/main.o (ADC_Init)
C:\Users\aliss\Desktop\lpc1768_xpr_bb_110111\Lib_MCU\Debug\libLib_MCU.a(lpc17xx_clkpwr.o)
                              C:\Users\aliss\Desktop\lpc1768_xpr_bb_110111\Lib_MCU\Debug\libLib_MCU.a(lpc17xx_adc.o) (CLKPWR_GetPCLK)
C:\Users\aliss\Desktop\lpc1768_xpr_bb_110111\Lib_MCU\Debug\libLib_MCU.a(lpc17xx_gpio.o)
                              C:\Users\aliss\Desktop\lpc1768_xpr_bb_110111\Lib_EaBaseBoard\Debug\libLib_EaBaseBoard.a(oled.o) (GPIO_SetDir)
C:\Users\aliss\Desktop\lpc1768_xpr_bb_110111\Lib_MCU\Debug\libLib_MCU.a(lpc17xx_i2c.o)
                              ./src/main.o (I2C_Init)
C:\Users\aliss\Desktop\lpc1768_xpr_bb_110111\Lib_MCU\Debug\libLib_MCU.a(lpc17xx_pinsel.o)
                              ./src/main.o (PINSEL_ConfigPin)
C:\Users\aliss\Desktop\lpc1768_xpr_bb_110111\Lib_MCU\Debug\libLib_MCU.a(lpc17xx_ssp.o)
                              ./src/main.o (SSP_Init)
C:\Users\aliss\Desktop\lpc1768_xpr_bb_110111\Lib_MCU\Debug\libLib_MCU.a(lpc17xx_timer.o)
                              ./src/main.o (Timer0_Wait)
C:\Users\aliss\Desktop\lpc1768_xpr_bb_110111\Lib_CMSISv1p30_LPC17xx\Debug\libLib_CMSISv1p30_LPC17xx.a(system_LPC17xx.o)
                              ./src/timer.o (SystemCoreClock)
c:/nxp/lpcxpresso_6.1.4_194/lpcxpresso/tools/bin/../lib/gcc/arm-none-eabi/4.6.2/armv7-m\libgcc.a(_aeabi_uldivmod.o)
                              C:\Users\aliss\Desktop\lpc1768_xpr_bb_110111\Lib_MCU\Debug\libLib_MCU.a(lpc17xx_timer.o) (__aeabi_uldivmod)
c:/nxp/lpcxpresso_6.1.4_194/lpcxpresso/tools/bin/../lib/gcc/arm-none-eabi/4.6.2/armv7-m\libgcc.a(bpabi.o)
                              c:/nxp/lpcxpresso_6.1.4_194/lpcxpresso/tools/bin/../lib/gcc/arm-none-eabi/4.6.2/armv7-m\libgcc.a(_aeabi_uldivmod.o) (__gnu_uldivmod_helper)
c:/nxp/lpcxpresso_6.1.4_194/lpcxpresso/tools/bin/../lib/gcc/arm-none-eabi/4.6.2/armv7-m\libgcc.a(_dvmd_tls.o)
                              c:/nxp/lpcxpresso_6.1.4_194/lpcxpresso/tools/bin/../lib/gcc/arm-none-eabi/4.6.2/armv7-m\libgcc.a(_aeabi_uldivmod.o) (__aeabi_ldiv0)
c:/nxp/lpcxpresso_6.1.4_194/lpcxpresso/tools/bin/../lib/gcc/arm-none-eabi/4.6.2/armv7-m\libgcc.a(_divdi3.o)
                              c:/nxp/lpcxpresso_6.1.4_194/lpcxpresso/tools/bin/../lib/gcc/arm-none-eabi/4.6.2/armv7-m\libgcc.a(bpabi.o) (__divdi3)
c:/nxp/lpcxpresso_6.1.4_194/lpcxpresso/tools/bin/../lib/gcc/arm-none-eabi/4.6.2/armv7-m\libgcc.a(_udivdi3.o)
                              c:/nxp/lpcxpresso_6.1.4_194/lpcxpresso/tools/bin/../lib/gcc/arm-none-eabi/4.6.2/armv7-m\libgcc.a(bpabi.o) (__udivdi3)
c:/nxp/lpcxpresso_6.1.4_194/lpcxpresso/tools/bin/../lib/gcc/arm-none-eabi/4.6.2/../../../../arm-none-eabi/lib/armv7-m\libc.a(lib_a-memset.o)
                              C:\Users\aliss\Desktop\lpc1768_xpr_bb_110111\Lib_EaBaseBoard\Debug\libLib_EaBaseBoard.a(oled.o) (memset)

Discarded input sections

 .text          0x00000000        0x0 ./src/cr_startup_lpc17.o
 .data          0x00000000        0x0 ./src/cr_startup_lpc17.o
 .bss           0x00000000        0x0 ./src/cr_startup_lpc17.o
 .text          0x00000000        0x0 ./src/main.o
 .text          0x00000000        0x0 ./src/timer.o
 .data          0x00000000        0x0 ./src/timer.o
 .text.delayMs  0x00000000      0x214 ./src/timer.o
 .text.TIMER0_interrupt
                0x00000000       0xcc ./src/timer.o
 .text.TIMER1_interrupt
                0x00000000       0xec ./src/timer.o
 .text.TIMER2_interrupt
                0x00000000       0xec ./src/timer.o
 .text.disable_timer
                0x00000000       0x68 ./src/timer.o
 .text.reset_timer
                0x00000000       0xac ./src/timer.o
 .text          0x00000000        0x0 C:\Users\aliss\Desktop\lpc1768_xpr_bb_110111\Lib_EaBaseBoard\Debug\libLib_EaBaseBoard.a(light.o)
 .bss           0x00000000        0x0 C:\Users\aliss\Desktop\lpc1768_xpr_bb_110111\Lib_EaBaseBoard\Debug\libLib_EaBaseBoard.a(light.o)
 .text.readCommandReg
                0x00000000       0x3c C:\Users\aliss\Desktop\lpc1768_xpr_bb_110111\Lib_EaBaseBoard\Debug\libLib_EaBaseBoard.a(light.o)
 .text.readControlReg
                0x00000000       0x3c C:\Users\aliss\Desktop\lpc1768_xpr_bb_110111\Lib_EaBaseBoard\Debug\libLib_EaBaseBoard.a(light.o)
 .text.light_init
                0x00000000        0xc C:\Users\aliss\Desktop\lpc1768_xpr_bb_110111\Lib_EaBaseBoard\Debug\libLib_EaBaseBoard.a(light.o)
 .text.light_setMode
                0x00000000       0x50 C:\Users\aliss\Desktop\lpc1768_xpr_bb_110111\Lib_EaBaseBoard\Debug\libLib_EaBaseBoard.a(light.o)
 .text.light_setWidth
                0x00000000       0xa4 C:\Users\aliss\Desktop\lpc1768_xpr_bb_110111\Lib_EaBaseBoard\Debug\libLib_EaBaseBoard.a(light.o)
 .text.light_setRange
                0x00000000       0xac C:\Users\aliss\Desktop\lpc1768_xpr_bb_110111\Lib_EaBaseBoard\Debug\libLib_EaBaseBoard.a(light.o)
 .text.light_setHiThreshold
                0x00000000       0x58 C:\Users\aliss\Desktop\lpc1768_xpr_bb_110111\Lib_EaBaseBoard\Debug\libLib_EaBaseBoard.a(light.o)
 .text.light_setLoThreshold
                0x00000000       0x58 C:\Users\aliss\Desktop\lpc1768_xpr_bb_110111\Lib_EaBaseBoard\Debug\libLib_EaBaseBoard.a(light.o)
 .text.light_setIrqInCycles
                0x00000000       0x48 C:\Users\aliss\Desktop\lpc1768_xpr_bb_110111\Lib_EaBaseBoard\Debug\libLib_EaBaseBoard.a(light.o)
 .text.light_getIrqStatus
                0x00000000       0x28 C:\Users\aliss\Desktop\lpc1768_xpr_bb_110111\Lib_EaBaseBoard\Debug\libLib_EaBaseBoard.a(light.o)
 .text.light_clearIrqStatus
                0x00000000       0x3c C:\Users\aliss\Desktop\lpc1768_xpr_bb_110111\Lib_EaBaseBoard\Debug\libLib_EaBaseBoard.a(light.o)
 .text.light_shutdown
                0x00000000       0x60 C:\Users\aliss\Desktop\lpc1768_xpr_bb_110111\Lib_EaBaseBoard\Debug\libLib_EaBaseBoard.a(light.o)
 .text          0x00000000        0x0 C:\Users\aliss\Desktop\lpc1768_xpr_bb_110111\Lib_EaBaseBoard\Debug\libLib_EaBaseBoard.a(oled.o)
 .data          0x00000000        0x0 C:\Users\aliss\Desktop\lpc1768_xpr_bb_110111\Lib_EaBaseBoard\Debug\libLib_EaBaseBoard.a(oled.o)
 .text.oled_line
                0x00000000      0x1d4 C:\Users\aliss\Desktop\lpc1768_xpr_bb_110111\Lib_EaBaseBoard\Debug\libLib_EaBaseBoard.a(oled.o)
 .text.oled_circle
                0x00000000      0x32c C:\Users\aliss\Desktop\lpc1768_xpr_bb_110111\Lib_EaBaseBoard\Debug\libLib_EaBaseBoard.a(oled.o)
 .text.oled_rect
                0x00000000       0x48 C:\Users\aliss\Desktop\lpc1768_xpr_bb_110111\Lib_EaBaseBoard\Debug\libLib_EaBaseBoard.a(oled.o)
 .text          0x00000000        0x0 C:\Users\aliss\Desktop\lpc1768_xpr_bb_110111\Lib_EaBaseBoard\Debug\libLib_EaBaseBoard.a(font5x7.o)
 .data          0x00000000        0x0 C:\Users\aliss\Desktop\lpc1768_xpr_bb_110111\Lib_EaBaseBoard\Debug\libLib_EaBaseBoard.a(font5x7.o)
 .bss           0x00000000        0x0 C:\Users\aliss\Desktop\lpc1768_xpr_bb_110111\Lib_EaBaseBoard\Debug\libLib_EaBaseBoard.a(font5x7.o)
 .text          0x00000000        0x0 C:\Users\aliss\Desktop\lpc1768_xpr_bb_110111\Lib_MCU\Debug\libLib_MCU.a(lpc17xx_adc.o)
 .data          0x00000000        0x0 C:\Users\aliss\Desktop\lpc1768_xpr_bb_110111\Lib_MCU\Debug\libLib_MCU.a(lpc17xx_adc.o)
 .bss           0x00000000        0x0 C:\Users\aliss\Desktop\lpc1768_xpr_bb_110111\Lib_MCU\Debug\libLib_MCU.a(lpc17xx_adc.o)
 .text.ADC_DeInit
                0x00000000       0x48 C:\Users\aliss\Desktop\lpc1768_xpr_bb_110111\Lib_MCU\Debug\libLib_MCU.a(lpc17xx_adc.o)
 .text.ADC_GetData
                0x00000000       0x38 C:\Users\aliss\Desktop\lpc1768_xpr_bb_110111\Lib_MCU\Debug\libLib_MCU.a(lpc17xx_adc.o)
 .text.ADC_StartCmd
                0x00000000       0x90 C:\Users\aliss\Desktop\lpc1768_xpr_bb_110111\Lib_MCU\Debug\libLib_MCU.a(lpc17xx_adc.o)
 .text.ADC_BurstCmd
                0x00000000       0x50 C:\Users\aliss\Desktop\lpc1768_xpr_bb_110111\Lib_MCU\Debug\libLib_MCU.a(lpc17xx_adc.o)
 .text.ADC_PowerdownCmd
                0x00000000       0x50 C:\Users\aliss\Desktop\lpc1768_xpr_bb_110111\Lib_MCU\Debug\libLib_MCU.a(lpc17xx_adc.o)
 .text.ADC_EdgeStartConfig
                0x00000000       0x6c C:\Users\aliss\Desktop\lpc1768_xpr_bb_110111\Lib_MCU\Debug\libLib_MCU.a(lpc17xx_adc.o)
 .text.ADC_ChannelGetData
                0x00000000       0x58 C:\Users\aliss\Desktop\lpc1768_xpr_bb_110111\Lib_MCU\Debug\libLib_MCU.a(lpc17xx_adc.o)
 .text.ADC_ChannelGetStatus
                0x00000000       0x8c C:\Users\aliss\Desktop\lpc1768_xpr_bb_110111\Lib_MCU\Debug\libLib_MCU.a(lpc17xx_adc.o)
 .text.ADC_GlobalGetData
                0x00000000       0x48 C:\Users\aliss\Desktop\lpc1768_xpr_bb_110111\Lib_MCU\Debug\libLib_MCU.a(lpc17xx_adc.o)
 .text.ADC_GlobalGetStatus
                0x00000000       0x7c C:\Users\aliss\Desktop\lpc1768_xpr_bb_110111\Lib_MCU\Debug\libLib_MCU.a(lpc17xx_adc.o)
 .text          0x00000000        0x0 C:\Users\aliss\Desktop\lpc1768_xpr_bb_110111\Lib_MCU\Debug\libLib_MCU.a(lpc17xx_clkpwr.o)
 .data          0x00000000        0x0 C:\Users\aliss\Desktop\lpc1768_xpr_bb_110111\Lib_MCU\Debug\libLib_MCU.a(lpc17xx_clkpwr.o)
 .bss           0x00000000        0x0 C:\Users\aliss\Desktop\lpc1768_xpr_bb_110111\Lib_MCU\Debug\libLib_MCU.a(lpc17xx_clkpwr.o)
 .text.__WFI    0x00000000        0xc C:\Users\aliss\Desktop\lpc1768_xpr_bb_110111\Lib_MCU\Debug\libLib_MCU.a(lpc17xx_clkpwr.o)
 .text.CLKPWR_Sleep
                0x00000000       0x1c C:\Users\aliss\Desktop\lpc1768_xpr_bb_110111\Lib_MCU\Debug\libLib_MCU.a(lpc17xx_clkpwr.o)
 .text.CLKPWR_DeepSleep
                0x00000000       0x28 C:\Users\aliss\Desktop\lpc1768_xpr_bb_110111\Lib_MCU\Debug\libLib_MCU.a(lpc17xx_clkpwr.o)
 .text.CLKPWR_PowerDown
                0x00000000       0x28 C:\Users\aliss\Desktop\lpc1768_xpr_bb_110111\Lib_MCU\Debug\libLib_MCU.a(lpc17xx_clkpwr.o)
 .text.CLKPWR_DeepPowerDown
                0x00000000       0x28 C:\Users\aliss\Desktop\lpc1768_xpr_bb_110111\Lib_MCU\Debug\libLib_MCU.a(lpc17xx_clkpwr.o)
 .text          0x00000000        0x0 C:\Users\aliss\Desktop\lpc1768_xpr_bb_110111\Lib_MCU\Debug\libLib_MCU.a(lpc17xx_gpio.o)
 .data          0x00000000        0x0 C:\Users\aliss\Desktop\lpc1768_xpr_bb_110111\Lib_MCU\Debug\libLib_MCU.a(lpc17xx_gpio.o)
 .bss           0x00000000        0x0 C:\Users\aliss\Desktop\lpc1768_xpr_bb_110111\Lib_MCU\Debug\libLib_MCU.a(lpc17xx_gpio.o)
 .text.FIO_HalfWordGetPointer
                0x00000000       0x7c C:\Users\aliss\Desktop\lpc1768_xpr_bb_110111\Lib_MCU\Debug\libLib_MCU.a(lpc17xx_gpio.o)
 .text.FIO_ByteGetPointer
                0x00000000       0x7c C:\Users\aliss\Desktop\lpc1768_xpr_bb_110111\Lib_MCU\Debug\libLib_MCU.a(lpc17xx_gpio.o)
 .text.GPIO_ReadValue
                0x00000000       0x30 C:\Users\aliss\Desktop\lpc1768_xpr_bb_110111\Lib_MCU\Debug\libLib_MCU.a(lpc17xx_gpio.o)
 .text.FIO_SetDir
                0x00000000       0x28 C:\Users\aliss\Desktop\lpc1768_xpr_bb_110111\Lib_MCU\Debug\libLib_MCU.a(lpc17xx_gpio.o)
 .text.FIO_SetValue
                0x00000000       0x20 C:\Users\aliss\Desktop\lpc1768_xpr_bb_110111\Lib_MCU\Debug\libLib_MCU.a(lpc17xx_gpio.o)
 .text.FIO_ClearValue
                0x00000000       0x20 C:\Users\aliss\Desktop\lpc1768_xpr_bb_110111\Lib_MCU\Debug\libLib_MCU.a(lpc17xx_gpio.o)
 .text.FIO_ReadValue
                0x00000000       0x20 C:\Users\aliss\Desktop\lpc1768_xpr_bb_110111\Lib_MCU\Debug\libLib_MCU.a(lpc17xx_gpio.o)
 .text.FIO_SetMask
                0x00000000       0x54 C:\Users\aliss\Desktop\lpc1768_xpr_bb_110111\Lib_MCU\Debug\libLib_MCU.a(lpc17xx_gpio.o)
 .text.FIO_HalfWordSetDir
                0x00000000       0x94 C:\Users\aliss\Desktop\lpc1768_xpr_bb_110111\Lib_MCU\Debug\libLib_MCU.a(lpc17xx_gpio.o)
 .text.FIO_HalfWordSetMask
                0x00000000       0x94 C:\Users\aliss\Desktop\lpc1768_xpr_bb_110111\Lib_MCU\Debug\libLib_MCU.a(lpc17xx_gpio.o)
 .text.FIO_HalfWordSetValue
                0x00000000       0x40 C:\Users\aliss\Desktop\lpc1768_xpr_bb_110111\Lib_MCU\Debug\libLib_MCU.a(lpc17xx_gpio.o)
 .text.FIO_HalfWordClearValue
                0x00000000       0x40 C:\Users\aliss\Desktop\lpc1768_xpr_bb_110111\Lib_MCU\Debug\libLib_MCU.a(lpc17xx_gpio.o)
 .text.FIO_HalfWordReadValue
                0x00000000       0x44 C:\Users\aliss\Desktop\lpc1768_xpr_bb_110111\Lib_MCU\Debug\libLib_MCU.a(lpc17xx_gpio.o)
 .text.FIO_ByteSetDir
                0x00000000       0x70 C:\Users\aliss\Desktop\lpc1768_xpr_bb_110111\Lib_MCU\Debug\libLib_MCU.a(lpc17xx_gpio.o)
 .text.FIO_ByteSetMask
                0x00000000       0x78 C:\Users\aliss\Desktop\lpc1768_xpr_bb_110111\Lib_MCU\Debug\libLib_MCU.a(lpc17xx_gpio.o)
 .text.FIO_ByteSetValue
                0x00000000       0x3c C:\Users\aliss\Desktop\lpc1768_xpr_bb_110111\Lib_MCU\Debug\libLib_MCU.a(lpc17xx_gpio.o)
 .text.FIO_ByteClearValue
                0x00000000       0x3c C:\Users\aliss\Desktop\lpc1768_xpr_bb_110111\Lib_MCU\Debug\libLib_MCU.a(lpc17xx_gpio.o)
 .text.FIO_ByteReadValue
                0x00000000       0x40 C:\Users\aliss\Desktop\lpc1768_xpr_bb_110111\Lib_MCU\Debug\libLib_MCU.a(lpc17xx_gpio.o)
 .text          0x00000000        0x0 C:\Users\aliss\Desktop\lpc1768_xpr_bb_110111\Lib_MCU\Debug\libLib_MCU.a(lpc17xx_i2c.o)
 .data          0x00000000        0x0 C:\Users\aliss\Desktop\lpc1768_xpr_bb_110111\Lib_MCU\Debug\libLib_MCU.a(lpc17xx_i2c.o)
 .text.I2C_SlaveHandler
                0x00000000      0x1e4 C:\Users\aliss\Desktop\lpc1768_xpr_bb_110111\Lib_MCU\Debug\libLib_MCU.a(lpc17xx_i2c.o)
 .text.I2C_DeInit
                0x00000000       0xa4 C:\Users\aliss\Desktop\lpc1768_xpr_bb_110111\Lib_MCU\Debug\libLib_MCU.a(lpc17xx_i2c.o)
 .text.I2C_SlaveTransferData
                0x00000000      0x2a4 C:\Users\aliss\Desktop\lpc1768_xpr_bb_110111\Lib_MCU\Debug\libLib_MCU.a(lpc17xx_i2c.o)
 .text.I2C_SetOwnSlaveAddr
                0x00000000      0x114 C:\Users\aliss\Desktop\lpc1768_xpr_bb_110111\Lib_MCU\Debug\libLib_MCU.a(lpc17xx_i2c.o)
 .text.I2C_MonitorModeConfig
                0x00000000       0x98 C:\Users\aliss\Desktop\lpc1768_xpr_bb_110111\Lib_MCU\Debug\libLib_MCU.a(lpc17xx_i2c.o)
 .text.I2C_MonitorModeCmd
                0x00000000       0x8c C:\Users\aliss\Desktop\lpc1768_xpr_bb_110111\Lib_MCU\Debug\libLib_MCU.a(lpc17xx_i2c.o)
 .text.I2C_MonitorGetDatabuffer
                0x00000000       0x54 C:\Users\aliss\Desktop\lpc1768_xpr_bb_110111\Lib_MCU\Debug\libLib_MCU.a(lpc17xx_i2c.o)
 .text.I2C0_StdIntHandler
                0x00000000       0x1c C:\Users\aliss\Desktop\lpc1768_xpr_bb_110111\Lib_MCU\Debug\libLib_MCU.a(lpc17xx_i2c.o)
 .text.I2C1_StdIntHandler
                0x00000000       0x1c C:\Users\aliss\Desktop\lpc1768_xpr_bb_110111\Lib_MCU\Debug\libLib_MCU.a(lpc17xx_i2c.o)
 .text.I2C2_StdIntHandler
                0x00000000       0x1c C:\Users\aliss\Desktop\lpc1768_xpr_bb_110111\Lib_MCU\Debug\libLib_MCU.a(lpc17xx_i2c.o)
 .text          0x00000000        0x0 C:\Users\aliss\Desktop\lpc1768_xpr_bb_110111\Lib_MCU\Debug\libLib_MCU.a(lpc17xx_pinsel.o)
 .data          0x00000000        0x0 C:\Users\aliss\Desktop\lpc1768_xpr_bb_110111\Lib_MCU\Debug\libLib_MCU.a(lpc17xx_pinsel.o)
 .bss           0x00000000        0x0 C:\Users\aliss\Desktop\lpc1768_xpr_bb_110111\Lib_MCU\Debug\libLib_MCU.a(lpc17xx_pinsel.o)
 .text.PINSEL_ConfigTraceFunc
                0x00000000       0x54 C:\Users\aliss\Desktop\lpc1768_xpr_bb_110111\Lib_MCU\Debug\libLib_MCU.a(lpc17xx_pinsel.o)
 .text.PINSEL_SetI2C0Pins
                0x00000000       0x3c C:\Users\aliss\Desktop\lpc1768_xpr_bb_110111\Lib_MCU\Debug\libLib_MCU.a(lpc17xx_pinsel.o)
 .text          0x00000000        0x0 C:\Users\aliss\Desktop\lpc1768_xpr_bb_110111\Lib_MCU\Debug\libLib_MCU.a(lpc17xx_ssp.o)
 .data          0x00000000        0x0 C:\Users\aliss\Desktop\lpc1768_xpr_bb_110111\Lib_MCU\Debug\libLib_MCU.a(lpc17xx_ssp.o)
 .text.SSP_DeInit
                0x00000000       0x74 C:\Users\aliss\Desktop\lpc1768_xpr_bb_110111\Lib_MCU\Debug\libLib_MCU.a(lpc17xx_ssp.o)
 .text.SSP_LoopBackCmd
                0x00000000       0x7c C:\Users\aliss\Desktop\lpc1768_xpr_bb_110111\Lib_MCU\Debug\libLib_MCU.a(lpc17xx_ssp.o)
 .text.SSP_SlaveOutputCmd
                0x00000000       0x7c C:\Users\aliss\Desktop\lpc1768_xpr_bb_110111\Lib_MCU\Debug\libLib_MCU.a(lpc17xx_ssp.o)
 .text.SSP_GetStatus
                0x00000000       0x84 C:\Users\aliss\Desktop\lpc1768_xpr_bb_110111\Lib_MCU\Debug\libLib_MCU.a(lpc17xx_ssp.o)
 .text.SSP_IntConfig
                0x00000000       0x98 C:\Users\aliss\Desktop\lpc1768_xpr_bb_110111\Lib_MCU\Debug\libLib_MCU.a(lpc17xx_ssp.o)
 .text.SSP_GetRawIntStatus
                0x00000000       0x7c C:\Users\aliss\Desktop\lpc1768_xpr_bb_110111\Lib_MCU\Debug\libLib_MCU.a(lpc17xx_ssp.o)
 .text.SSP_GetIntStatus
                0x00000000       0x7c C:\Users\aliss\Desktop\lpc1768_xpr_bb_110111\Lib_MCU\Debug\libLib_MCU.a(lpc17xx_ssp.o)
 .text.SSP_ClearIntPending
                0x00000000       0x60 C:\Users\aliss\Desktop\lpc1768_xpr_bb_110111\Lib_MCU\Debug\libLib_MCU.a(lpc17xx_ssp.o)
 .text.SSP_DMACmd
                0x00000000       0xa8 C:\Users\aliss\Desktop\lpc1768_xpr_bb_110111\Lib_MCU\Debug\libLib_MCU.a(lpc17xx_ssp.o)
 .text.SSP0_StdIntHandler
                0x00000000       0x1c C:\Users\aliss\Desktop\lpc1768_xpr_bb_110111\Lib_MCU\Debug\libLib_MCU.a(lpc17xx_ssp.o)
 .text.SSP1_StdIntHandler
                0x00000000       0x1c C:\Users\aliss\Desktop\lpc1768_xpr_bb_110111\Lib_MCU\Debug\libLib_MCU.a(lpc17xx_ssp.o)
 .text          0x00000000        0x0 C:\Users\aliss\Desktop\lpc1768_xpr_bb_110111\Lib_MCU\Debug\libLib_MCU.a(lpc17xx_timer.o)
 .data          0x00000000        0x0 C:\Users\aliss\Desktop\lpc1768_xpr_bb_110111\Lib_MCU\Debug\libLib_MCU.a(lpc17xx_timer.o)
 .bss           0x00000000        0x0 C:\Users\aliss\Desktop\lpc1768_xpr_bb_110111\Lib_MCU\Debug\libLib_MCU.a(lpc17xx_timer.o)
 .text.TIM_GetIntCaptureStatus
                0x00000000       0xb8 C:\Users\aliss\Desktop\lpc1768_xpr_bb_110111\Lib_MCU\Debug\libLib_MCU.a(lpc17xx_timer.o)
 .text.TIM_ClearIntCapturePending
                0x00000000       0xa4 C:\Users\aliss\Desktop\lpc1768_xpr_bb_110111\Lib_MCU\Debug\libLib_MCU.a(lpc17xx_timer.o)
 .text.TIM_ConfigStructInit
                0x00000000       0x40 C:\Users\aliss\Desktop\lpc1768_xpr_bb_110111\Lib_MCU\Debug\libLib_MCU.a(lpc17xx_timer.o)
 .text.TIM_DeInit
                0x00000000       0xc4 C:\Users\aliss\Desktop\lpc1768_xpr_bb_110111\Lib_MCU\Debug\libLib_MCU.a(lpc17xx_timer.o)
 .text.TIM_ResetCounter
                0x00000000       0x6c C:\Users\aliss\Desktop\lpc1768_xpr_bb_110111\Lib_MCU\Debug\libLib_MCU.a(lpc17xx_timer.o)
 .text.TIM_ConfigCapture
                0x00000000      0x108 C:\Users\aliss\Desktop\lpc1768_xpr_bb_110111\Lib_MCU\Debug\libLib_MCU.a(lpc17xx_timer.o)
 .text.TIM_GetCaptureValue
                0x00000000       0x84 C:\Users\aliss\Desktop\lpc1768_xpr_bb_110111\Lib_MCU\Debug\libLib_MCU.a(lpc17xx_timer.o)
 .text.Timer0_us_Wait
                0x00000000       0x8c C:\Users\aliss\Desktop\lpc1768_xpr_bb_110111\Lib_MCU\Debug\libLib_MCU.a(lpc17xx_timer.o)
 .text          0x00000000        0x0 C:\Users\aliss\Desktop\lpc1768_xpr_bb_110111\Lib_CMSISv1p30_LPC17xx\Debug\libLib_CMSISv1p30_LPC17xx.a(system_LPC17xx.o)
 .bss           0x00000000        0x0 C:\Users\aliss\Desktop\lpc1768_xpr_bb_110111\Lib_CMSISv1p30_LPC17xx\Debug\libLib_CMSISv1p30_LPC17xx.a(system_LPC17xx.o)
 .text.SystemCoreClockUpdate
                0x00000000      0x2d0 C:\Users\aliss\Desktop\lpc1768_xpr_bb_110111\Lib_CMSISv1p30_LPC17xx\Debug\libLib_CMSISv1p30_LPC17xx.a(system_LPC17xx.o)
 .data          0x00000000        0x0 c:/nxp/lpcxpresso_6.1.4_194/lpcxpresso/tools/bin/../lib/gcc/arm-none-eabi/4.6.2/armv7-m\libgcc.a(_aeabi_uldivmod.o)
 .bss           0x00000000        0x0 c:/nxp/lpcxpresso_6.1.4_194/lpcxpresso/tools/bin/../lib/gcc/arm-none-eabi/4.6.2/armv7-m\libgcc.a(_aeabi_uldivmod.o)
 .data          0x00000000        0x0 c:/nxp/lpcxpresso_6.1.4_194/lpcxpresso/tools/bin/../lib/gcc/arm-none-eabi/4.6.2/armv7-m\libgcc.a(bpabi.o)
 .bss           0x00000000        0x0 c:/nxp/lpcxpresso_6.1.4_194/lpcxpresso/tools/bin/../lib/gcc/arm-none-eabi/4.6.2/armv7-m\libgcc.a(bpabi.o)
 .data          0x00000000        0x0 c:/nxp/lpcxpresso_6.1.4_194/lpcxpresso/tools/bin/../lib/gcc/arm-none-eabi/4.6.2/armv7-m\libgcc.a(_dvmd_tls.o)
 .bss           0x00000000        0x0 c:/nxp/lpcxpresso_6.1.4_194/lpcxpresso/tools/bin/../lib/gcc/arm-none-eabi/4.6.2/armv7-m\libgcc.a(_dvmd_tls.o)
 .data          0x00000000        0x0 c:/nxp/lpcxpresso_6.1.4_194/lpcxpresso/tools/bin/../lib/gcc/arm-none-eabi/4.6.2/armv7-m\libgcc.a(_divdi3.o)
 .bss           0x00000000        0x0 c:/nxp/lpcxpresso_6.1.4_194/lpcxpresso/tools/bin/../lib/gcc/arm-none-eabi/4.6.2/armv7-m\libgcc.a(_divdi3.o)
 .ARM.extab     0x00000000        0x0 c:/nxp/lpcxpresso_6.1.4_194/lpcxpresso/tools/bin/../lib/gcc/arm-none-eabi/4.6.2/armv7-m\libgcc.a(_divdi3.o)
 .data          0x00000000        0x0 c:/nxp/lpcxpresso_6.1.4_194/lpcxpresso/tools/bin/../lib/gcc/arm-none-eabi/4.6.2/armv7-m\libgcc.a(_udivdi3.o)
 .bss           0x00000000        0x0 c:/nxp/lpcxpresso_6.1.4_194/lpcxpresso/tools/bin/../lib/gcc/arm-none-eabi/4.6.2/armv7-m\libgcc.a(_udivdi3.o)
 .ARM.extab     0x00000000        0x0 c:/nxp/lpcxpresso_6.1.4_194/lpcxpresso/tools/bin/../lib/gcc/arm-none-eabi/4.6.2/armv7-m\libgcc.a(_udivdi3.o)
 .text          0x00000000        0x0 c:/nxp/lpcxpresso_6.1.4_194/lpcxpresso/tools/bin/../lib/gcc/arm-none-eabi/4.6.2/../../../../arm-none-eabi/lib/armv7-m\libc.a(lib_a-memset.o)
 .data          0x00000000        0x0 c:/nxp/lpcxpresso_6.1.4_194/lpcxpresso/tools/bin/../lib/gcc/arm-none-eabi/4.6.2/../../../../arm-none-eabi/lib/armv7-m\libc.a(lib_a-memset.o)
 .bss           0x00000000        0x0 c:/nxp/lpcxpresso_6.1.4_194/lpcxpresso/tools/bin/../lib/gcc/arm-none-eabi/4.6.2/../../../../arm-none-eabi/lib/armv7-m\libc.a(lib_a-memset.o)

Memory Configuration

Name             Origin             Length             Attributes
MFlash512        0x00000000         0x00080000         xr
RamLoc32         0x10000000         0x00008000         xrw
RamAHB32         0x2007c000         0x00008000         xrw
*default*        0x00000000         0xffffffff

Linker script and memory map

LOAD ./src/cr_startup_lpc17.o
LOAD ./src/main.o
LOAD ./src/timer.o
LOAD C:\Users\aliss\Desktop\lpc1768_xpr_bb_110111\Lib_EaBaseBoard\Debug\libLib_EaBaseBoard.a
LOAD C:\Users\aliss\Desktop\lpc1768_xpr_bb_110111\Lib_MCU\Debug\libLib_MCU.a
LOAD C:\Users\aliss\Desktop\lpc1768_xpr_bb_110111\Lib_CMSISv1p30_LPC17xx\Debug\libLib_CMSISv1p30_LPC17xx.a
START GROUP
LOAD c:/nxp/lpcxpresso_6.1.4_194/lpcxpresso/tools/bin/../lib/gcc/arm-none-eabi/4.6.2/armv7-m\libgcc.a
LOAD c:/nxp/lpcxpresso_6.1.4_194/lpcxpresso/tools/bin/../lib/gcc/arm-none-eabi/4.6.2/../../../../arm-none-eabi/lib/armv7-m\libc.a
LOAD c:/nxp/lpcxpresso_6.1.4_194/lpcxpresso/tools/bin/../lib/gcc/arm-none-eabi/4.6.2/../../../../arm-none-eabi/lib/armv7-m\libm.a
LOAD c:/nxp/lpcxpresso_6.1.4_194/lpcxpresso/tools/bin/../lib/gcc/arm-none-eabi/4.6.2/../../../../arm-none-eabi/lib/armv7-m\libcr_newlib_semihost.a
END GROUP
                0x00080000                __top_MFlash512 = 0x80000
                0x10008000                __top_RamLoc32 = 0x10008000
                0x20084000                __top_RamAHB32 = 0x20084000

.text           0x00000000     0x46d4
 FILL mask 0xff
                0x00000000                __vectors_start__ = ABSOLUTE (.)
 *(.isr_vector)
 .isr_vector    0x00000000       0xcc ./src/cr_startup_lpc17.o
                0x00000000                g_pfnVectors
                0x000000cc                . = ALIGN (0x4)
                0x000000cc                __section_table_start = .
                0x000000cc                __data_section_table = .
                0x000000cc        0x4 LONG 0x46dc LOADADDR (.data)
                0x000000d0        0x4 LONG 0x10000000 ADDR (.data)
                0x000000d4        0x4 LONG 0x10 SIZEOF (.data)
                0x000000d8        0x4 LONG 0x46dc LOADADDR (.data_RAM2)
                0x000000dc        0x4 LONG 0x2007c000 ADDR (.data_RAM2)
                0x000000e0        0x4 LONG 0x0 SIZEOF (.data_RAM2)
                0x000000e4                __data_section_table_end = .
                0x000000e4                __bss_section_table = .
                0x000000e4        0x4 LONG 0x10000010 ADDR (.bss)
                0x000000e8        0x4 LONG 0x38c SIZEOF (.bss)
                0x000000ec        0x4 LONG 0x2007c000 ADDR (.bss_RAM2)
                0x000000f0        0x4 LONG 0x0 SIZEOF (.bss_RAM2)
                0x000000f4                __bss_section_table_end = .
                0x000000f4                __section_table_end = .
 *(.after_vectors*)
 *(.text*)
 .text.ResetISR
                0x000000f4       0x68 ./src/cr_startup_lpc17.o
                0x000000f4                ResetISR
 .text.NMI_Handler
                0x0000015c        0x8 ./src/cr_startup_lpc17.o
                0x0000015c                NMI_Handler
 .text.HardFault_Handler
                0x00000164        0x8 ./src/cr_startup_lpc17.o
                0x00000164                HardFault_Handler
 .text.MemManage_Handler
                0x0000016c        0x8 ./src/cr_startup_lpc17.o
                0x0000016c                MemManage_Handler
 .text.BusFault_Handler
                0x00000174        0x8 ./src/cr_startup_lpc17.o
                0x00000174                BusFault_Handler
 .text.UsageFault_Handler
                0x0000017c        0x8 ./src/cr_startup_lpc17.o
                0x0000017c                UsageFault_Handler
 .text.SVCall_Handler
                0x00000184        0x8 ./src/cr_startup_lpc17.o
                0x00000184                SVCall_Handler
 .text.DebugMon_Handler
                0x0000018c        0x8 ./src/cr_startup_lpc17.o
                0x0000018c                DebugMon_Handler
 .text.PendSV_Handler
                0x00000194        0x8 ./src/cr_startup_lpc17.o
                0x00000194                PendSV_Handler
 .text.SysTick_Handler
                0x0000019c        0x8 ./src/cr_startup_lpc17.o
                0x0000019c                SysTick_Handler
 .text.IntDefaultHandler
                0x000001a4        0x8 ./src/cr_startup_lpc17.o
                0x000001a4                TIMER2_IRQHandler
                0x000001a4                RIT_IRQHandler
                0x000001a4                I2C0_IRQHandler
                0x000001a4                USBActivity_IRQHandler
                0x000001a4                PWM1_IRQHandler
                0x000001a4                I2C1_IRQHandler
                0x000001a4                EINT2_IRQHandler
                0x000001a4                UART1_IRQHandler
                0x000001a4                EINT3_IRQHandler
                0x000001a4                CANActivity_IRQHandler
                0x000001a4                UART0_IRQHandler
                0x000001a4                IntDefaultHandler
                0x000001a4                PLL0_IRQHandler
                0x000001a4                CAN_IRQHandler
                0x000001a4                PLL1_IRQHandler
                0x000001a4                SSP0_IRQHandler
                0x000001a4                I2S_IRQHandler
                0x000001a4                I2C2_IRQHandler
                0x000001a4                RTC_IRQHandler
                0x000001a4                TIMER0_IRQHandler
                0x000001a4                SPI_IRQHandler
                0x000001a4                EINT1_IRQHandler
                0x000001a4                TIMER1_IRQHandler
                0x000001a4                UART2_IRQHandler
                0x000001a4                ADC_IRQHandler
                0x000001a4                SSP1_IRQHandler
                0x000001a4                USB_IRQHandler
                0x000001a4                BOD_IRQHandler
                0x000001a4                WDT_IRQHandler
                0x000001a4                QEI_IRQHandler
                0x000001a4                EINT0_IRQHandler
                0x000001a4                DMA_IRQHandler
                0x000001a4                UART3_IRQHandler
                0x000001a4                MCPWM_IRQHandler
                0x000001a4                ENET_IRQHandler
 .text.intToString
                0x000001ac       0xdc ./src/main.o
 .text.init_ssp
                0x00000288       0x98 ./src/main.o
 .text.init_i2c
                0x00000320       0x5c ./src/main.o
 .text.init_adc
                0x0000037c       0x70 ./src/main.o
 .text.main     0x000003ec       0xdc ./src/main.o
                0x000003ec                main
 .text.check_failed
                0x000004c8        0xc ./src/main.o
                0x000004c8                check_failed
 .text.TIMER3_IRQHandler
                0x000004d4       0x18 ./src/main.o
                0x000004d4                TIMER3_IRQHandler
 .text.NVIC_EnableIRQ
                0x000004ec       0x38 ./src/timer.o
 .text.TIMER3_interrupt
                0x00000524       0xec ./src/timer.o
                0x00000524                TIMER3_interrupt
 .text.enable_timer
                0x00000610       0x68 ./src/timer.o
                0x00000610                enable_timer
 .text.TimerInit
                0x00000678      0x5e8 ./src/timer.o
                0x00000678                TimerInit
 .text.I2CRead  0x00000c60       0x5c C:\Users\aliss\Desktop\lpc1768_xpr_bb_110111\Lib_EaBaseBoard\Debug\libLib_EaBaseBoard.a(light.o)
 .text.I2CWrite
                0x00000cbc       0x5c C:\Users\aliss\Desktop\lpc1768_xpr_bb_110111\Lib_EaBaseBoard\Debug\libLib_EaBaseBoard.a(light.o)
 .text.light_enable
                0x00000d18       0x48 C:\Users\aliss\Desktop\lpc1768_xpr_bb_110111\Lib_EaBaseBoard\Debug\libLib_EaBaseBoard.a(light.o)
                0x00000d18                light_enable
 .text.light_read
                0x00000d60       0x90 C:\Users\aliss\Desktop\lpc1768_xpr_bb_110111\Lib_EaBaseBoard\Debug\libLib_EaBaseBoard.a(light.o)
                0x00000d60                light_read
 .text.writeCommand
                0x00000df0       0x60 C:\Users\aliss\Desktop\lpc1768_xpr_bb_110111\Lib_EaBaseBoard\Debug\libLib_EaBaseBoard.a(oled.o)
 .text.writeData
                0x00000e50       0x60 C:\Users\aliss\Desktop\lpc1768_xpr_bb_110111\Lib_EaBaseBoard\Debug\libLib_EaBaseBoard.a(oled.o)
 .text.writeDataLen
                0x00000eb0       0x8c C:\Users\aliss\Desktop\lpc1768_xpr_bb_110111\Lib_EaBaseBoard\Debug\libLib_EaBaseBoard.a(oled.o)
 .text.runInitSequence
                0x00000f3c      0x118 C:\Users\aliss\Desktop\lpc1768_xpr_bb_110111\Lib_EaBaseBoard\Debug\libLib_EaBaseBoard.a(oled.o)
 .text.hLine    0x00001054       0x4c C:\Users\aliss\Desktop\lpc1768_xpr_bb_110111\Lib_EaBaseBoard\Debug\libLib_EaBaseBoard.a(oled.o)
 .text.vLine    0x000010a0       0x4c C:\Users\aliss\Desktop\lpc1768_xpr_bb_110111\Lib_EaBaseBoard\Debug\libLib_EaBaseBoard.a(oled.o)
 .text.oled_init
                0x000010ec       0x9c C:\Users\aliss\Desktop\lpc1768_xpr_bb_110111\Lib_EaBaseBoard\Debug\libLib_EaBaseBoard.a(oled.o)
                0x000010ec                oled_init
 .text.oled_putPixel
                0x00001188      0x188 C:\Users\aliss\Desktop\lpc1768_xpr_bb_110111\Lib_EaBaseBoard\Debug\libLib_EaBaseBoard.a(oled.o)
                0x00001188                oled_putPixel
 .text.oled_fillRect
                0x00001310       0x90 C:\Users\aliss\Desktop\lpc1768_xpr_bb_110111\Lib_EaBaseBoard\Debug\libLib_EaBaseBoard.a(oled.o)
                0x00001310                oled_fillRect
 .text.oled_clearScreen
                0x000013a0       0x74 C:\Users\aliss\Desktop\lpc1768_xpr_bb_110111\Lib_EaBaseBoard\Debug\libLib_EaBaseBoard.a(oled.o)
                0x000013a0                oled_clearScreen
 .text.oled_putChar
                0x00001414       0xf0 C:\Users\aliss\Desktop\lpc1768_xpr_bb_110111\Lib_EaBaseBoard\Debug\libLib_EaBaseBoard.a(oled.o)
                0x00001414                oled_putChar
 .text.oled_putString
                0x00001504       0x54 C:\Users\aliss\Desktop\lpc1768_xpr_bb_110111\Lib_EaBaseBoard\Debug\libLib_EaBaseBoard.a(oled.o)
                0x00001504                oled_putString
 .text.ADC_Init
                0x00001558       0x94 C:\Users\aliss\Desktop\lpc1768_xpr_bb_110111\Lib_MCU\Debug\libLib_MCU.a(lpc17xx_adc.o)
                0x00001558                ADC_Init
 .text.ADC_IntConfig
                0x000015ec       0xb4 C:\Users\aliss\Desktop\lpc1768_xpr_bb_110111\Lib_MCU\Debug\libLib_MCU.a(lpc17xx_adc.o)
                0x000015ec                ADC_IntConfig
 .text.ADC_ChannelCmd
                0x000016a0       0x70 C:\Users\aliss\Desktop\lpc1768_xpr_bb_110111\Lib_MCU\Debug\libLib_MCU.a(lpc17xx_adc.o)
                0x000016a0                ADC_ChannelCmd
 .text.CLKPWR_SetPCLKDiv
                0x00001710       0xcc C:\Users\aliss\Desktop\lpc1768_xpr_bb_110111\Lib_MCU\Debug\libLib_MCU.a(lpc17xx_clkpwr.o)
                0x00001710                CLKPWR_SetPCLKDiv
 .text.CLKPWR_GetPCLKSEL
                0x000017dc       0x54 C:\Users\aliss\Desktop\lpc1768_xpr_bb_110111\Lib_MCU\Debug\libLib_MCU.a(lpc17xx_clkpwr.o)
                0x000017dc                CLKPWR_GetPCLKSEL
 .text.CLKPWR_GetPCLK
                0x00001830       0x74 C:\Users\aliss\Desktop\lpc1768_xpr_bb_110111\Lib_MCU\Debug\libLib_MCU.a(lpc17xx_clkpwr.o)
                0x00001830                CLKPWR_GetPCLK
 .text.CLKPWR_ConfigPPWR
                0x000018a4       0x78 C:\Users\aliss\Desktop\lpc1768_xpr_bb_110111\Lib_MCU\Debug\libLib_MCU.a(lpc17xx_clkpwr.o)
                0x000018a4                CLKPWR_ConfigPPWR
 .text.GPIO_GetPointer
                0x0000191c       0x7c C:\Users\aliss\Desktop\lpc1768_xpr_bb_110111\Lib_MCU\Debug\libLib_MCU.a(lpc17xx_gpio.o)
 .text.GPIO_SetDir
                0x00001998       0x54 C:\Users\aliss\Desktop\lpc1768_xpr_bb_110111\Lib_MCU\Debug\libLib_MCU.a(lpc17xx_gpio.o)
                0x00001998                GPIO_SetDir
 .text.GPIO_SetValue
                0x000019ec       0x2c C:\Users\aliss\Desktop\lpc1768_xpr_bb_110111\Lib_MCU\Debug\libLib_MCU.a(lpc17xx_gpio.o)
                0x000019ec                GPIO_SetValue
 .text.GPIO_ClearValue
                0x00001a18       0x2c C:\Users\aliss\Desktop\lpc1768_xpr_bb_110111\Lib_MCU\Debug\libLib_MCU.a(lpc17xx_gpio.o)
                0x00001a18                GPIO_ClearValue
 .text.NVIC_EnableIRQ
                0x00001a44       0x38 C:\Users\aliss\Desktop\lpc1768_xpr_bb_110111\Lib_MCU\Debug\libLib_MCU.a(lpc17xx_i2c.o)
 .text.NVIC_DisableIRQ
                0x00001a7c       0x3c C:\Users\aliss\Desktop\lpc1768_xpr_bb_110111\Lib_MCU\Debug\libLib_MCU.a(lpc17xx_i2c.o)
 .text.I2C_getNum
                0x00001ab8       0x54 C:\Users\aliss\Desktop\lpc1768_xpr_bb_110111\Lib_MCU\Debug\libLib_MCU.a(lpc17xx_i2c.o)
 .text.I2C_Start
                0x00001b0c       0x44 C:\Users\aliss\Desktop\lpc1768_xpr_bb_110111\Lib_MCU\Debug\libLib_MCU.a(lpc17xx_i2c.o)
 .text.I2C_Stop
                0x00001b50       0x38 C:\Users\aliss\Desktop\lpc1768_xpr_bb_110111\Lib_MCU\Debug\libLib_MCU.a(lpc17xx_i2c.o)
 .text.I2C_SendByte
                0x00001b88       0x50 C:\Users\aliss\Desktop\lpc1768_xpr_bb_110111\Lib_MCU\Debug\libLib_MCU.a(lpc17xx_i2c.o)
 .text.I2C_GetByte
                0x00001bd8       0x5c C:\Users\aliss\Desktop\lpc1768_xpr_bb_110111\Lib_MCU\Debug\libLib_MCU.a(lpc17xx_i2c.o)
 .text.I2C_IntCmd
                0x00001c34       0xa8 C:\Users\aliss\Desktop\lpc1768_xpr_bb_110111\Lib_MCU\Debug\libLib_MCU.a(lpc17xx_i2c.o)
                0x00001c34                I2C_IntCmd
 .text.I2C_MasterHandler
                0x00001cdc      0x408 C:\Users\aliss\Desktop\lpc1768_xpr_bb_110111\Lib_MCU\Debug\libLib_MCU.a(lpc17xx_i2c.o)
                0x00001cdc                I2C_MasterHandler
 .text.I2C_SetClock
                0x000020e4       0xc8 C:\Users\aliss\Desktop\lpc1768_xpr_bb_110111\Lib_MCU\Debug\libLib_MCU.a(lpc17xx_i2c.o)
                0x000020e4                I2C_SetClock
 .text.I2C_Init
                0x000021ac       0xd8 C:\Users\aliss\Desktop\lpc1768_xpr_bb_110111\Lib_MCU\Debug\libLib_MCU.a(lpc17xx_i2c.o)
                0x000021ac                I2C_Init
 .text.I2C_Cmd  0x00002284       0x84 C:\Users\aliss\Desktop\lpc1768_xpr_bb_110111\Lib_MCU\Debug\libLib_MCU.a(lpc17xx_i2c.o)
                0x00002284                I2C_Cmd
 .text.I2C_MasterTransferData
                0x00002308      0x390 C:\Users\aliss\Desktop\lpc1768_xpr_bb_110111\Lib_MCU\Debug\libLib_MCU.a(lpc17xx_i2c.o)
                0x00002308                I2C_MasterTransferData
 .text.PINSEL_SetPinFunc
                0x00002698       0x9c C:\Users\aliss\Desktop\lpc1768_xpr_bb_110111\Lib_MCU\Debug\libLib_MCU.a(lpc17xx_pinsel.o)
                0x00002698                PINSEL_SetPinFunc
 .text.PINSEL_SetResistorMode
                0x00002734       0x9c C:\Users\aliss\Desktop\lpc1768_xpr_bb_110111\Lib_MCU\Debug\libLib_MCU.a(lpc17xx_pinsel.o)
                0x00002734                PINSEL_SetResistorMode
 .text.PINSEL_SetOpenDrainMode
                0x000027d0       0x7c C:\Users\aliss\Desktop\lpc1768_xpr_bb_110111\Lib_MCU\Debug\libLib_MCU.a(lpc17xx_pinsel.o)
                0x000027d0                PINSEL_SetOpenDrainMode
 .text.PINSEL_ConfigPin
                0x0000284c       0x54 C:\Users\aliss\Desktop\lpc1768_xpr_bb_110111\Lib_MCU\Debug\libLib_MCU.a(lpc17xx_pinsel.o)
                0x0000284c                PINSEL_ConfigPin
 .text.SSP_getNum
                0x000028a0       0x40 C:\Users\aliss\Desktop\lpc1768_xpr_bb_110111\Lib_MCU\Debug\libLib_MCU.a(lpc17xx_ssp.o)
 .text.SSP_IntHandler
                0x000028e0      0x338 C:\Users\aliss\Desktop\lpc1768_xpr_bb_110111\Lib_MCU\Debug\libLib_MCU.a(lpc17xx_ssp.o)
                0x000028e0                SSP_IntHandler
 .text.SSP_SetClock
                0x00002c18       0xf8 C:\Users\aliss\Desktop\lpc1768_xpr_bb_110111\Lib_MCU\Debug\libLib_MCU.a(lpc17xx_ssp.o)
                0x00002c18                SSP_SetClock
 .text.SSP_Init
                0x00002d10      0x10c C:\Users\aliss\Desktop\lpc1768_xpr_bb_110111\Lib_MCU\Debug\libLib_MCU.a(lpc17xx_ssp.o)
                0x00002d10                SSP_Init
 .text.SSP_ConfigStructInit
                0x00002e1c       0x48 C:\Users\aliss\Desktop\lpc1768_xpr_bb_110111\Lib_MCU\Debug\libLib_MCU.a(lpc17xx_ssp.o)
                0x00002e1c                SSP_ConfigStructInit
 .text.SSP_Cmd  0x00002e64       0x7c C:\Users\aliss\Desktop\lpc1768_xpr_bb_110111\Lib_MCU\Debug\libLib_MCU.a(lpc17xx_ssp.o)
                0x00002e64                SSP_Cmd
 .text.SSP_SendData
                0x00002ee0       0x48 C:\Users\aliss\Desktop\lpc1768_xpr_bb_110111\Lib_MCU\Debug\libLib_MCU.a(lpc17xx_ssp.o)
                0x00002ee0                SSP_SendData
 .text.SSP_ReceiveData
                0x00002f28       0x44 C:\Users\aliss\Desktop\lpc1768_xpr_bb_110111\Lib_MCU\Debug\libLib_MCU.a(lpc17xx_ssp.o)
                0x00002f28                SSP_ReceiveData
 .text.SSP_ReadWrite
                0x00002f6c      0x440 C:\Users\aliss\Desktop\lpc1768_xpr_bb_110111\Lib_MCU\Debug\libLib_MCU.a(lpc17xx_ssp.o)
                0x00002f6c                SSP_ReadWrite
 .text.TIM_GetPClock
                0x000033ac       0x68 C:\Users\aliss\Desktop\lpc1768_xpr_bb_110111\Lib_MCU\Debug\libLib_MCU.a(lpc17xx_timer.o)
                0x000033ac                TIM_GetPClock
 .text.TIM_ConverUSecToVal
                0x00003414       0x64 C:\Users\aliss\Desktop\lpc1768_xpr_bb_110111\Lib_MCU\Debug\libLib_MCU.a(lpc17xx_timer.o)
                0x00003414                TIM_ConverUSecToVal
 .text.TIM_ConverPtrToTimeNum
                0x00003478       0x6c C:\Users\aliss\Desktop\lpc1768_xpr_bb_110111\Lib_MCU\Debug\libLib_MCU.a(lpc17xx_timer.o)
                0x00003478                TIM_ConverPtrToTimeNum
 .text.TIM_GetIntStatus
                0x000034e4       0xb4 C:\Users\aliss\Desktop\lpc1768_xpr_bb_110111\Lib_MCU\Debug\libLib_MCU.a(lpc17xx_timer.o)
                0x000034e4                TIM_GetIntStatus
 .text.TIM_ClearIntPending
                0x00003598       0xa0 C:\Users\aliss\Desktop\lpc1768_xpr_bb_110111\Lib_MCU\Debug\libLib_MCU.a(lpc17xx_timer.o)
                0x00003598                TIM_ClearIntPending
 .text.TIM_Init
                0x00003638      0x1bc C:\Users\aliss\Desktop\lpc1768_xpr_bb_110111\Lib_MCU\Debug\libLib_MCU.a(lpc17xx_timer.o)
                0x00003638                TIM_Init
 .text.TIM_Cmd  0x000037f4       0x78 C:\Users\aliss\Desktop\lpc1768_xpr_bb_110111\Lib_MCU\Debug\libLib_MCU.a(lpc17xx_timer.o)
                0x000037f4                TIM_Cmd
 .text.TIM_ConfigMatch
                0x0000386c      0x19c C:\Users\aliss\Desktop\lpc1768_xpr_bb_110111\Lib_MCU\Debug\libLib_MCU.a(lpc17xx_timer.o)
                0x0000386c                TIM_ConfigMatch
 .text.Timer0_Wait
                0x00003a08       0x8c C:\Users\aliss\Desktop\lpc1768_xpr_bb_110111\Lib_MCU\Debug\libLib_MCU.a(lpc17xx_timer.o)
                0x00003a08                Timer0_Wait
 .text.SystemInit
                0x00003a94      0x22c C:\Users\aliss\Desktop\lpc1768_xpr_bb_110111\Lib_CMSISv1p30_LPC17xx\Debug\libLib_CMSISv1p30_LPC17xx.a(system_LPC17xx.o)
                0x00003a94                SystemInit
 .text          0x00003cc0       0x2c c:/nxp/lpcxpresso_6.1.4_194/lpcxpresso/tools/bin/../lib/gcc/arm-none-eabi/4.6.2/armv7-m\libgcc.a(_aeabi_uldivmod.o)
                0x00003cc0                __aeabi_uldivmod
 .text          0x00003cec       0x5c c:/nxp/lpcxpresso_6.1.4_194/lpcxpresso/tools/bin/../lib/gcc/arm-none-eabi/4.6.2/armv7-m\libgcc.a(bpabi.o)
                0x00003cec                __gnu_ldivmod_helper
                0x00003d1c                __gnu_uldivmod_helper
 .text          0x00003d48        0x4 c:/nxp/lpcxpresso_6.1.4_194/lpcxpresso/tools/bin/../lib/gcc/arm-none-eabi/4.6.2/armv7-m\libgcc.a(_dvmd_tls.o)
                0x00003d48                __aeabi_idiv0
                0x00003d48                __aeabi_ldiv0
 .text          0x00003d4c      0x2c8 c:/nxp/lpcxpresso_6.1.4_194/lpcxpresso/tools/bin/../lib/gcc/arm-none-eabi/4.6.2/armv7-m\libgcc.a(_divdi3.o)
                0x00003d4c                __divdi3
 .text          0x00004014      0x298 c:/nxp/lpcxpresso_6.1.4_194/lpcxpresso/tools/bin/../lib/gcc/arm-none-eabi/4.6.2/armv7-m\libgcc.a(_udivdi3.o)
                0x00004014                __udivdi3
 .text.memset   0x000042ac       0x90 c:/nxp/lpcxpresso_6.1.4_194/lpcxpresso/tools/bin/../lib/gcc/arm-none-eabi/4.6.2/../../../../arm-none-eabi/lib/armv7-m\libc.a(lib_a-memset.o)
                0x000042ac                memset
 *(.rodata .rodata.* .constdata .constdata.*)
 .rodata        0x0000433c       0x30 ./src/main.o
 .rodata        0x0000436c        0x8 C:\Users\aliss\Desktop\lpc1768_xpr_bb_110111\Lib_EaBaseBoard\Debug\libLib_EaBaseBoard.a(oled.o)
 .rodata        0x00004374      0x300 C:\Users\aliss\Desktop\lpc1768_xpr_bb_110111\Lib_EaBaseBoard\Debug\libLib_EaBaseBoard.a(font5x7.o)
                0x00004374                font5x7
 .rodata        0x00004674       0x18 C:\Users\aliss\Desktop\lpc1768_xpr_bb_110111\Lib_MCU\Debug\libLib_MCU.a(lpc17xx_adc.o)
 .rodata        0x0000468c       0x18 C:\Users\aliss\Desktop\lpc1768_xpr_bb_110111\Lib_MCU\Debug\libLib_MCU.a(lpc17xx_i2c.o)
 .rodata        0x000046a4       0x18 C:\Users\aliss\Desktop\lpc1768_xpr_bb_110111\Lib_MCU\Debug\libLib_MCU.a(lpc17xx_ssp.o)
 .rodata        0x000046bc       0x18 C:\Users\aliss\Desktop\lpc1768_xpr_bb_110111\Lib_MCU\Debug\libLib_MCU.a(lpc17xx_timer.o)
                0x000046d4                . = ALIGN (0x4)

.glue_7         0x000046d4        0x0
 .glue_7        0x00000000        0x0 linker stubs

.glue_7t        0x000046d4        0x0
 .glue_7t       0x00000000        0x0 linker stubs

.vfp11_veneer   0x000046d4        0x0
 .vfp11_veneer  0x00000000        0x0 linker stubs

.v4_bx          0x000046d4        0x0
 .v4_bx         0x00000000        0x0 linker stubs

.ARM.extab
 *(.ARM.extab* .gnu.linkonce.armextab.*)
                0x000046d4                __exidx_start = .

.ARM.exidx      0x000046d4        0x8
 *(.ARM.exidx* .gnu.linkonce.armexidx.*)
 .ARM.exidx     0x000046d4        0x8 c:/nxp/lpcxpresso_6.1.4_194/lpcxpresso/tools/bin/../lib/gcc/arm-none-eabi/4.6.2/armv7-m\libgcc.a(_divdi3.o)
 .ARM.exidx     0x000046dc        0x0 c:/nxp/lpcxpresso_6.1.4_194/lpcxpresso/tools/bin/../lib/gcc/arm-none-eabi/4.6.2/armv7-m\libgcc.a(_udivdi3.o)
                                  0x8 (size before relaxing)
                0x000046dc                __exidx_end = .
                0x000046dc                _etext = .

.data_RAM2      0x2007c000        0x0 load address 0x000046dc
 FILL mask 0xff
 *(.data.$RAM2*)
 *(.data.$RamAHB32*)
                0x2007c000                . = ALIGN (0x4)

.uninit_RESERVED
                0x10000000        0x0
 *(.bss.$RESERVED*)
                0x10000000                . = ALIGN (0x4)
                0x10000000                _end_uninit_RESERVED = .

.data           0x10000000       0x10 load address 0x000046dc
 FILL mask 0xff
                0x10000000                _data = .
 *(vtable)
 *(.data*)
 .data          0x10000000        0x4 ./src/main.o
 .data          0x10000004        0x8 C:\Users\aliss\Desktop\lpc1768_xpr_bb_110111\Lib_EaBaseBoard\Debug\libLib_EaBaseBoard.a(light.o)
 .data          0x1000000c        0x4 C:\Users\aliss\Desktop\lpc1768_xpr_bb_110111\Lib_CMSISv1p30_LPC17xx\Debug\libLib_CMSISv1p30_LPC17xx.a(system_LPC17xx.o)
                0x1000000c                SystemCoreClock
                0x10000010                . = ALIGN (0x4)
                0x10000010                _edata = .

.bss_RAM2       0x2007c000        0x0
 *(.bss.$RAM2*)
 *(.bss.$RamAHB32*)
                0x2007c000                . = ALIGN (0x4)

.bss            0x10000010      0x38c
                0x10000010                _bss = .
 *(.bss*)
 .bss           0x10000010       0x10 ./src/main.o
                0x1000001c                Interrupt_Flag
 .bss           0x10000020       0x40 ./src/timer.o
                0x10000020                timer0_m0_counter
                0x10000024                timer1_m0_counter
                0x10000028                timer2_m0_counter
                0x1000002c                timer3_m0_counter
                0x10000030                timer0_m1_counter
                0x10000034                timer1_m1_counter
                0x10000038                timer2_m1_counter
                0x1000003c                timer3_m1_counter
                0x10000040                timer0_capture0
                0x10000044                timer1_capture0
                0x10000048                timer2_capture0
                0x1000004c                timer3_capture0
                0x10000050                timer0_capture1
                0x10000054                timer1_capture1
                0x10000058                timer2_capture1
                0x1000005c                timer3_capture1
 .bss           0x10000060      0x300 C:\Users\aliss\Desktop\lpc1768_xpr_bb_110111\Lib_EaBaseBoard\Debug\libLib_EaBaseBoard.a(oled.o)
 .bss           0x10000360       0x24 C:\Users\aliss\Desktop\lpc1768_xpr_bb_110111\Lib_MCU\Debug\libLib_MCU.a(lpc17xx_i2c.o)
 .bss           0x10000384       0x18 C:\Users\aliss\Desktop\lpc1768_xpr_bb_110111\Lib_MCU\Debug\libLib_MCU.a(lpc17xx_ssp.o)
 *(COMMON)
                0x1000039c                . = ALIGN (0x4)
                0x1000039c                _ebss = .
                0x1000039c                PROVIDE (end, .)

.noinit_RAM2    0x2007c000        0x0
 *(.noinit.$RAM2*)
 *(.noinit.$RamAHB32*)
                0x2007c000                . = ALIGN (0x4)

.noinit         0x1000039c        0x0
                0x1000039c                _noinit = .
 *(.noinit*)
                0x1000039c                . = ALIGN (0x4)
                0x1000039c                _end_noinit = .
                0x1000039c                PROVIDE (_pvHeapStart, .)
                0x10008000                PROVIDE (_vStackTop, (__top_RamLoc32 - 0x0))
OUTPUT(bnc_oled.axf elf32-littlearm)

.debug_info     0x00000000     0x63b7
 .debug_info    0x00000000      0x209 ./src/cr_startup_lpc17.o
 .debug_info    0x00000209      0x66e ./src/main.o
 .debug_info    0x00000877      0xbf4 ./src/timer.o
 .debug_info    0x0000146b      0x763 C:\Users\aliss\Desktop\lpc1768_xpr_bb_110111\Lib_EaBaseBoard\Debug\libLib_EaBaseBoard.a(light.o)
 .debug_info    0x00001bce      0x97d C:\Users\aliss\Desktop\lpc1768_xpr_bb_110111\Lib_EaBaseBoard\Debug\libLib_EaBaseBoard.a(oled.o)
 .debug_info    0x0000254b       0x65 C:\Users\aliss\Desktop\lpc1768_xpr_bb_110111\Lib_EaBaseBoard\Debug\libLib_EaBaseBoard.a(font5x7.o)
 .debug_info    0x000025b0      0x61b C:\Users\aliss\Desktop\lpc1768_xpr_bb_110111\Lib_MCU\Debug\libLib_MCU.a(lpc17xx_adc.o)
 .debug_info    0x00002bcb      0x641 C:\Users\aliss\Desktop\lpc1768_xpr_bb_110111\Lib_MCU\Debug\libLib_MCU.a(lpc17xx_clkpwr.o)
 .debug_info    0x0000320c      0xb95 C:\Users\aliss\Desktop\lpc1768_xpr_bb_110111\Lib_MCU\Debug\libLib_MCU.a(lpc17xx_gpio.o)
 .debug_info    0x00003da1      0xcc3 C:\Users\aliss\Desktop\lpc1768_xpr_bb_110111\Lib_MCU\Debug\libLib_MCU.a(lpc17xx_i2c.o)
 .debug_info    0x00004a64      0x4b1 C:\Users\aliss\Desktop\lpc1768_xpr_bb_110111\Lib_MCU\Debug\libLib_MCU.a(lpc17xx_pinsel.o)
 .debug_info    0x00004f15      0x867 C:\Users\aliss\Desktop\lpc1768_xpr_bb_110111\Lib_MCU\Debug\libLib_MCU.a(lpc17xx_ssp.o)
 .debug_info    0x0000577c      0x8e4 C:\Users\aliss\Desktop\lpc1768_xpr_bb_110111\Lib_MCU\Debug\libLib_MCU.a(lpc17xx_timer.o)
 .debug_info    0x00006060      0x357 C:\Users\aliss\Desktop\lpc1768_xpr_bb_110111\Lib_CMSISv1p30_LPC17xx\Debug\libLib_CMSISv1p30_LPC17xx.a(system_LPC17xx.o)

.debug_abbrev   0x00000000     0x140c
 .debug_abbrev  0x00000000       0xb4 ./src/cr_startup_lpc17.o
 .debug_abbrev  0x000000b4      0x1c9 ./src/main.o
 .debug_abbrev  0x0000027d      0x1ca ./src/timer.o
 .debug_abbrev  0x00000447      0x1bd C:\Users\aliss\Desktop\lpc1768_xpr_bb_110111\Lib_EaBaseBoard\Debug\libLib_EaBaseBoard.a(light.o)
 .debug_abbrev  0x00000604      0x1f1 C:\Users\aliss\Desktop\lpc1768_xpr_bb_110111\Lib_EaBaseBoard\Debug\libLib_EaBaseBoard.a(oled.o)
 .debug_abbrev  0x000007f5       0x4b C:\Users\aliss\Desktop\lpc1768_xpr_bb_110111\Lib_EaBaseBoard\Debug\libLib_EaBaseBoard.a(font5x7.o)
 .debug_abbrev  0x00000840      0x13f C:\Users\aliss\Desktop\lpc1768_xpr_bb_110111\Lib_MCU\Debug\libLib_MCU.a(lpc17xx_adc.o)
 .debug_abbrev  0x0000097f      0x174 C:\Users\aliss\Desktop\lpc1768_xpr_bb_110111\Lib_MCU\Debug\libLib_MCU.a(lpc17xx_clkpwr.o)
 .debug_abbrev  0x00000af3      0x185 C:\Users\aliss\Desktop\lpc1768_xpr_bb_110111\Lib_MCU\Debug\libLib_MCU.a(lpc17xx_gpio.o)
 .debug_abbrev  0x00000c78      0x24a C:\Users\aliss\Desktop\lpc1768_xpr_bb_110111\Lib_MCU\Debug\libLib_MCU.a(lpc17xx_i2c.o)
 .debug_abbrev  0x00000ec2      0x10a C:\Users\aliss\Desktop\lpc1768_xpr_bb_110111\Lib_MCU\Debug\libLib_MCU.a(lpc17xx_pinsel.o)
 .debug_abbrev  0x00000fcc      0x1d3 C:\Users\aliss\Desktop\lpc1768_xpr_bb_110111\Lib_MCU\Debug\libLib_MCU.a(lpc17xx_ssp.o)
 .debug_abbrev  0x0000119f      0x19f C:\Users\aliss\Desktop\lpc1768_xpr_bb_110111\Lib_MCU\Debug\libLib_MCU.a(lpc17xx_timer.o)
 .debug_abbrev  0x0000133e       0xce C:\Users\aliss\Desktop\lpc1768_xpr_bb_110111\Lib_CMSISv1p30_LPC17xx\Debug\libLib_CMSISv1p30_LPC17xx.a(system_LPC17xx.o)

.debug_loc      0x00000000     0x2412
 .debug_loc     0x00000000      0x1f0 ./src/cr_startup_lpc17.o
 .debug_loc     0x000001f0      0x17c ./src/main.o
 .debug_loc     0x0000036c      0x200 ./src/timer.o
 .debug_loc     0x0000056c      0x378 C:\Users\aliss\Desktop\lpc1768_xpr_bb_110111\Lib_EaBaseBoard\Debug\libLib_EaBaseBoard.a(light.o)
 .debug_loc     0x000008e4      0x33e C:\Users\aliss\Desktop\lpc1768_xpr_bb_110111\Lib_EaBaseBoard\Debug\libLib_EaBaseBoard.a(oled.o)
 .debug_loc     0x00000c22      0x2d8 C:\Users\aliss\Desktop\lpc1768_xpr_bb_110111\Lib_MCU\Debug\libLib_MCU.a(lpc17xx_adc.o)
 .debug_loc     0x00000efa      0x1bc C:\Users\aliss\Desktop\lpc1768_xpr_bb_110111\Lib_MCU\Debug\libLib_MCU.a(lpc17xx_clkpwr.o)
 .debug_loc     0x000010b6      0x4d0 C:\Users\aliss\Desktop\lpc1768_xpr_bb_110111\Lib_MCU\Debug\libLib_MCU.a(lpc17xx_gpio.o)
 .debug_loc     0x00001586      0x4e4 C:\Users\aliss\Desktop\lpc1768_xpr_bb_110111\Lib_MCU\Debug\libLib_MCU.a(lpc17xx_i2c.o)
 .debug_loc     0x00001a6a      0x150 C:\Users\aliss\Desktop\lpc1768_xpr_bb_110111\Lib_MCU\Debug\libLib_MCU.a(lpc17xx_pinsel.o)
 .debug_loc     0x00001bba      0x448 C:\Users\aliss\Desktop\lpc1768_xpr_bb_110111\Lib_MCU\Debug\libLib_MCU.a(lpc17xx_ssp.o)
 .debug_loc     0x00002002      0x3b8 C:\Users\aliss\Desktop\lpc1768_xpr_bb_110111\Lib_MCU\Debug\libLib_MCU.a(lpc17xx_timer.o)
 .debug_loc     0x000023ba       0x58 C:\Users\aliss\Desktop\lpc1768_xpr_bb_110111\Lib_CMSISv1p30_LPC17xx\Debug\libLib_CMSISv1p30_LPC17xx.a(system_LPC17xx.o)

.debug_aranges  0x00000000      0x690
 .debug_aranges
                0x00000000       0x70 ./src/cr_startup_lpc17.o
 .debug_aranges
                0x00000070       0x50 ./src/main.o
 .debug_aranges
                0x000000c0       0x68 ./src/timer.o
 .debug_aranges
                0x00000128       0x98 C:\Users\aliss\Desktop\lpc1768_xpr_bb_110111\Lib_EaBaseBoard\Debug\libLib_EaBaseBoard.a(light.o)
 .debug_aranges
                0x000001c0       0x90 C:\Users\aliss\Desktop\lpc1768_xpr_bb_110111\Lib_EaBaseBoard\Debug\libLib_EaBaseBoard.a(oled.o)
 .debug_aranges
                0x00000250       0x80 C:\Users\aliss\Desktop\lpc1768_xpr_bb_110111\Lib_MCU\Debug\libLib_MCU.a(lpc17xx_adc.o)
 .debug_aranges
                0x000002d0       0x60 C:\Users\aliss\Desktop\lpc1768_xpr_bb_110111\Lib_MCU\Debug\libLib_MCU.a(lpc17xx_clkpwr.o)
 .debug_aranges
                0x00000330       0xc8 C:\Users\aliss\Desktop\lpc1768_xpr_bb_110111\Lib_MCU\Debug\libLib_MCU.a(lpc17xx_gpio.o)
 .debug_aranges
                0x000003f8       0xd0 C:\Users\aliss\Desktop\lpc1768_xpr_bb_110111\Lib_MCU\Debug\libLib_MCU.a(lpc17xx_i2c.o)
 .debug_aranges
                0x000004c8       0x48 C:\Users\aliss\Desktop\lpc1768_xpr_bb_110111\Lib_MCU\Debug\libLib_MCU.a(lpc17xx_pinsel.o)
 .debug_aranges
                0x00000510       0xb8 C:\Users\aliss\Desktop\lpc1768_xpr_bb_110111\Lib_MCU\Debug\libLib_MCU.a(lpc17xx_ssp.o)
 .debug_aranges
                0x000005c8       0xa0 C:\Users\aliss\Desktop\lpc1768_xpr_bb_110111\Lib_MCU\Debug\libLib_MCU.a(lpc17xx_timer.o)
 .debug_aranges
                0x00000668       0x28 C:\Users\aliss\Desktop\lpc1768_xpr_bb_110111\Lib_CMSISv1p30_LPC17xx\Debug\libLib_CMSISv1p30_LPC17xx.a(system_LPC17xx.o)

.debug_ranges   0x00000000      0x5c0
 .debug_ranges  0x00000000       0x60 ./src/cr_startup_lpc17.o
 .debug_ranges  0x00000060       0x40 ./src/main.o
 .debug_ranges  0x000000a0       0x58 ./src/timer.o
 .debug_ranges  0x000000f8       0x88 C:\Users\aliss\Desktop\lpc1768_xpr_bb_110111\Lib_EaBaseBoard\Debug\libLib_EaBaseBoard.a(light.o)
 .debug_ranges  0x00000180       0x80 C:\Users\aliss\Desktop\lpc1768_xpr_bb_110111\Lib_EaBaseBoard\Debug\libLib_EaBaseBoard.a(oled.o)
 .debug_ranges  0x00000200       0x70 C:\Users\aliss\Desktop\lpc1768_xpr_bb_110111\Lib_MCU\Debug\libLib_MCU.a(lpc17xx_adc.o)
 .debug_ranges  0x00000270       0x50 C:\Users\aliss\Desktop\lpc1768_xpr_bb_110111\Lib_MCU\Debug\libLib_MCU.a(lpc17xx_clkpwr.o)
 .debug_ranges  0x000002c0       0xb8 C:\Users\aliss\Desktop\lpc1768_xpr_bb_110111\Lib_MCU\Debug\libLib_MCU.a(lpc17xx_gpio.o)
 .debug_ranges  0x00000378       0xc0 C:\Users\aliss\Desktop\lpc1768_xpr_bb_110111\Lib_MCU\Debug\libLib_MCU.a(lpc17xx_i2c.o)
 .debug_ranges  0x00000438       0x38 C:\Users\aliss\Desktop\lpc1768_xpr_bb_110111\Lib_MCU\Debug\libLib_MCU.a(lpc17xx_pinsel.o)
 .debug_ranges  0x00000470       0xa8 C:\Users\aliss\Desktop\lpc1768_xpr_bb_110111\Lib_MCU\Debug\libLib_MCU.a(lpc17xx_ssp.o)
 .debug_ranges  0x00000518       0x90 C:\Users\aliss\Desktop\lpc1768_xpr_bb_110111\Lib_MCU\Debug\libLib_MCU.a(lpc17xx_timer.o)
 .debug_ranges  0x000005a8       0x18 C:\Users\aliss\Desktop\lpc1768_xpr_bb_110111\Lib_CMSISv1p30_LPC17xx\Debug\libLib_CMSISv1p30_LPC17xx.a(system_LPC17xx.o)

.debug_line     0x00000000     0x4b89
 .debug_line    0x00000000      0x368 ./src/cr_startup_lpc17.o
 .debug_line    0x00000368      0x47d ./src/main.o
 .debug_line    0x000007e5      0x490 ./src/timer.o
 .debug_line    0x00000c75      0x58e C:\Users\aliss\Desktop\lpc1768_xpr_bb_110111\Lib_EaBaseBoard\Debug\libLib_EaBaseBoard.a(light.o)
 .debug_line    0x00001203      0x767 C:\Users\aliss\Desktop\lpc1768_xpr_bb_110111\Lib_EaBaseBoard\Debug\libLib_EaBaseBoard.a(oled.o)
 .debug_line    0x0000196a       0x82 C:\Users\aliss\Desktop\lpc1768_xpr_bb_110111\Lib_EaBaseBoard\Debug\libLib_EaBaseBoard.a(font5x7.o)
 .debug_line    0x000019ec      0x5ee C:\Users\aliss\Desktop\lpc1768_xpr_bb_110111\Lib_MCU\Debug\libLib_MCU.a(lpc17xx_adc.o)
 .debug_line    0x00001fda      0x4be C:\Users\aliss\Desktop\lpc1768_xpr_bb_110111\Lib_MCU\Debug\libLib_MCU.a(lpc17xx_clkpwr.o)
 .debug_line    0x00002498      0x5de C:\Users\aliss\Desktop\lpc1768_xpr_bb_110111\Lib_MCU\Debug\libLib_MCU.a(lpc17xx_gpio.o)
 .debug_line    0x00002a76      0x8f9 C:\Users\aliss\Desktop\lpc1768_xpr_bb_110111\Lib_MCU\Debug\libLib_MCU.a(lpc17xx_i2c.o)
 .debug_line    0x0000336f      0x45d C:\Users\aliss\Desktop\lpc1768_xpr_bb_110111\Lib_MCU\Debug\libLib_MCU.a(lpc17xx_pinsel.o)
 .debug_line    0x000037cc      0x82c C:\Users\aliss\Desktop\lpc1768_xpr_bb_110111\Lib_MCU\Debug\libLib_MCU.a(lpc17xx_ssp.o)
 .debug_line    0x00003ff8      0x78a C:\Users\aliss\Desktop\lpc1768_xpr_bb_110111\Lib_MCU\Debug\libLib_MCU.a(lpc17xx_timer.o)
 .debug_line    0x00004782      0x407 C:\Users\aliss\Desktop\lpc1768_xpr_bb_110111\Lib_CMSISv1p30_LPC17xx\Debug\libLib_CMSISv1p30_LPC17xx.a(system_LPC17xx.o)

.debug_macinfo  0x00000000    0x761a1
 .debug_macinfo
                0x00000000     0x2c15 ./src/cr_startup_lpc17.o
 .debug_macinfo
                0x00002c15     0xa4aa ./src/main.o
 .debug_macinfo
                0x0000d0bf     0x721c ./src/timer.o
 .debug_macinfo
                0x000142db     0x8e3a C:\Users\aliss\Desktop\lpc1768_xpr_bb_110111\Lib_EaBaseBoard\Debug\libLib_EaBaseBoard.a(light.o)
 .debug_macinfo
                0x0001d115     0xa143 C:\Users\aliss\Desktop\lpc1768_xpr_bb_110111\Lib_EaBaseBoard\Debug\libLib_EaBaseBoard.a(oled.o)
 .debug_macinfo
                0x00027258     0x332a C:\Users\aliss\Desktop\lpc1768_xpr_bb_110111\Lib_EaBaseBoard\Debug\libLib_EaBaseBoard.a(font5x7.o)
 .debug_macinfo
                0x0002a582     0xa02e C:\Users\aliss\Desktop\lpc1768_xpr_bb_110111\Lib_MCU\Debug\libLib_MCU.a(lpc17xx_adc.o)
 .debug_macinfo
                0x000345b0     0x95f9 C:\Users\aliss\Desktop\lpc1768_xpr_bb_110111\Lib_MCU\Debug\libLib_MCU.a(lpc17xx_clkpwr.o)
 .debug_macinfo
                0x0003dba9     0x86b8 C:\Users\aliss\Desktop\lpc1768_xpr_bb_110111\Lib_MCU\Debug\libLib_MCU.a(lpc17xx_gpio.o)
 .debug_macinfo
                0x00046261     0xa5d8 C:\Users\aliss\Desktop\lpc1768_xpr_bb_110111\Lib_MCU\Debug\libLib_MCU.a(lpc17xx_i2c.o)
 .debug_macinfo
                0x00050839     0x87d3 C:\Users\aliss\Desktop\lpc1768_xpr_bb_110111\Lib_MCU\Debug\libLib_MCU.a(lpc17xx_pinsel.o)
 .debug_macinfo
                0x0005900c     0xa8d0 C:\Users\aliss\Desktop\lpc1768_xpr_bb_110111\Lib_MCU\Debug\libLib_MCU.a(lpc17xx_ssp.o)
 .debug_macinfo
                0x000638dc     0xa4cd C:\Users\aliss\Desktop\lpc1768_xpr_bb_110111\Lib_MCU\Debug\libLib_MCU.a(lpc17xx_timer.o)
 .debug_macinfo
                0x0006dda9     0x83f8 C:\Users\aliss\Desktop\lpc1768_xpr_bb_110111\Lib_CMSISv1p30_LPC17xx\Debug\libLib_CMSISv1p30_LPC17xx.a(system_LPC17xx.o)

.debug_str      0x00000000     0x226a
 .debug_str     0x00000000      0x1c7 ./src/cr_startup_lpc17.o
                                0x201 (size before relaxing)
 .debug_str     0x000001c7      0x2fc ./src/main.o
                                0x41a (size before relaxing)
 .debug_str     0x000004c3      0x64e ./src/timer.o
                                0x789 (size before relaxing)
 .debug_str     0x00000b11      0x36f C:\Users\aliss\Desktop\lpc1768_xpr_bb_110111\Lib_EaBaseBoard\Debug\libLib_EaBaseBoard.a(light.o)
                                0x4fd (size before relaxing)
 .debug_str     0x00000e80      0x20b C:\Users\aliss\Desktop\lpc1768_xpr_bb_110111\Lib_EaBaseBoard\Debug\libLib_EaBaseBoard.a(oled.o)
                                0x3b5 (size before relaxing)
 .debug_str     0x0000108b       0x11 C:\Users\aliss\Desktop\lpc1768_xpr_bb_110111\Lib_EaBaseBoard\Debug\libLib_EaBaseBoard.a(font5x7.o)
                                 0xc0 (size before relaxing)
 .debug_str     0x0000109c      0x2eb C:\Users\aliss\Desktop\lpc1768_xpr_bb_110111\Lib_MCU\Debug\libLib_MCU.a(lpc17xx_adc.o)
                                0x4d2 (size before relaxing)
 .debug_str     0x00001387      0x119 C:\Users\aliss\Desktop\lpc1768_xpr_bb_110111\Lib_MCU\Debug\libLib_MCU.a(lpc17xx_clkpwr.o)
                                0x3a2 (size before relaxing)
 .debug_str     0x000014a0      0x33e C:\Users\aliss\Desktop\lpc1768_xpr_bb_110111\Lib_MCU\Debug\libLib_MCU.a(lpc17xx_gpio.o)
                                0x471 (size before relaxing)
 .debug_str     0x000017de      0x2eb C:\Users\aliss\Desktop\lpc1768_xpr_bb_110111\Lib_MCU\Debug\libLib_MCU.a(lpc17xx_i2c.o)
                                0x807 (size before relaxing)
 .debug_str     0x00001ac9      0x101 C:\Users\aliss\Desktop\lpc1768_xpr_bb_110111\Lib_MCU\Debug\libLib_MCU.a(lpc17xx_pinsel.o)
                                0x3a6 (size before relaxing)
 .debug_str     0x00001bca      0x200 C:\Users\aliss\Desktop\lpc1768_xpr_bb_110111\Lib_MCU\Debug\libLib_MCU.a(lpc17xx_ssp.o)
                                0x484 (size before relaxing)
 .debug_str     0x00001dca      0x41d C:\Users\aliss\Desktop\lpc1768_xpr_bb_110111\Lib_MCU\Debug\libLib_MCU.a(lpc17xx_timer.o)
                                0x5ba (size before relaxing)
 .debug_str     0x000021e7       0x83 C:\Users\aliss\Desktop\lpc1768_xpr_bb_110111\Lib_CMSISv1p30_LPC17xx\Debug\libLib_CMSISv1p30_LPC17xx.a(system_LPC17xx.o)
                                0x29c (size before relaxing)

.comment        0x00000000       0x70
 .comment       0x00000000       0x70 ./src/cr_startup_lpc17.o
                                 0x71 (size before relaxing)
 .comment       0x00000000       0x71 ./src/main.o
 .comment       0x00000000       0x71 ./src/timer.o
 .comment       0x00000000       0x71 C:\Users\aliss\Desktop\lpc1768_xpr_bb_110111\Lib_EaBaseBoard\Debug\libLib_EaBaseBoard.a(light.o)
 .comment       0x00000000       0x71 C:\Users\aliss\Desktop\lpc1768_xpr_bb_110111\Lib_EaBaseBoard\Debug\libLib_EaBaseBoard.a(oled.o)
 .comment       0x00000000       0x71 C:\Users\aliss\Desktop\lpc1768_xpr_bb_110111\Lib_EaBaseBoard\Debug\libLib_EaBaseBoard.a(font5x7.o)
 .comment       0x00000000       0x71 C:\Users\aliss\Desktop\lpc1768_xpr_bb_110111\Lib_MCU\Debug\libLib_MCU.a(lpc17xx_adc.o)
 .comment       0x00000000       0x71 C:\Users\aliss\Desktop\lpc1768_xpr_bb_110111\Lib_MCU\Debug\libLib_MCU.a(lpc17xx_clkpwr.o)
 .comment       0x00000000       0x71 C:\Users\aliss\Desktop\lpc1768_xpr_bb_110111\Lib_MCU\Debug\libLib_MCU.a(lpc17xx_gpio.o)
 .comment       0x00000000       0x71 C:\Users\aliss\Desktop\lpc1768_xpr_bb_110111\Lib_MCU\Debug\libLib_MCU.a(lpc17xx_i2c.o)
 .comment       0x00000000       0x71 C:\Users\aliss\Desktop\lpc1768_xpr_bb_110111\Lib_MCU\Debug\libLib_MCU.a(lpc17xx_pinsel.o)
 .comment       0x00000000       0x71 C:\Users\aliss\Desktop\lpc1768_xpr_bb_110111\Lib_MCU\Debug\libLib_MCU.a(lpc17xx_ssp.o)
 .comment       0x00000000       0x71 C:\Users\aliss\Desktop\lpc1768_xpr_bb_110111\Lib_MCU\Debug\libLib_MCU.a(lpc17xx_timer.o)
 .comment       0x00000000       0x71 C:\Users\aliss\Desktop\lpc1768_xpr_bb_110111\Lib_CMSISv1p30_LPC17xx\Debug\libLib_CMSISv1p30_LPC17xx.a(system_LPC17xx.o)

.ARM.attributes
                0x00000000       0x33
 .ARM.attributes
                0x00000000       0x33 ./src/cr_startup_lpc17.o
 .ARM.attributes
                0x00000033       0x33 ./src/main.o
 .ARM.attributes
                0x00000066       0x33 ./src/timer.o
 .ARM.attributes
                0x00000099       0x33 C:\Users\aliss\Desktop\lpc1768_xpr_bb_110111\Lib_EaBaseBoard\Debug\libLib_EaBaseBoard.a(light.o)
 .ARM.attributes
                0x000000cc       0x33 C:\Users\aliss\Desktop\lpc1768_xpr_bb_110111\Lib_EaBaseBoard\Debug\libLib_EaBaseBoard.a(oled.o)
 .ARM.attributes
                0x000000ff       0x33 C:\Users\aliss\Desktop\lpc1768_xpr_bb_110111\Lib_EaBaseBoard\Debug\libLib_EaBaseBoard.a(font5x7.o)
 .ARM.attributes
                0x00000132       0x33 C:\Users\aliss\Desktop\lpc1768_xpr_bb_110111\Lib_MCU\Debug\libLib_MCU.a(lpc17xx_adc.o)
 .ARM.attributes
                0x00000165       0x33 C:\Users\aliss\Desktop\lpc1768_xpr_bb_110111\Lib_MCU\Debug\libLib_MCU.a(lpc17xx_clkpwr.o)
 .ARM.attributes
                0x00000198       0x33 C:\Users\aliss\Desktop\lpc1768_xpr_bb_110111\Lib_MCU\Debug\libLib_MCU.a(lpc17xx_gpio.o)
 .ARM.attributes
                0x000001cb       0x33 C:\Users\aliss\Desktop\lpc1768_xpr_bb_110111\Lib_MCU\Debug\libLib_MCU.a(lpc17xx_i2c.o)
 .ARM.attributes
                0x000001fe       0x33 C:\Users\aliss\Desktop\lpc1768_xpr_bb_110111\Lib_MCU\Debug\libLib_MCU.a(lpc17xx_pinsel.o)
 .ARM.attributes
                0x00000231       0x33 C:\Users\aliss\Desktop\lpc1768_xpr_bb_110111\Lib_MCU\Debug\libLib_MCU.a(lpc17xx_ssp.o)
 .ARM.attributes
                0x00000264       0x33 C:\Users\aliss\Desktop\lpc1768_xpr_bb_110111\Lib_MCU\Debug\libLib_MCU.a(lpc17xx_timer.o)
 .ARM.attributes
                0x00000297       0x33 C:\Users\aliss\Desktop\lpc1768_xpr_bb_110111\Lib_CMSISv1p30_LPC17xx\Debug\libLib_CMSISv1p30_LPC17xx.a(system_LPC17xx.o)
 .ARM.attributes
                0x000002ca       0x1d c:/nxp/lpcxpresso_6.1.4_194/lpcxpresso/tools/bin/../lib/gcc/arm-none-eabi/4.6.2/armv7-m\libgcc.a(_aeabi_uldivmod.o)
 .ARM.attributes
                0x000002e7       0x2d c:/nxp/lpcxpresso_6.1.4_194/lpcxpresso/tools/bin/../lib/gcc/arm-none-eabi/4.6.2/armv7-m\libgcc.a(bpabi.o)
 .ARM.attributes
                0x00000314       0x1d c:/nxp/lpcxpresso_6.1.4_194/lpcxpresso/tools/bin/../lib/gcc/arm-none-eabi/4.6.2/armv7-m\libgcc.a(_dvmd_tls.o)
 .ARM.attributes
                0x00000331       0x2d c:/nxp/lpcxpresso_6.1.4_194/lpcxpresso/tools/bin/../lib/gcc/arm-none-eabi/4.6.2/armv7-m\libgcc.a(_divdi3.o)
 .ARM.attributes
                0x0000035e       0x2d c:/nxp/lpcxpresso_6.1.4_194/lpcxpresso/tools/bin/../lib/gcc/arm-none-eabi/4.6.2/armv7-m\libgcc.a(_udivdi3.o)
 .ARM.attributes
                0x0000038b       0x2d c:/nxp/lpcxpresso_6.1.4_194/lpcxpresso/tools/bin/../lib/gcc/arm-none-eabi/4.6.2/../../../../arm-none-eabi/lib/armv7-m\libc.a(lib_a-memset.o)

.debug_frame    0x00000000     0x15ec
 .debug_frame   0x00000000      0x120 ./src/cr_startup_lpc17.o
 .debug_frame   0x00000120       0xe8 ./src/main.o
 .debug_frame   0x00000208      0x11c ./src/timer.o
 .debug_frame   0x00000324      0x208 C:\Users\aliss\Desktop\lpc1768_xpr_bb_110111\Lib_EaBaseBoard\Debug\libLib_EaBaseBoard.a(light.o)
 .debug_frame   0x0000052c      0x1ec C:\Users\aliss\Desktop\lpc1768_xpr_bb_110111\Lib_EaBaseBoard\Debug\libLib_EaBaseBoard.a(oled.o)
 .debug_frame   0x00000718      0x1ac C:\Users\aliss\Desktop\lpc1768_xpr_bb_110111\Lib_MCU\Debug\libLib_MCU.a(lpc17xx_adc.o)
 .debug_frame   0x000008c4      0x10c C:\Users\aliss\Desktop\lpc1768_xpr_bb_110111\Lib_MCU\Debug\libLib_MCU.a(lpc17xx_clkpwr.o)
 .debug_frame   0x000009d0      0x2c4 C:\Users\aliss\Desktop\lpc1768_xpr_bb_110111\Lib_MCU\Debug\libLib_MCU.a(lpc17xx_gpio.o)
 .debug_frame   0x00000c94      0x2c8 C:\Users\aliss\Desktop\lpc1768_xpr_bb_110111\Lib_MCU\Debug\libLib_MCU.a(lpc17xx_i2c.o)
 .debug_frame   0x00000f5c       0xbc C:\Users\aliss\Desktop\lpc1768_xpr_bb_110111\Lib_MCU\Debug\libLib_MCU.a(lpc17xx_pinsel.o)
 .debug_frame   0x00001018      0x280 C:\Users\aliss\Desktop\lpc1768_xpr_bb_110111\Lib_MCU\Debug\libLib_MCU.a(lpc17xx_ssp.o)
 .debug_frame   0x00001298      0x228 C:\Users\aliss\Desktop\lpc1768_xpr_bb_110111\Lib_MCU\Debug\libLib_MCU.a(lpc17xx_timer.o)
 .debug_frame   0x000014c0       0x48 C:\Users\aliss\Desktop\lpc1768_xpr_bb_110111\Lib_CMSISv1p30_LPC17xx\Debug\libLib_CMSISv1p30_LPC17xx.a(system_LPC17xx.o)
 .debug_frame   0x00001508       0x50 c:/nxp/lpcxpresso_6.1.4_194/lpcxpresso/tools/bin/../lib/gcc/arm-none-eabi/4.6.2/armv7-m\libgcc.a(bpabi.o)
 .debug_frame   0x00001558       0x34 c:/nxp/lpcxpresso_6.1.4_194/lpcxpresso/tools/bin/../lib/gcc/arm-none-eabi/4.6.2/armv7-m\libgcc.a(_divdi3.o)
 .debug_frame   0x0000158c       0x34 c:/nxp/lpcxpresso_6.1.4_194/lpcxpresso/tools/bin/../lib/gcc/arm-none-eabi/4.6.2/armv7-m\libgcc.a(_udivdi3.o)
 .debug_frame   0x000015c0       0x2c c:/nxp/lpcxpresso_6.1.4_194/lpcxpresso/tools/bin/../lib/gcc/arm-none-eabi/4.6.2/../../../../arm-none-eabi/lib/armv7-m\libc.a(lib_a-memset.o)
